/Users/j93es/STM32CubeIDE/workspace_1.13.1/Nucleo-Linetracer/External Library/Inc/custom_delay.h:20:22:Custom_Delay_us	16	static
/Users/j93es/STM32CubeIDE/workspace_1.13.1/Nucleo-Linetracer/External Library/Inc/custom_delay.h:28:22:Custom_Delay_ms	16	static
/Users/j93es/STM32CubeIDE/workspace_1.13.1/Nucleo-Linetracer/Main/Inc/drive_speed_ctrl.h:79:22:Drive_Fit_In	16	static
/Users/j93es/STM32CubeIDE/workspace_1.13.1/Nucleo-Linetracer/Main/Inc/drive_speed_ctrl.h:89:25:Is_Drive_End	8	static
/Users/j93es/STM32CubeIDE/workspace_1.13.1/Nucleo-Linetracer/Main/Inc/drive_state_machine.h:17:25:Get_Line_Sensor_Cnt	4	static
/Users/j93es/STM32CubeIDE/workspace_1.13.1/Nucleo-Linetracer/Main/Inc/drive_state_machine.h:24:25:Get_Marker_Sensor_Cnt	4	static
/Users/j93es/STM32CubeIDE/workspace_1.13.1/Nucleo-Linetracer/Main/Inc/drive_state_machine.h:33:22:Decision	16	static
/Users/j93es/STM32CubeIDE/workspace_1.13.1/Nucleo-Linetracer/Main/Inc/drive_state_machine.h:86:22:Drive_State_Machine	8	static
../Main/Src/second_drive.c:20:6:Second_Drive	16	static
../Main/Src/second_drive.c:67:22:Second_Drive_Ctrl	8	static
../Main/Src/second_drive.c:95:22:Set_Second_Drive_Data	4	static
../Main/Src/second_drive.c:136:22:Second_Drive_Boost	8	static
../Main/Src/second_drive.c:205:22:Second_Drive_Restore_Mark	4	static
../Main/Src/second_drive.c:226:25:Is_Decele	4	static
