../Drivers/STM32F4xx_HAL_Driver/Inc/stm32f4xx_ll_tim.h:1124:22:LL_TIM_EnableCounter	16	static
../Drivers/STM32F4xx_HAL_Driver/Inc/stm32f4xx_ll_tim.h:1135:22:LL_TIM_DisableCounter	16	static
../Drivers/STM32F4xx_HAL_Driver/Inc/stm32f4xx_ll_tim.h:3457:22:LL_TIM_EnableIT_UPDATE	16	static
../Drivers/STM32F4xx_HAL_Driver/Inc/stm32f4xx_ll_tim.h:3468:22:LL_TIM_DisableIT_UPDATE	16	static
/Users/hoya/STM32CubeIDE/workspace_1.12.1/nucleo-linetracer/src/External Library/Inc/custom_gpio.h:54:20:Custom_GPIO_Set_t	16	static
../Main/Src/motor.c:30:6:Motor_Start	8	static
../Main/Src/motor.c:38:6:Motor_Stop	16	static
../Main/Src/motor.c:51:6:Motor_L_TIM3_IRQ	4	static
../Main/Src/motor.c:56:6:Motor_R_TIM4_IRQ	4	static
../Main/Src/motor.c:61:6:Motor_Test_Phase	4	static
../Main/Src/motor.c:69:6:Motor_Test_Velocity	8	static
