../Drivers/STM32F4xx_HAL_Driver/Inc/stm32f4xx_ll_adc.h:3867:22:LL_ADC_Enable	16	static
../Drivers/STM32F4xx_HAL_Driver/Inc/stm32f4xx_ll_adc.h:3878:22:LL_ADC_Disable	16	static
../Drivers/STM32F4xx_HAL_Driver/Inc/stm32f4xx_ll_tim.h:1124:22:LL_TIM_EnableCounter	16	static
../Drivers/STM32F4xx_HAL_Driver/Inc/stm32f4xx_ll_tim.h:1135:22:LL_TIM_DisableCounter	16	static
../Drivers/STM32F4xx_HAL_Driver/Inc/stm32f4xx_ll_tim.h:3457:22:LL_TIM_EnableIT_UPDATE	16	static
../Drivers/STM32F4xx_HAL_Driver/Inc/stm32f4xx_ll_tim.h:3468:22:LL_TIM_DisableIT_UPDATE	16	static
/Users/hoya/STM32CubeIDE/workspace_1.12.1/nucleo-linetracer/src/External Library/Inc/custom_delay.h:16:22:Custom_Delay_us	16	static
/Users/hoya/STM32CubeIDE/workspace_1.12.1/nucleo-linetracer/src/External Library/Inc/custom_delay.h:24:22:Custom_Delay_ms	16	static
../Main/Src/sensor.c:14:6:Sensor_Start	8	static
../Main/Src/sensor.c:22:6:Sensor_Stop	8	static
../Main/Src/sensor.c:39:6:Sensor_TIM5_IRQ	4	static
../Main/Src/sensor.c:67:6:Sensor_Test_Raw	8	static
../Main/Src/sensor.c:74:6:Sensor_Calibration	8	static
../Main/Src/sensor.c:89:6:Sensor_Test_Normalized	8	static
../Main/Src/sensor.c:96:6:Sensor_Test_State	8	static
