Archive member included to satisfy reference by file (symbol)

/Applications/STM32CubeIDE.app/Contents/Eclipse/plugins/com.st.stm32cube.ide.mcu.externaltools.gnu-tools-for-stm32.11.3.rel1.macos64_1.1.0.202305231506/tools/bin/../lib/gcc/arm-none-eabi/11.3.1/../../../../arm-none-eabi/lib/thumb/v7e-m+fp/hard/libc_nano.a(libc_a-exit.o)
                              /Applications/STM32CubeIDE.app/Contents/Eclipse/plugins/com.st.stm32cube.ide.mcu.externaltools.gnu-tools-for-stm32.11.3.rel1.macos64_1.1.0.202305231506/tools/bin/../lib/gcc/arm-none-eabi/11.3.1/../../../../arm-none-eabi/lib/thumb/v7e-m+fp/hard/crt0.o (exit)
/Applications/STM32CubeIDE.app/Contents/Eclipse/plugins/com.st.stm32cube.ide.mcu.externaltools.gnu-tools-for-stm32.11.3.rel1.macos64_1.1.0.202305231506/tools/bin/../lib/gcc/arm-none-eabi/11.3.1/../../../../arm-none-eabi/lib/thumb/v7e-m+fp/hard/libc_nano.a(libc_a-nano-vfprintf_float.o)
                              (_printf_float)
/Applications/STM32CubeIDE.app/Contents/Eclipse/plugins/com.st.stm32cube.ide.mcu.externaltools.gnu-tools-for-stm32.11.3.rel1.macos64_1.1.0.202305231506/tools/bin/../lib/gcc/arm-none-eabi/11.3.1/../../../../arm-none-eabi/lib/thumb/v7e-m+fp/hard/libc_nano.a(libc_a-nano-vfprintf_i.o)
                              /Applications/STM32CubeIDE.app/Contents/Eclipse/plugins/com.st.stm32cube.ide.mcu.externaltools.gnu-tools-for-stm32.11.3.rel1.macos64_1.1.0.202305231506/tools/bin/../lib/gcc/arm-none-eabi/11.3.1/../../../../arm-none-eabi/lib/thumb/v7e-m+fp/hard/libc_nano.a(libc_a-nano-vfprintf_float.o) (_printf_common)
/Applications/STM32CubeIDE.app/Contents/Eclipse/plugins/com.st.stm32cube.ide.mcu.externaltools.gnu-tools-for-stm32.11.3.rel1.macos64_1.1.0.202305231506/tools/bin/../lib/gcc/arm-none-eabi/11.3.1/../../../../arm-none-eabi/lib/thumb/v7e-m+fp/hard/libc_nano.a(libc_a-sprintf.o)
                              ./External Library/Src/custom_exception.o (sprintf)
/Applications/STM32CubeIDE.app/Contents/Eclipse/plugins/com.st.stm32cube.ide.mcu.externaltools.gnu-tools-for-stm32.11.3.rel1.macos64_1.1.0.202305231506/tools/bin/../lib/gcc/arm-none-eabi/11.3.1/../../../../arm-none-eabi/lib/thumb/v7e-m+fp/hard/libc_nano.a(libc_a-findfp.o)
                              /Applications/STM32CubeIDE.app/Contents/Eclipse/plugins/com.st.stm32cube.ide.mcu.externaltools.gnu-tools-for-stm32.11.3.rel1.macos64_1.1.0.202305231506/tools/bin/../lib/gcc/arm-none-eabi/11.3.1/../../../../arm-none-eabi/lib/thumb/v7e-m+fp/hard/libc_nano.a(libc_a-exit.o) (__stdio_exit_handler)
/Applications/STM32CubeIDE.app/Contents/Eclipse/plugins/com.st.stm32cube.ide.mcu.externaltools.gnu-tools-for-stm32.11.3.rel1.macos64_1.1.0.202305231506/tools/bin/../lib/gcc/arm-none-eabi/11.3.1/../../../../arm-none-eabi/lib/thumb/v7e-m+fp/hard/libc_nano.a(libc_a-fwalk.o)
                              /Applications/STM32CubeIDE.app/Contents/Eclipse/plugins/com.st.stm32cube.ide.mcu.externaltools.gnu-tools-for-stm32.11.3.rel1.macos64_1.1.0.202305231506/tools/bin/../lib/gcc/arm-none-eabi/11.3.1/../../../../arm-none-eabi/lib/thumb/v7e-m+fp/hard/libc_nano.a(libc_a-findfp.o) (_fwalk_sglue)
/Applications/STM32CubeIDE.app/Contents/Eclipse/plugins/com.st.stm32cube.ide.mcu.externaltools.gnu-tools-for-stm32.11.3.rel1.macos64_1.1.0.202305231506/tools/bin/../lib/gcc/arm-none-eabi/11.3.1/../../../../arm-none-eabi/lib/thumb/v7e-m+fp/hard/libc_nano.a(libc_a-vsprintf.o)
                              ./External Library/Src/custom_oled.o (vsprintf)
/Applications/STM32CubeIDE.app/Contents/Eclipse/plugins/com.st.stm32cube.ide.mcu.externaltools.gnu-tools-for-stm32.11.3.rel1.macos64_1.1.0.202305231506/tools/bin/../lib/gcc/arm-none-eabi/11.3.1/../../../../arm-none-eabi/lib/thumb/v7e-m+fp/hard/libc_nano.a(libc_a-memset.o)
                              /Applications/STM32CubeIDE.app/Contents/Eclipse/plugins/com.st.stm32cube.ide.mcu.externaltools.gnu-tools-for-stm32.11.3.rel1.macos64_1.1.0.202305231506/tools/bin/../lib/gcc/arm-none-eabi/11.3.1/../../../../arm-none-eabi/lib/thumb/v7e-m+fp/hard/crt0.o (memset)
/Applications/STM32CubeIDE.app/Contents/Eclipse/plugins/com.st.stm32cube.ide.mcu.externaltools.gnu-tools-for-stm32.11.3.rel1.macos64_1.1.0.202305231506/tools/bin/../lib/gcc/arm-none-eabi/11.3.1/../../../../arm-none-eabi/lib/thumb/v7e-m+fp/hard/libc_nano.a(libc_a-localeconv.o)
                              /Applications/STM32CubeIDE.app/Contents/Eclipse/plugins/com.st.stm32cube.ide.mcu.externaltools.gnu-tools-for-stm32.11.3.rel1.macos64_1.1.0.202305231506/tools/bin/../lib/gcc/arm-none-eabi/11.3.1/../../../../arm-none-eabi/lib/thumb/v7e-m+fp/hard/libc_nano.a(libc_a-nano-vfprintf_float.o) (_localeconv_r)
/Applications/STM32CubeIDE.app/Contents/Eclipse/plugins/com.st.stm32cube.ide.mcu.externaltools.gnu-tools-for-stm32.11.3.rel1.macos64_1.1.0.202305231506/tools/bin/../lib/gcc/arm-none-eabi/11.3.1/../../../../arm-none-eabi/lib/thumb/v7e-m+fp/hard/libc_nano.a(libc_a-impure.o)
[...]
Memory Configuration

Name             Origin             Length             Attributes
RAM              0x0000000020000000 0x0000000000020000 xrw
FLASH            0x0000000008000000 0x0000000000080000 xr
*default*        0x0000000000000000 0xffffffffffffffff

Linker script and memory map

LOAD /Applications/STM32CubeIDE.app/Contents/Eclipse/plugins/com.st.stm32cube.ide.mcu.externaltools.gnu-tools-for-stm32.11.3.rel1.macos64_1.1.0.202305231506/tools/bin/../lib/gcc/arm-none-eabi/11.3.1/thumb/v7e-m+fp/hard/crti.o
LOAD /Applications/STM32CubeIDE.app/Contents/Eclipse/plugins/com.st.stm32cube.ide.mcu.externaltools.gnu-tools-for-stm32.11.3.rel1.macos64_1.1.0.202305231506/tools/bin/../lib/gcc/arm-none-eabi/11.3.1/thumb/v7e-m+fp/hard/crtbegin.o
LOAD /Applications/STM32CubeIDE.app/Contents/Eclipse/plugins/com.st.stm32cube.ide.mcu.externaltools.gnu-tools-for-stm32.11.3.rel1.macos64_1.1.0.202305231506/tools/bin/../lib/gcc/arm-none-eabi/11.3.1/../../../../arm-none-eabi/lib/thumb/v7e-m+fp/hard/crt0.o
LOAD ./Core/Src/main.o
LOAD ./Core/Src/stm32f4xx_it.o
LOAD ./Core/Src/syscalls.o
LOAD ./Core/Src/sysmem.o
LOAD ./Core/Src/system_stm32f4xx.o
LOAD ./Core/Startup/startup_stm32f411retx.o
LOAD ./Drivers/STM32F4xx_HAL_Driver/Src/stm32f4xx_ll_adc.o
LOAD ./Drivers/STM32F4xx_HAL_Driver/Src/stm32f4xx_ll_dma.o
LOAD ./Drivers/STM32F4xx_HAL_Driver/Src/stm32f4xx_ll_exti.o
LOAD ./Drivers/STM32F4xx_HAL_Driver/Src/stm32f4xx_ll_gpio.o
LOAD ./Drivers/STM32F4xx_HAL_Driver/Src/stm32f4xx_ll_i2c.o
LOAD ./Drivers/STM32F4xx_HAL_Driver/Src/stm32f4xx_ll_rcc.o
LOAD ./Drivers/STM32F4xx_HAL_Driver/Src/stm32f4xx_ll_spi.o
LOAD ./Drivers/STM32F4xx_HAL_Driver/Src/stm32f4xx_ll_tim.o
LOAD ./Drivers/STM32F4xx_HAL_Driver/Src/stm32f4xx_ll_usart.o
LOAD ./Drivers/STM32F4xx_HAL_Driver/Src/stm32f4xx_ll_utils.o
LOAD ./External Library/Src/custom_exception.o
LOAD ./External Library/Src/custom_filesystem.o
LOAD ./External Library/Src/custom_flash.o
LOAD ./External Library/Src/custom_oled.o
LOAD ./External Library/Src/custom_switch.o
LOAD ./Main/Src/drive_first.o
LOAD ./Main/Src/drive_preset.o
LOAD ./Main/Src/drive_tools.o
LOAD ./Main/Src/init.o
LOAD ./Main/Src/linetracer_test.o
LOAD ./Main/Src/motor.o
LOAD ./Main/Src/sensor.o
START GROUP
LOAD /Applications/STM32CubeIDE.app/Contents/Eclipse/plugins/com.st.stm32cube.ide.mcu.externaltools.gnu-tools-for-stm32.11.3.rel1.macos64_1.1.0.202305231506/tools/bin/../lib/gcc/arm-none-eabi/11.3.1/../../../../arm-none-eabi/lib/thumb/v7e-m+fp/hard/libc_nano.a
LOAD /Applications/STM32CubeIDE.app/Contents/Eclipse/plugins/com.st.stm32cube.ide.mcu.externaltools.gnu-tools-for-stm32.11.3.rel1.macos64_1.1.0.202305231506/tools/bin/../lib/gcc/arm-none-eabi/11.3.1/../../../../arm-none-eabi/lib/thumb/v7e-m+fp/hard/libm.a
END GROUP
START GROUP
LOAD /Applications/STM32CubeIDE.app/Contents/Eclipse/plugins/com.st.stm32cube.ide.mcu.externaltools.gnu-tools-for-stm32.11.3.rel1.macos64_1.1.0.202305231506/tools/bin/../lib/gcc/arm-none-eabi/11.3.1/thumb/v7e-m+fp/hard/libgcc.a
LOAD /Applications/STM32CubeIDE.app/Contents/Eclipse/plugins/com.st.stm32cube.ide.mcu.externaltools.gnu-tools-for-stm32.11.3.rel1.macos64_1.1.0.202305231506/tools/bin/../lib/gcc/arm-none-eabi/11.3.1/../../../../arm-none-eabi/lib/thumb/v7e-m+fp/hard/libc_nano.a
END GROUP
START GROUP
LOAD /Applications/STM32CubeIDE.app/Contents/Eclipse/plugins/com.st.stm32cube.ide.mcu.externaltools.gnu-tools-for-stm32.11.3.rel1.macos64_1.1.0.202305231506/tools/bin/../lib/gcc/arm-none-eabi/11.3.1/thumb/v7e-m+fp/hard/libgcc.a
LOAD /Applications/STM32CubeIDE.app/Contents/Eclipse/plugins/com.st.stm32cube.ide.mcu.externaltools.gnu-tools-for-stm32.11.3.rel1.macos64_1.1.0.202305231506/tools/bin/../lib/gcc/arm-none-eabi/11.3.1/../../../../arm-none-eabi/lib/thumb/v7e-m+fp/hard/libc_nano.a
LOAD /Applications/STM32CubeIDE.app/Contents/Eclipse/plugins/com.st.stm32cube.ide.mcu.externaltools.gnu-tools-for-stm32.11.3.rel1.macos64_1.1.0.202305231506/tools/bin/../lib/gcc/arm-none-eabi/11.3.1/../../../../arm-none-eabi/lib/thumb/v7e-m+fp/hard/libnosys.a
END GROUP
START GROUP
LOAD /Applications/STM32CubeIDE.app/Contents/Eclipse/plugins/com.st.stm32cube.ide.mcu.externaltools.gnu-tools-for-stm32.11.3.rel1.macos64_1.1.0.202305231506/tools/bin/../lib/gcc/arm-none-eabi/11.3.1/thumb/v7e-m+fp/hard/libgcc.a
LOAD /Applications/STM32CubeIDE.app/Contents/Eclipse/plugins/com.st.stm32cube.ide.mcu.externaltools.gnu-tools-for-stm32.11.3.rel1.macos64_1.1.0.202305231506/tools/bin/../lib/gcc/arm-none-eabi/11.3.1/../../../../arm-none-eabi/lib/thumb/v7e-m+fp/hard/libc_nano.a
LOAD /Applications/STM32CubeIDE.app/Contents/Eclipse/plugins/com.st.stm32cube.ide.mcu.externaltools.gnu-tools-for-stm32.11.3.rel1.macos64_1.1.0.202305231506/tools/bin/../lib/gcc/arm-none-eabi/11.3.1/../../../../arm-none-eabi/lib/thumb/v7e-m+fp/hard/libnosys.a
END GROUP
LOAD /Applications/STM32CubeIDE.app/Contents/Eclipse/plugins/com.st.stm32cube.ide.mcu.externaltools.gnu-tools-for-stm32.11.3.rel1.macos64_1.1.0.202305231506/tools/bin/../lib/gcc/arm-none-eabi/11.3.1/thumb/v7e-m+fp/hard/crtend.o
LOAD /Applications/STM32CubeIDE.app/Contents/Eclipse/plugins/com.st.stm32cube.ide.mcu.externaltools.gnu-tools-for-stm32.11.3.rel1.macos64_1.1.0.202305231506/tools/bin/../lib/gcc/arm-none-eabi/11.3.1/thumb/v7e-m+fp/hard/crtn.o
                0x0000000020020000                _estack = (ORIGIN (RAM) + LENGTH (RAM))
                0x0000000000000200                _Min_Heap_Size = 0x200
                0x0000000000000400                _Min_Stack_Size = 0x400

.isr_vector     0x0000000008000000      0x198
                0x0000000008000000                . = ALIGN (0x4)
 *(.isr_vector)
 .isr_vector    0x0000000008000000      0x198 ./Core/Startup/startup_stm32f411retx.o
                0x0000000008000000                g_pfnVectors
                0x0000000008000198                . = ALIGN (0x4)

.text           0x00000000080001a0     0x8d30
                0x00000000080001a0                . = ALIGN (0x4)
 *(.text)
 .text          0x00000000080001a0       0x40 /Applications/STM32CubeIDE.app/Contents/Eclipse/plugins/com.st.stm32cube.ide.mcu.externaltools.gnu-tools-for-stm32.11.3.rel1.macos64_1.1.0.202305231506/tools/bin/../lib/gcc/arm-none-eabi/11.3.1/thumb/v7e-m+fp/hard/crtbegin.o
 .text          0x00000000080001e0       0xa0 /Applications/STM32CubeIDE.app/Contents/Eclipse/plugins/com.st.stm32cube.ide.mcu.externaltools.gnu-tools-for-stm32.11.3.rel1.macos64_1.1.0.202305231506/tools/bin/../lib/gcc/arm-none-eabi/11.3.1/../../../../arm-none-eabi/lib/thumb/v7e-m+fp/hard/libc_nano.a(libc_a-memchr.o)
                0x00000000080001e0                memchr
 .text          0x0000000008000280       0x10 /Applications/STM32CubeIDE.app/Contents/Eclipse/plugins/com.st.stm32cube.ide.mcu.externaltools.gnu-tools-for-stm32.11.3.rel1.macos64_1.1.0.202305231506/tools/bin/../lib/gcc/arm-none-eabi/11.3.1/../../../../arm-none-eabi/lib/thumb/v7e-m+fp/hard/libc_nano.a(libc_a-strlen.o)
                0x0000000008000280                strlen
 .text          0x0000000008000290      0x378 /Applications/STM32CubeIDE.app/Contents/Eclipse/plugins/com.st.stm32cube.ide.mcu.externaltools.gnu-tools-for-stm32.11.3.rel1.macos64_1.1.0.202305231506/tools/bin/../lib/gcc/arm-none-eabi/11.3.1/thumb/v7e-m+fp/hard/libgcc.a(_arm_addsubdf3.o)
                0x0000000008000290                __aeabi_drsub
                0x0000000008000298                __subdf3
                0x0000000008000298                __aeabi_dsub
                0x000000000800029c                __aeabi_dadd
                0x000000000800029c                __adddf3
                0x0000000008000514                __aeabi_ui2d
                0x0000000008000514                __floatunsidf
                0x0000000008000534                __floatsidf
                0x0000000008000534                __aeabi_i2d
                0x0000000008000558                __extendsfdf2
                0x0000000008000558                __aeabi_f2d
                0x000000000800059c                __aeabi_ul2d
                0x000000000800059c                __floatundidf
                0x00000000080005ac                __aeabi_l2d
                0x00000000080005ac                __floatdidf
 .text          0x0000000008000608      0x424 /Applications/STM32CubeIDE.app/Contents/Eclipse/plugins/com.st.stm32cube.ide.mcu.externaltools.gnu-tools-for-stm32.11.3.rel1.macos64_1.1.0.202305231506/tools/bin/../lib/gcc/arm-none-eabi/11.3.1/thumb/v7e-m+fp/hard/libgcc.a(_arm_muldivdf3.o)
                0x0000000008000608                __aeabi_dmul
                0x0000000008000608                __muldf3
                0x000000000800085c                __aeabi_ddiv
                0x000000000800085c                __divdf3
 .text          0x0000000008000a2c      0x110 /Applications/STM32CubeIDE.app/Contents/Eclipse/plugins/com.st.stm32cube.ide.mcu.externaltools.gnu-tools-for-stm32.11.3.rel1.macos64_1.1.0.202305231506/tools/bin/../lib/gcc/arm-none-eabi/11.3.1/thumb/v7e-m+fp/hard/libgcc.a(_arm_cmpdf2.o)
                0x0000000008000a2c                __gedf2
                0x0000000008000a2c                __gtdf2
                0x0000000008000a34                __ledf2
                0x0000000008000a34                __ltdf2
                0x0000000008000a3c                __cmpdf2
                0x0000000008000a3c                __eqdf2
                0x0000000008000a3c                __nedf2
                0x0000000008000ab8                __aeabi_cdrcmple
                0x0000000008000ac8                __aeabi_cdcmple
                0x0000000008000ac8                __aeabi_cdcmpeq
                0x0000000008000ad8                __aeabi_dcmpeq
                0x0000000008000aec                __aeabi_dcmplt
                0x0000000008000b00                __aeabi_dcmple
                0x0000000008000b14                __aeabi_dcmpge
                0x0000000008000b28                __aeabi_dcmpgt
 .text          0x0000000008000b3c       0x2c /Applications/STM32CubeIDE.app/Contents/Eclipse/plugins/com.st.stm32cube.ide.mcu.externaltools.gnu-tools-for-stm32.11.3.rel1.macos64_1.1.0.202305231506/tools/bin/../lib/gcc/arm-none-eabi/11.3.1/thumb/v7e-m+fp/hard/libgcc.a(_arm_unorddf2.o)
                0x0000000008000b3c                __aeabi_dcmpun
                0x0000000008000b3c                __unorddf2
 .text          0x0000000008000b68       0x50 /Applications/STM32CubeIDE.app/Contents/Eclipse/plugins/com.st.stm32cube.ide.mcu.externaltools.gnu-tools-for-stm32.11.3.rel1.macos64_1.1.0.202305231506/tools/bin/../lib/gcc/arm-none-eabi/11.3.1/thumb/v7e-m+fp/hard/libgcc.a(_arm_fixdfsi.o)
                0x0000000008000b68                __fixdfsi
                0x0000000008000b68                __aeabi_d2iz
 .text          0x0000000008000bb8       0x30 /Applications/STM32CubeIDE.app/Contents/Eclipse/plugins/com.st.stm32cube.ide.mcu.externaltools.gnu-tools-for-stm32.11.3.rel1.macos64_1.1.0.202305231506/tools/bin/../lib/gcc/arm-none-eabi/11.3.1/thumb/v7e-m+fp/hard/libgcc.a(_aeabi_uldivmod.o)
                0x0000000008000bb8                __aeabi_uldivmod
 .text          0x0000000008000be8      0x2c8 /Applications/STM32CubeIDE.app/Contents/Eclipse/plugins/com.st.stm32cube.ide.mcu.externaltools.gnu-tools-for-stm32.11.3.rel1.macos64_1.1.0.202305231506/tools/bin/../lib/gcc/arm-none-eabi/11.3.1/thumb/v7e-m+fp/hard/libgcc.a(_udivmoddi4.o)
                0x0000000008000be8                __udivmoddi4
 .text          0x0000000008000eb0        0x4 /Applications/STM32CubeIDE.app/Contents/Eclipse/plugins/com.st.stm32cube.ide.mcu.externaltools.gnu-tools-for-stm32.11.3.rel1.macos64_1.1.0.202305231506/tools/bin/../lib/gcc/arm-none-eabi/11.3.1/thumb/v7e-m+fp/hard/libgcc.a(_dvmd_tls.o)
                0x0000000008000eb0                __aeabi_ldiv0
                0x0000000008000eb0                __aeabi_idiv0
 *(.text*)
 .text.__NVIC_SetPriorityGrouping
                0x0000000008000eb4       0x48 ./Core/Src/main.o
 .text.__NVIC_GetPriorityGrouping
                0x0000000008000efc       0x1c ./Core/Src/main.o
 .text.__NVIC_EnableIRQ
                0x0000000008000f18       0x3c ./Core/Src/main.o
 .text.__NVIC_SetPriority
                0x0000000008000f54       0x54 ./Core/Src/main.o
 .text.NVIC_EncodePriority
                0x0000000008000fa8       0x66 ./Core/Src/main.o
 .text.LL_ADC_REG_SetSequencerRanks
                0x000000000800100e       0x6c ./Core/Src/main.o
 .text.LL_ADC_REG_SetFlagEndOfConversion
                0x000000000800107a       0x26 ./Core/Src/main.o
 .text.LL_ADC_SetChannelSamplingTime
                0x00000000080010a0       0x98 ./Core/Src/main.o
 .text.LL_I2C_EnableClockStretching
                0x0000000008001138       0x20 ./Core/Src/main.o
 .text.LL_I2C_DisableGeneralCall
                0x0000000008001158       0x20 ./Core/Src/main.o
 .text.LL_I2C_SetOwnAddress2
                0x0000000008001178       0x26 ./Core/Src/main.o
 .text.LL_I2C_DisableOwnAddress2
                0x000000000800119e       0x20 ./Core/Src/main.o
 *fill*         0x00000000080011be        0x2 
 .text.LL_RCC_HSI_Enable
                0x00000000080011c0       0x20 ./Core/Src/main.o
 .text.LL_RCC_HSI_IsReady
                0x00000000080011e0       0x24 ./Core/Src/main.o
 .text.LL_RCC_HSI_SetCalibTrimming
                0x0000000008001204       0x2c ./Core/Src/main.o
 .text.LL_RCC_SetSysClkSource
                0x0000000008001230       0x28 ./Core/Src/main.o
 .text.LL_RCC_GetSysClkSource
                0x0000000008001258       0x1c ./Core/Src/main.o
 .text.LL_RCC_SetAHBPrescaler
                0x0000000008001274       0x28 ./Core/Src/main.o
 .text.LL_RCC_SetAPB1Prescaler
                0x000000000800129c       0x28 ./Core/Src/main.o
 .text.LL_RCC_SetAPB2Prescaler
                0x00000000080012c4       0x28 ./Core/Src/main.o
 .text.LL_RCC_SetTIMPrescaler
                0x00000000080012ec       0x2c ./Core/Src/main.o
 .text.LL_RCC_PLL_Enable
                0x0000000008001318       0x20 ./Core/Src/main.o
 .text.LL_RCC_PLL_IsReady
                0x0000000008001338       0x28 ./Core/Src/main.o
 .text.LL_RCC_PLL_ConfigDomain_SYS
                0x0000000008001360       0x4c ./Core/Src/main.o
 .text.LL_AHB1_GRP1_EnableClock
                0x00000000080013ac       0x30 ./Core/Src/main.o
 .text.LL_APB1_GRP1_EnableClock
                0x00000000080013dc       0x30 ./Core/Src/main.o
 .text.LL_APB2_GRP1_EnableClock
                0x000000000800140c       0x30 ./Core/Src/main.o
 .text.LL_SYSCFG_SetEXTISource
                0x000000000800143c       0x5c ./Core/Src/main.o
 .text.LL_FLASH_SetLatency
                0x0000000008001498       0x28 ./Core/Src/main.o
 .text.LL_FLASH_GetLatency
                0x00000000080014c0       0x1c ./Core/Src/main.o
 .text.LL_PWR_SetRegulVoltageScaling
                0x00000000080014dc       0x28 ./Core/Src/main.o
 .text.LL_PWR_IsActiveFlag_VOS
                0x0000000008001504       0x28 ./Core/Src/main.o
 .text.LL_SPI_SetStandard
                0x000000000800152c       0x26 ./Core/Src/main.o
 .text.LL_TIM_SetOnePulseMode
                0x0000000008001552       0x26 ./Core/Src/main.o
 .text.LL_TIM_EnableARRPreload
                0x0000000008001578       0x20 ./Core/Src/main.o
 .text.LL_TIM_DisableARRPreload
                0x0000000008001598       0x20 ./Core/Src/main.o
 .text.LL_TIM_SetClockSource
                0x00000000080015b8       0x2a ./Core/Src/main.o
 .text.LL_TIM_SetTriggerOutput
                0x00000000080015e2       0x26 ./Core/Src/main.o
 .text.LL_TIM_DisableMasterSlaveMode
                0x0000000008001608       0x20 ./Core/Src/main.o
 .text.LL_USART_Enable
                0x0000000008001628       0x20 ./Core/Src/main.o
 .text.LL_USART_ConfigAsyncMode
                0x0000000008001648       0x2c ./Core/Src/main.o
 .text.LL_GPIO_SetPinMode
                0x0000000008001674       0x5e ./Core/Src/main.o
 .text.LL_GPIO_SetPinPull
                0x00000000080016d2       0x5e ./Core/Src/main.o
 .text.LL_GPIO_ResetOutputPin
                0x0000000008001730       0x1e ./Core/Src/main.o
 .text.main     0x000000000800174e       0x4c ./Core/Src/main.o
                0x000000000800174e                main
 *fill*         0x000000000800179a        0x2 
 .text.SystemClock_Config
                0x000000000800179c       0x9c ./Core/Src/main.o
                0x000000000800179c                SystemClock_Config
 .text.MX_ADC1_Init
                0x0000000008001838       0xfc ./Core/Src/main.o
 .text.MX_I2C3_Init
                0x0000000008001934       0xdc ./Core/Src/main.o
 .text.MX_SPI2_Init
                0x0000000008001a10       0xa8 ./Core/Src/main.o
 .text.MX_TIM2_Init
                0x0000000008001ab8       0x6e ./Core/Src/main.o
 *fill*         0x0000000008001b26        0x2 
 .text.MX_TIM3_Init
                0x0000000008001b28       0x80 ./Core/Src/main.o
 .text.MX_TIM4_Init
                0x0000000008001ba8       0x80 ./Core/Src/main.o
 .text.MX_TIM5_Init
                0x0000000008001c28       0x80 ./Core/Src/main.o
 .text.MX_TIM9_Init
                0x0000000008001ca8       0x74 ./Core/Src/main.o
 .text.MX_USART2_UART_Init
                0x0000000008001d1c       0xa0 ./Core/Src/main.o
 .text.MX_GPIO_Init
                0x0000000008001dbc      0x158 ./Core/Src/main.o
 .text.LL_TIM_ClearFlag_UPDATE
                0x0000000008001f14       0x1c ./Core/Src/stm32f4xx_it.o
 .text.NMI_Handler
                0x0000000008001f30        0xa ./Core/Src/stm32f4xx_it.o
                0x0000000008001f30                NMI_Handler
 .text.HardFault_Handler
                0x0000000008001f3a        0xa ./Core/Src/stm32f4xx_it.o
                0x0000000008001f3a                HardFault_Handler
 .text.MemManage_Handler
                0x0000000008001f44        0xa ./Core/Src/stm32f4xx_it.o
                0x0000000008001f44                MemManage_Handler
 .text.BusFault_Handler
                0x0000000008001f4e        0xa ./Core/Src/stm32f4xx_it.o
                0x0000000008001f4e                BusFault_Handler
 .text.UsageFault_Handler
                0x0000000008001f58        0xa ./Core/Src/stm32f4xx_it.o
                0x0000000008001f58                UsageFault_Handler
 .text.SVC_Handler
                0x0000000008001f62        0xe ./Core/Src/stm32f4xx_it.o
                0x0000000008001f62                SVC_Handler
 .text.DebugMon_Handler
                0x0000000008001f70        0xe ./Core/Src/stm32f4xx_it.o
                0x0000000008001f70                DebugMon_Handler
 .text.PendSV_Handler
                0x0000000008001f7e        0xe ./Core/Src/stm32f4xx_it.o
                0x0000000008001f7e                PendSV_Handler
 .text.SysTick_Handler
                0x0000000008001f8c       0x1c ./Core/Src/stm32f4xx_it.o
                0x0000000008001f8c                SysTick_Handler
 .text.TIM1_BRK_TIM9_IRQHandler
                0x0000000008001fa8       0x18 ./Core/Src/stm32f4xx_it.o
                0x0000000008001fa8                TIM1_BRK_TIM9_IRQHandler
 .text.TIM3_IRQHandler
                0x0000000008001fc0       0x18 ./Core/Src/stm32f4xx_it.o
                0x0000000008001fc0                TIM3_IRQHandler
 .text.TIM4_IRQHandler
                0x0000000008001fd8       0x18 ./Core/Src/stm32f4xx_it.o
                0x0000000008001fd8                TIM4_IRQHandler
 .text.TIM5_IRQHandler
                0x0000000008001ff0       0x18 ./Core/Src/stm32f4xx_it.o
                0x0000000008001ff0                TIM5_IRQHandler
 .text._getpid  0x0000000008002008       0x10 ./Core/Src/syscalls.o
                0x0000000008002008                _getpid
 .text._kill    0x0000000008002018       0x20 ./Core/Src/syscalls.o
                0x0000000008002018                _kill
 .text._exit    0x0000000008002038       0x14 ./Core/Src/syscalls.o
                0x0000000008002038                _exit
 .text._read    0x000000000800204c       0x3a ./Core/Src/syscalls.o
                0x000000000800204c                _read
 .text._write   0x0000000008002086       0x38 ./Core/Src/syscalls.o
                0x0000000008002086                _write
 .text._close   0x00000000080020be       0x18 ./Core/Src/syscalls.o
                0x00000000080020be                _close
 .text._fstat   0x00000000080020d6       0x20 ./Core/Src/syscalls.o
                0x00000000080020d6                _fstat
 .text._isatty  0x00000000080020f6       0x16 ./Core/Src/syscalls.o
                0x00000000080020f6                _isatty
 .text._lseek   0x000000000800210c       0x1a ./Core/Src/syscalls.o
                0x000000000800210c                _lseek
 *fill*         0x0000000008002126        0x2 
 .text._sbrk    0x0000000008002128       0x6c ./Core/Src/sysmem.o
                0x0000000008002128                _sbrk
 .text.SystemInit
                0x0000000008002194       0x24 ./Core/Src/system_stm32f4xx.o
                0x0000000008002194                SystemInit
 .text.Reset_Handler
                0x00000000080021b8       0x50 ./Core/Startup/startup_stm32f411retx.o
                0x00000000080021b8                Reset_Handler
 .text.Default_Handler
                0x0000000008002208        0x2 ./Core/Startup/startup_stm32f411retx.o
                0x0000000008002208                DMA1_Stream3_IRQHandler
                0x0000000008002208                EXTI2_IRQHandler
                0x0000000008002208                SPI4_IRQHandler
                0x0000000008002208                TIM1_CC_IRQHandler
                0x0000000008002208                DMA2_Stream5_IRQHandler
                0x0000000008002208                DMA1_Stream5_IRQHandler
                0x0000000008002208                PVD_IRQHandler
                0x0000000008002208                SDIO_IRQHandler
                0x0000000008002208                TAMP_STAMP_IRQHandler
                0x0000000008002208                EXTI3_IRQHandler
                0x0000000008002208                TIM1_UP_TIM10_IRQHandler
                0x0000000008002208                I2C3_ER_IRQHandler
                0x0000000008002208                EXTI0_IRQHandler
                0x0000000008002208                I2C2_EV_IRQHandler
                0x0000000008002208                DMA1_Stream2_IRQHandler
                0x0000000008002208                FPU_IRQHandler
                0x0000000008002208                DMA2_Stream2_IRQHandler
                0x0000000008002208                SPI1_IRQHandler
                0x0000000008002208                DMA2_Stream3_IRQHandler
                0x0000000008002208                USART6_IRQHandler
                0x0000000008002208                DMA2_Stream0_IRQHandler
                0x0000000008002208                I2C1_EV_IRQHandler
                0x0000000008002208                DMA1_Stream6_IRQHandler
                0x0000000008002208                DMA1_Stream1_IRQHandler
                0x0000000008002208                RCC_IRQHandler
                0x0000000008002208                Default_Handler
                0x0000000008002208                EXTI15_10_IRQHandler
                0x0000000008002208                ADC_IRQHandler
                0x0000000008002208                DMA1_Stream7_IRQHandler
                0x0000000008002208                SPI5_IRQHandler
                0x0000000008002208                DMA2_Stream7_IRQHandler
                0x0000000008002208                I2C3_EV_IRQHandler
                0x0000000008002208                EXTI9_5_IRQHandler
                0x0000000008002208                RTC_WKUP_IRQHandler
                0x0000000008002208                SPI2_IRQHandler
                0x0000000008002208                DMA1_Stream0_IRQHandler
                0x0000000008002208                EXTI4_IRQHandler
                0x0000000008002208                WWDG_IRQHandler
                0x0000000008002208                TIM2_IRQHandler
                0x0000000008002208                OTG_FS_WKUP_IRQHandler
                0x0000000008002208                TIM1_TRG_COM_TIM11_IRQHandler
                0x0000000008002208                EXTI1_IRQHandler
                0x0000000008002208                USART2_IRQHandler
                0x0000000008002208                I2C2_ER_IRQHandler
                0x0000000008002208                DMA2_Stream1_IRQHandler
                0x0000000008002208                FLASH_IRQHandler
                0x0000000008002208                DMA2_Stream4_IRQHandler
                0x0000000008002208                USART1_IRQHandler
                0x0000000008002208                OTG_FS_IRQHandler
                0x0000000008002208                SPI3_IRQHandler
                0x0000000008002208                DMA1_Stream4_IRQHandler
                0x0000000008002208                I2C1_ER_IRQHandler
                0x0000000008002208                DMA2_Stream6_IRQHandler
                0x0000000008002208                RTC_Alarm_IRQHandler
 .text.LL_ADC_SetCommonClock
                0x000000000800220a       0x26 ./Drivers/STM32F4xx_HAL_Driver/Src/stm32f4xx_ll_adc.o
 .text.LL_ADC_REG_SetSequencerLength
                0x0000000008002230       0x26 ./Drivers/STM32F4xx_HAL_Driver/Src/stm32f4xx_ll_adc.o
 .text.LL_ADC_IsEnabled
                0x0000000008002256       0x26 ./Drivers/STM32F4xx_HAL_Driver/Src/stm32f4xx_ll_adc.o
 .text.LL_ADC_CommonInit
                0x000000000800227c       0x3c ./Drivers/STM32F4xx_HAL_Driver/Src/stm32f4xx_ll_adc.o
                0x000000000800227c                LL_ADC_CommonInit
 .text.LL_ADC_Init
                0x00000000080022b8       0x58 ./Drivers/STM32F4xx_HAL_Driver/Src/stm32f4xx_ll_adc.o
                0x00000000080022b8                LL_ADC_Init
 .text.LL_ADC_REG_Init
                0x0000000008002310       0x84 ./Drivers/STM32F4xx_HAL_Driver/Src/stm32f4xx_ll_adc.o
                0x0000000008002310                LL_ADC_REG_Init
 .text.LL_EXTI_EnableIT_0_31
                0x0000000008002394       0x24 ./Drivers/STM32F4xx_HAL_Driver/Src/stm32f4xx_ll_exti.o
 .text.LL_EXTI_DisableIT_0_31
                0x00000000080023b8       0x28 ./Drivers/STM32F4xx_HAL_Driver/Src/stm32f4xx_ll_exti.o
 .text.LL_EXTI_EnableEvent_0_31
                0x00000000080023e0       0x24 ./Drivers/STM32F4xx_HAL_Driver/Src/stm32f4xx_ll_exti.o
 .text.LL_EXTI_DisableEvent_0_31
                0x0000000008002404       0x28 ./Drivers/STM32F4xx_HAL_Driver/Src/stm32f4xx_ll_exti.o
 .text.LL_EXTI_EnableRisingTrig_0_31
                0x000000000800242c       0x24 ./Drivers/STM32F4xx_HAL_Driver/Src/stm32f4xx_ll_exti.o
 .text.LL_EXTI_DisableRisingTrig_0_31
                0x0000000008002450       0x28 ./Drivers/STM32F4xx_HAL_Driver/Src/stm32f4xx_ll_exti.o
 .text.LL_EXTI_EnableFallingTrig_0_31
                0x0000000008002478       0x24 ./Drivers/STM32F4xx_HAL_Driver/Src/stm32f4xx_ll_exti.o
 .text.LL_EXTI_DisableFallingTrig_0_31
                0x000000000800249c       0x28 ./Drivers/STM32F4xx_HAL_Driver/Src/stm32f4xx_ll_exti.o
 .text.LL_EXTI_Init
                0x00000000080024c4       0xfe ./Drivers/STM32F4xx_HAL_Driver/Src/stm32f4xx_ll_exti.o
                0x00000000080024c4                LL_EXTI_Init
 .text.LL_GPIO_SetPinMode
                0x00000000080025c2       0x5e ./Drivers/STM32F4xx_HAL_Driver/Src/stm32f4xx_ll_gpio.o
 .text.LL_GPIO_SetPinOutputType
                0x0000000008002620       0x30 ./Drivers/STM32F4xx_HAL_Driver/Src/stm32f4xx_ll_gpio.o
 .text.LL_GPIO_SetPinSpeed
                0x0000000008002650       0x5e ./Drivers/STM32F4xx_HAL_Driver/Src/stm32f4xx_ll_gpio.o
 .text.LL_GPIO_SetPinPull
                0x00000000080026ae       0x5e ./Drivers/STM32F4xx_HAL_Driver/Src/stm32f4xx_ll_gpio.o
 .text.LL_GPIO_SetAFPin_0_7
                0x000000000800270c       0x5e ./Drivers/STM32F4xx_HAL_Driver/Src/stm32f4xx_ll_gpio.o
 .text.LL_GPIO_SetAFPin_8_15
                0x000000000800276a       0x62 ./Drivers/STM32F4xx_HAL_Driver/Src/stm32f4xx_ll_gpio.o
 .text.LL_GPIO_Init
                0x00000000080027cc       0xe6 ./Drivers/STM32F4xx_HAL_Driver/Src/stm32f4xx_ll_gpio.o
                0x00000000080027cc                LL_GPIO_Init
 .text.LL_I2C_Enable
                0x00000000080028b2       0x20 ./Drivers/STM32F4xx_HAL_Driver/Src/stm32f4xx_ll_i2c.o
 .text.LL_I2C_Disable
                0x00000000080028d2       0x20 ./Drivers/STM32F4xx_HAL_Driver/Src/stm32f4xx_ll_i2c.o
 .text.LL_I2C_ConfigFilters
                0x00000000080028f2       0x2c ./Drivers/STM32F4xx_HAL_Driver/Src/stm32f4xx_ll_i2c.o
 .text.LL_I2C_SetOwnAddress1
                0x000000000800291e       0x30 ./Drivers/STM32F4xx_HAL_Driver/Src/stm32f4xx_ll_i2c.o
 *fill*         0x000000000800294e        0x2 
 .text.LL_I2C_ConfigSpeed
                0x0000000008002950      0x130 ./Drivers/STM32F4xx_HAL_Driver/Src/stm32f4xx_ll_i2c.o
 .text.LL_I2C_SetMode
                0x0000000008002a80       0x26 ./Drivers/STM32F4xx_HAL_Driver/Src/stm32f4xx_ll_i2c.o
 .text.LL_I2C_AcknowledgeNextData
                0x0000000008002aa6       0x26 ./Drivers/STM32F4xx_HAL_Driver/Src/stm32f4xx_ll_i2c.o
 .text.LL_I2C_Init
                0x0000000008002acc       0x72 ./Drivers/STM32F4xx_HAL_Driver/Src/stm32f4xx_ll_i2c.o
                0x0000000008002acc                LL_I2C_Init
 *fill*         0x0000000008002b3e        0x2 
 .text.LL_RCC_GetSysClkSource
                0x0000000008002b40       0x1c ./Drivers/STM32F4xx_HAL_Driver/Src/stm32f4xx_ll_rcc.o
 .text.LL_RCC_GetAHBPrescaler
                0x0000000008002b5c       0x1c ./Drivers/STM32F4xx_HAL_Driver/Src/stm32f4xx_ll_rcc.o
 .text.LL_RCC_GetAPB1Prescaler
                0x0000000008002b78       0x1c ./Drivers/STM32F4xx_HAL_Driver/Src/stm32f4xx_ll_rcc.o
 .text.LL_RCC_GetAPB2Prescaler
                0x0000000008002b94       0x1c ./Drivers/STM32F4xx_HAL_Driver/Src/stm32f4xx_ll_rcc.o
 .text.LL_RCC_PLL_GetMainSource
                0x0000000008002bb0       0x1c ./Drivers/STM32F4xx_HAL_Driver/Src/stm32f4xx_ll_rcc.o
 .text.LL_RCC_PLL_GetN
                0x0000000008002bcc       0x1c ./Drivers/STM32F4xx_HAL_Driver/Src/stm32f4xx_ll_rcc.o
 .text.LL_RCC_PLL_GetP
                0x0000000008002be8       0x1c ./Drivers/STM32F4xx_HAL_Driver/Src/stm32f4xx_ll_rcc.o
 .text.LL_RCC_PLL_GetDivider
                0x0000000008002c04       0x1c ./Drivers/STM32F4xx_HAL_Driver/Src/stm32f4xx_ll_rcc.o
 .text.LL_RCC_GetSystemClocksFreq
                0x0000000008002c20       0x4a ./Drivers/STM32F4xx_HAL_Driver/Src/stm32f4xx_ll_rcc.o
                0x0000000008002c20                LL_RCC_GetSystemClocksFreq
 *fill*         0x0000000008002c6a        0x2 
 .text.RCC_GetSystemClockFreq
                0x0000000008002c6c       0x50 ./Drivers/STM32F4xx_HAL_Driver/Src/stm32f4xx_ll_rcc.o
                0x0000000008002c6c                RCC_GetSystemClockFreq
 .text.RCC_GetHCLKClockFreq
                0x0000000008002cbc       0x2c ./Drivers/STM32F4xx_HAL_Driver/Src/stm32f4xx_ll_rcc.o
                0x0000000008002cbc                RCC_GetHCLKClockFreq
 .text.RCC_GetPCLK1ClockFreq
                0x0000000008002ce8       0x28 ./Drivers/STM32F4xx_HAL_Driver/Src/stm32f4xx_ll_rcc.o
                0x0000000008002ce8                RCC_GetPCLK1ClockFreq
 .text.RCC_GetPCLK2ClockFreq
                0x0000000008002d10       0x28 ./Drivers/STM32F4xx_HAL_Driver/Src/stm32f4xx_ll_rcc.o
                0x0000000008002d10                RCC_GetPCLK2ClockFreq
 .text.RCC_PLL_GetFreqDomain_SYS
                0x0000000008002d38       0x7c ./Drivers/STM32F4xx_HAL_Driver/Src/stm32f4xx_ll_rcc.o
                0x0000000008002d38                RCC_PLL_GetFreqDomain_SYS
 .text.LL_SPI_IsEnabled
                0x0000000008002db4       0x26 ./Drivers/STM32F4xx_HAL_Driver/Src/stm32f4xx_ll_spi.o
 .text.LL_SPI_SetCRCPolynomial
                0x0000000008002dda       0x20 ./Drivers/STM32F4xx_HAL_Driver/Src/stm32f4xx_ll_spi.o
 .text.LL_SPI_Init
                0x0000000008002dfa       0xa4 ./Drivers/STM32F4xx_HAL_Driver/Src/stm32f4xx_ll_spi.o
                0x0000000008002dfa                LL_SPI_Init
 .text.LL_TIM_SetPrescaler
                0x0000000008002e9e       0x1c ./Drivers/STM32F4xx_HAL_Driver/Src/stm32f4xx_ll_tim.o
 .text.LL_TIM_SetAutoReload
                0x0000000008002eba       0x1c ./Drivers/STM32F4xx_HAL_Driver/Src/stm32f4xx_ll_tim.o
 .text.LL_TIM_SetRepetitionCounter
                0x0000000008002ed6       0x1c ./Drivers/STM32F4xx_HAL_Driver/Src/stm32f4xx_ll_tim.o
 .text.LL_TIM_GenerateEvent_UPDATE
                0x0000000008002ef2       0x20 ./Drivers/STM32F4xx_HAL_Driver/Src/stm32f4xx_ll_tim.o
 *fill*         0x0000000008002f12        0x2 
 .text.LL_TIM_Init
                0x0000000008002f14       0xf4 ./Drivers/STM32F4xx_HAL_Driver/Src/stm32f4xx_ll_tim.o
                0x0000000008002f14                LL_TIM_Init
 .text.LL_USART_IsEnabled
                0x0000000008003008       0x28 ./Drivers/STM32F4xx_HAL_Driver/Src/stm32f4xx_ll_usart.o
 .text.LL_USART_SetStopBitsLength
                0x0000000008003030       0x26 ./Drivers/STM32F4xx_HAL_Driver/Src/stm32f4xx_ll_usart.o
 .text.LL_USART_SetHWFlowCtrl
                0x0000000008003056       0x26 ./Drivers/STM32F4xx_HAL_Driver/Src/stm32f4xx_ll_usart.o
 .text.LL_USART_SetBaudRate
                0x000000000800307c      0x45c ./Drivers/STM32F4xx_HAL_Driver/Src/stm32f4xx_ll_usart.o
 .text.LL_USART_Init
                0x00000000080034d8       0xc8 ./Drivers/STM32F4xx_HAL_Driver/Src/stm32f4xx_ll_usart.o
                0x00000000080034d8                LL_USART_Init
 .text.LL_InitTick
                0x00000000080035a0       0x34 ./Drivers/STM32F4xx_HAL_Driver/Src/stm32f4xx_ll_utils.o
 .text.LL_Init1msTick
                0x00000000080035d4       0x1a ./Drivers/STM32F4xx_HAL_Driver/Src/stm32f4xx_ll_utils.o
                0x00000000080035d4                LL_Init1msTick
 *fill*         0x00000000080035ee        0x2 
 .text.LL_SetSystemCoreClock
                0x00000000080035f0       0x20 ./Drivers/STM32F4xx_HAL_Driver/Src/stm32f4xx_ll_utils.o
                0x00000000080035f0                LL_SetSystemCoreClock
 .text.__Custom_Exception_Set_Message
                0x0000000008003610       0x38 ./External Library/Src/custom_exception.o
                0x0000000008003610                __Custom_Exception_Set_Message
 .text.Custom_FileSystem_Load
                0x0000000008003648       0x20 ./External Library/Src/custom_filesystem.o
                0x0000000008003648                Custom_FileSystem_Load
 .text.Custom_Flash_Check_Error
                0x0000000008003668       0x90 ./External Library/Src/custom_flash.o
                0x0000000008003668                Custom_Flash_Check_Error
 .text.Custom_Flash_Read
                0x00000000080036f8       0x64 ./External Library/Src/custom_flash.o
                0x00000000080036f8                Custom_Flash_Read
 .text.LL_SPI_Enable
                0x000000000800375c       0x20 ./External Library/Src/custom_oled.o
 .text.LL_SPI_SetTransferDirection
                0x000000000800377c       0x26 ./External Library/Src/custom_oled.o
 .text.LL_SPI_IsActiveFlag_TXE
                0x00000000080037a2       0x26 ./External Library/Src/custom_oled.o
 .text.LL_SPI_IsActiveFlag_BSY
                0x00000000080037c8       0x26 ./External Library/Src/custom_oled.o
 .text.LL_SPI_TransmitData8
                0x00000000080037ee       0x24 ./External Library/Src/custom_oled.o
 .text.Custom_GPIO_Set
                0x0000000008003812       0x3a ./External Library/Src/custom_oled.o
 .text.Custom_OLED_SPI_Tramsnit_Blocking
                0x000000000800384c       0x40 ./External Library/Src/custom_oled.o
 .text.Custom_OLED_Write_Command
                0x000000000800388c       0x5c ./External Library/Src/custom_oled.o
 .text.Custom_OLED_Write_Data
                0x00000000080038e8       0x74 ./External Library/Src/custom_oled.o
 .text.Custom_OLED_Set_Window
                0x000000000800395c       0x4a ./External Library/Src/custom_oled.o
 .text.Custom_OLED_Clear
                0x00000000080039a6       0x3e ./External Library/Src/custom_oled.o
                0x00000000080039a6                Custom_OLED_Clear
 .text.Custom_OLED_Init
                0x00000000080039e4       0x4c ./External Library/Src/custom_oled.o
                0x00000000080039e4                Custom_OLED_Init
 .text.Custom_OLED_Putchar
                0x0000000008003a30      0x140 ./External Library/Src/custom_oled.o
                0x0000000008003a30                Custom_OLED_Putchar
 .text.Custom_OLED_Printf
                0x0000000008003b70      0x4c8 ./External Library/Src/custom_oled.o
                0x0000000008003b70                Custom_OLED_Printf
 .text.LL_GPIO_ReadInputPort
                0x0000000008004038       0x18 ./External Library/Src/custom_switch.o
 .text.Custom_Delay_Get_SysTick
                0x0000000008004050       0x18 ./External Library/Src/custom_switch.o
 .text.Custom_Switch_Init_ButtonState
                0x0000000008004068       0x36 ./External Library/Src/custom_switch.o
 *fill*         0x000000000800409e        0x2 
 .text.Custom_Switch_State_Machine
                0x00000000080040a0      0x12c ./External Library/Src/custom_switch.o
 .text.Custom_Switch_Read
                0x00000000080041cc       0xc8 ./External Library/Src/custom_switch.o
                0x00000000080041cc                Custom_Switch_Read
 .text.Get_Line_Sensor_Cnt
                0x0000000008004294       0x88 ./Main/Src/drive_first.o
 .text.Get_Marker_Sensor_Cnt
                0x000000000800431c       0x34 ./Main/Src/drive_first.o
 .text.Decision
                0x0000000008004350       0xb4 ./Main/Src/drive_first.o
 .text.Decision_Machine
                0x0000000008004404       0x7c ./Main/Src/drive_first.o
 .text.Drive_Fit_In
                0x0000000008004480       0xc8 ./Main/Src/drive_first.o
 .text.Set_First_Drive_Data
                0x0000000008004548       0x58 ./Main/Src/drive_first.o
 .text.Set_Second_Drive_Data
                0x00000000080045a0       0x5c ./Main/Src/drive_first.o
 .text.Straight_Boost_Aceleing
                0x00000000080045fc       0x5c ./Main/Src/drive_first.o
 .text.Straight_Boost_Deceleing
                0x0000000008004658       0xa4 ./Main/Src/drive_first.o
 .text.Decision_Execution_Curve
                0x00000000080046fc       0x60 ./Main/Src/drive_first.o
 .text.Decision_Execution
                0x000000000800475c       0xac ./Main/Src/drive_first.o
 .text.Custom_Delay_us
                0x0000000008004808       0x50 ./Main/Src/drive_first.o
 .text.Custom_Delay_ms
                0x0000000008004858       0x20 ./Main/Src/drive_first.o
 .text.Drive_First
                0x0000000008004878       0x94 ./Main/Src/drive_first.o
                0x0000000008004878                Drive_First
 .text.Drive_Preset_Var
                0x000000000800490c      0x120 ./Main/Src/drive_preset.o
 .text.Drive_Preset
                0x0000000008004a2c      0x158 ./Main/Src/drive_preset.o
                0x0000000008004a2c                Drive_Preset
 .text.LL_TIM_EnableCounter
                0x0000000008004b84       0x20 ./Main/Src/drive_tools.o
 .text.LL_TIM_DisableCounter
                0x0000000008004ba4       0x20 ./Main/Src/drive_tools.o
 .text.LL_TIM_SetAutoReload
                0x0000000008004bc4       0x1c ./Main/Src/drive_tools.o
 .text.LL_TIM_EnableIT_UPDATE
                0x0000000008004be0       0x20 ./Main/Src/drive_tools.o
 .text.LL_TIM_DisableIT_UPDATE
                0x0000000008004c00       0x20 ./Main/Src/drive_tools.o
 .text.Motor_L_Speed_Control
                0x0000000008004c20       0x3c ./Main/Src/drive_tools.o
 .text.Motor_R_Speed_Control
                0x0000000008004c5c       0x3c ./Main/Src/drive_tools.o
 .text.Accele_Control_Start
                0x0000000008004c98       0x18 ./Main/Src/drive_tools.o
                0x0000000008004c98                Accele_Control_Start
 .text.Accele_Control_Stop
                0x0000000008004cb0       0x24 ./Main/Src/drive_tools.o
                0x0000000008004cb0                Accele_Control_Stop
 .text.Set_Position
                0x0000000008004cd4      0x14c ./Main/Src/drive_tools.o
 .text.Drive_TIM9_IRQ
                0x0000000008004e20       0xac ./Main/Src/drive_tools.o
                0x0000000008004e20                Drive_TIM9_IRQ
 .text.LL_USART_Enable
                0x0000000008004ecc       0x20 ./Main/Src/init.o
 .text.LL_USART_IsActiveFlag_TXE
                0x0000000008004eec       0x26 ./Main/Src/init.o
 .text.LL_USART_TransmitData8
                0x0000000008004f12       0x1e ./Main/Src/init.o
 .text.Custom_Delay_us
                0x0000000008004f30       0x50 ./Main/Src/init.o
 .text.Custom_Delay_ms
                0x0000000008004f80       0x20 ./Main/Src/init.o
 .text.Custom_Delay_Init_SysTick
                0x0000000008004fa0       0x28 ./Main/Src/init.o
 .text.__io_putchar
                0x0000000008004fc8       0x30 ./Main/Src/init.o
                0x0000000008004fc8                __io_putchar
 .text.Init     0x0000000008004ff8       0xf8 ./Main/Src/init.o
                0x0000000008004ff8                Init
 .text.LL_TIM_SetAutoReload
                0x00000000080050f0       0x1c ./Main/Src/linetracer_test.o
 .text.Custom_GPIO_Set_t
                0x000000000800510c       0x42 ./Main/Src/linetracer_test.o
 *fill*         0x000000000800514e        0x2 
 .text.Motor_L_Speed_Control
                0x0000000008005150       0x3c ./Main/Src/linetracer_test.o
 .text.Motor_R_Speed_Control
                0x000000000800518c       0x3c ./Main/Src/linetracer_test.o
 .text.Custom_Delay_us
                0x00000000080051c8       0x50 ./Main/Src/linetracer_test.o
 .text.Custom_Delay_ms
                0x0000000008005218       0x20 ./Main/Src/linetracer_test.o
 .text.Sensor_Test_Raw
                0x0000000008005238       0x88 ./Main/Src/linetracer_test.o
                0x0000000008005238                Sensor_Test_Raw
 .text.Sensor_Test_Normalized
                0x00000000080052c0       0x88 ./Main/Src/linetracer_test.o
                0x00000000080052c0                Sensor_Test_Normalized
 .text.Sensor_Test_State
                0x0000000008005348      0x110 ./Main/Src/linetracer_test.o
                0x0000000008005348                Sensor_Test_State
 .text.Motor_Test_Phase
                0x0000000008005458      0x150 ./Main/Src/linetracer_test.o
                0x0000000008005458                Motor_Test_Phase
 .text.Motor_Test_Velocity
                0x00000000080055a8       0xcc ./Main/Src/linetracer_test.o
                0x00000000080055a8                Motor_Test_Velocity
 .text.Drive_Test_Position
                0x0000000008005674       0xbc ./Main/Src/linetracer_test.o
                0x0000000008005674                Drive_Test_Position
 .text.Drive_Test_Data
                0x0000000008005730      0x134 ./Main/Src/linetracer_test.o
                0x0000000008005730                Drive_Test_Data
 .text.LL_TIM_EnableCounter
                0x0000000008005864       0x20 ./Main/Src/motor.o
 .text.LL_TIM_DisableCounter
                0x0000000008005884       0x20 ./Main/Src/motor.o
 .text.LL_TIM_EnableIT_UPDATE
                0x00000000080058a4       0x20 ./Main/Src/motor.o
 .text.LL_TIM_DisableIT_UPDATE
                0x00000000080058c4       0x20 ./Main/Src/motor.o
 .text.Custom_GPIO_Set_t
                0x00000000080058e4       0x42 ./Main/Src/motor.o
 *fill*         0x0000000008005926        0x2 
 .text.Motor_Power_Off
                0x0000000008005928       0x74 ./Main/Src/motor.o
                0x0000000008005928                Motor_Power_Off
 .text.Motor_Start
                0x000000000800599c       0x28 ./Main/Src/motor.o
                0x000000000800599c                Motor_Start
 .text.Motor_Stop
                0x00000000080059c4       0x2c ./Main/Src/motor.o
                0x00000000080059c4                Motor_Stop
 .text.Motor_L_TIM3_IRQ
                0x00000000080059f0       0xcc ./Main/Src/motor.o
                0x00000000080059f0                Motor_L_TIM3_IRQ
 .text.Motor_R_TIM4_IRQ
                0x0000000008005abc       0xcc ./Main/Src/motor.o
                0x0000000008005abc                Motor_R_TIM4_IRQ
 .text.LL_ADC_Enable
                0x0000000008005b88       0x20 ./Main/Src/sensor.o
 .text.LL_ADC_Disable
                0x0000000008005ba8       0x20 ./Main/Src/sensor.o
 .text.LL_ADC_REG_StartConversionSWStart
                0x0000000008005bc8       0x20 ./Main/Src/sensor.o
 .text.LL_ADC_REG_ReadConversionData12
                0x0000000008005be8       0x1a ./Main/Src/sensor.o
 .text.LL_ADC_IsActiveFlag_EOCS
                0x0000000008005c02       0x26 ./Main/Src/sensor.o
 .text.LL_ADC_ClearFlag_EOCS
                0x0000000008005c28       0x1c ./Main/Src/sensor.o
 .text.LL_TIM_EnableCounter
                0x0000000008005c44       0x20 ./Main/Src/sensor.o
 .text.LL_TIM_DisableCounter
                0x0000000008005c64       0x20 ./Main/Src/sensor.o
 .text.LL_TIM_EnableIT_UPDATE
                0x0000000008005c84       0x20 ./Main/Src/sensor.o
 .text.LL_TIM_DisableIT_UPDATE
                0x0000000008005ca4       0x20 ./Main/Src/sensor.o
 .text.Custom_Delay_us
                0x0000000008005cc4       0x50 ./Main/Src/sensor.o
 .text.Custom_Delay_ms
                0x0000000008005d14       0x20 ./Main/Src/sensor.o
 .text.Sensor_Start
                0x0000000008005d34       0x3c ./Main/Src/sensor.o
                0x0000000008005d34                Sensor_Start
 .text.Sensor_Stop
                0x0000000008005d70       0x24 ./Main/Src/sensor.o
                0x0000000008005d70                Sensor_Stop
 .text.Sensor_ADC_Read
                0x0000000008005d94       0x48 ./Main/Src/sensor.o
 .text.Make_Sensor_Norm_Vals
                0x0000000008005ddc       0x9c ./Main/Src/sensor.o
 .text.Make_Sensor_State
                0x0000000008005e78       0x68 ./Main/Src/sensor.o
 .text.Sensor_TIM5_IRQ
                0x0000000008005ee0      0x11c ./Main/Src/sensor.o
                0x0000000008005ee0                Sensor_TIM5_IRQ
 .text.Sensor_Calibration
                0x0000000008005ffc      0x1d8 ./Main/Src/sensor.o
                0x0000000008005ffc                Sensor_Calibration
 .text.__cvt    0x00000000080061d4       0xc4 /Applications/STM32CubeIDE.app/Contents/Eclipse/plugins/com.st.stm32cube.ide.mcu.externaltools.gnu-tools-for-stm32.11.3.rel1.macos64_1.1.0.202305231506/tools/bin/../lib/gcc/arm-none-eabi/11.3.1/../../../../arm-none-eabi/lib/thumb/v7e-m+fp/hard/libc_nano.a(libc_a-nano-vfprintf_float.o)
                0x00000000080061d4                __cvt
 .text.__exponent
                0x0000000008006298       0x7c /Applications/STM32CubeIDE.app/Contents/Eclipse/plugins/com.st.stm32cube.ide.mcu.externaltools.gnu-tools-for-stm32.11.3.rel1.macos64_1.1.0.202305231506/tools/bin/../lib/gcc/arm-none-eabi/11.3.1/../../../../arm-none-eabi/lib/thumb/v7e-m+fp/hard/libc_nano.a(libc_a-nano-vfprintf_float.o)
                0x0000000008006298                __exponent
 .text._printf_float
                0x0000000008006314      0x46c /Applications/STM32CubeIDE.app/Contents/Eclipse/plugins/com.st.stm32cube.ide.mcu.externaltools.gnu-tools-for-stm32.11.3.rel1.macos64_1.1.0.202305231506/tools/bin/../lib/gcc/arm-none-eabi/11.3.1/../../../../arm-none-eabi/lib/thumb/v7e-m+fp/hard/libc_nano.a(libc_a-nano-vfprintf_float.o)
                0x0000000008006314                _printf_float
 .text._printf_common
                0x0000000008006780       0xda /Applications/STM32CubeIDE.app/Contents/Eclipse/plugins/com.st.stm32cube.ide.mcu.externaltools.gnu-tools-for-stm32.11.3.rel1.macos64_1.1.0.202305231506/tools/bin/../lib/gcc/arm-none-eabi/11.3.1/../../../../arm-none-eabi/lib/thumb/v7e-m+fp/hard/libc_nano.a(libc_a-nano-vfprintf_i.o)
                0x0000000008006780                _printf_common
 *fill*         0x000000000800685a        0x2 
 .text._printf_i
                0x000000000800685c      0x244 /Applications/STM32CubeIDE.app/Contents/Eclipse/plugins/com.st.stm32cube.ide.mcu.externaltools.gnu-tools-for-stm32.11.3.rel1.macos64_1.1.0.202305231506/tools/bin/../lib/gcc/arm-none-eabi/11.3.1/../../../../arm-none-eabi/lib/thumb/v7e-m+fp/hard/libc_nano.a(libc_a-nano-vfprintf_i.o)
                0x000000000800685c                _printf_i
 .text.std      0x0000000008006aa0       0x48 /Applications/STM32CubeIDE.app/Contents/Eclipse/plugins/com.st.stm32cube.ide.mcu.externaltools.gnu-tools-for-stm32.11.3.rel1.macos64_1.1.0.202305231506/tools/bin/../lib/gcc/arm-none-eabi/11.3.1/../../../../arm-none-eabi/lib/thumb/v7e-m+fp/hard/libc_nano.a(libc_a-findfp.o)
 .text.stdio_exit_handler
                0x0000000008006ae8       0x18 /Applications/STM32CubeIDE.app/Contents/Eclipse/plugins/com.st.stm32cube.ide.mcu.externaltools.gnu-tools-for-stm32.11.3.rel1.macos64_1.1.0.202305231506/tools/bin/../lib/gcc/arm-none-eabi/11.3.1/../../../../arm-none-eabi/lib/thumb/v7e-m+fp/hard/libc_nano.a(libc_a-findfp.o)
 .text.cleanup_stdio
                0x0000000008006b00       0x40 /Applications/STM32CubeIDE.app/Contents/Eclipse/plugins/com.st.stm32cube.ide.mcu.externaltools.gnu-tools-for-stm32.11.3.rel1.macos64_1.1.0.202305231506/tools/bin/../lib/gcc/arm-none-eabi/11.3.1/../../../../arm-none-eabi/lib/thumb/v7e-m+fp/hard/libc_nano.a(libc_a-findfp.o)
 .text.global_stdio_init.part.0
                0x0000000008006b40       0x3c /Applications/STM32CubeIDE.app/Contents/Eclipse/plugins/com.st.stm32cube.ide.mcu.externaltools.gnu-tools-for-stm32.11.3.rel1.macos64_1.1.0.202305231506/tools/bin/../lib/gcc/arm-none-eabi/11.3.1/../../../../arm-none-eabi/lib/thumb/v7e-m+fp/hard/libc_nano.a(libc_a-findfp.o)
 .text.__sfp_lock_acquire
                0x0000000008006b7c        0xc /Applications/STM32CubeIDE.app/Contents/Eclipse/plugins/com.st.stm32cube.ide.mcu.externaltools.gnu-tools-for-stm32.11.3.rel1.macos64_1.1.0.202305231506/tools/bin/../lib/gcc/arm-none-eabi/11.3.1/../../../../arm-none-eabi/lib/thumb/v7e-m+fp/hard/libc_nano.a(libc_a-findfp.o)
                0x0000000008006b7c                __sfp_lock_acquire
 .text.__sfp_lock_release
                0x0000000008006b88        0xc /Applications/STM32CubeIDE.app/Contents/Eclipse/plugins/com.st.stm32cube.ide.mcu.externaltools.gnu-tools-for-stm32.11.3.rel1.macos64_1.1.0.202305231506/tools/bin/../lib/gcc/arm-none-eabi/11.3.1/../../../../arm-none-eabi/lib/thumb/v7e-m+fp/hard/libc_nano.a(libc_a-findfp.o)
                0x0000000008006b88                __sfp_lock_release
 .text.__sinit  0x0000000008006b94       0x30 /Applications/STM32CubeIDE.app/Contents/Eclipse/plugins/com.st.stm32cube.ide.mcu.externaltools.gnu-tools-for-stm32.11.3.rel1.macos64_1.1.0.202305231506/tools/bin/../lib/gcc/arm-none-eabi/11.3.1/../../../../arm-none-eabi/lib/thumb/v7e-m+fp/hard/libc_nano.a(libc_a-findfp.o)
                0x0000000008006b94                __sinit
 .text._fwalk_sglue
                0x0000000008006bc4       0x3c /Applications/STM32CubeIDE.app/Contents/Eclipse/plugins/com.st.stm32cube.ide.mcu.externaltools.gnu-tools-for-stm32.11.3.rel1.macos64_1.1.0.202305231506/tools/bin/../lib/gcc/arm-none-eabi/11.3.1/../../../../arm-none-eabi/lib/thumb/v7e-m+fp/hard/libc_nano.a(libc_a-fwalk.o)
                0x0000000008006bc4                _fwalk_sglue
 .text._vsprintf_r
                0x0000000008006c00       0x2c /Applications/STM32CubeIDE.app/Contents/Eclipse/plugins/com.st.stm32cube.ide.mcu.externaltools.gnu-tools-for-stm32.11.3.rel1.macos64_1.1.0.202305231506/tools/bin/../lib/gcc/arm-none-eabi/11.3.1/../../../../arm-none-eabi/lib/thumb/v7e-m+fp/hard/libc_nano.a(libc_a-vsprintf.o)
                0x0000000008006c00                _vsiprintf_r
                0x0000000008006c00                _vsprintf_r
 .text.vsprintf
                0x0000000008006c2c       0x14 /Applications/STM32CubeIDE.app/Contents/Eclipse/plugins/com.st.stm32cube.ide.mcu.externaltools.gnu-tools-for-stm32.11.3.rel1.macos64_1.1.0.202305231506/tools/bin/../lib/gcc/arm-none-eabi/11.3.1/../../../../arm-none-eabi/lib/thumb/v7e-m+fp/hard/libc_nano.a(libc_a-vsprintf.o)
                0x0000000008006c2c                vsprintf
                0x0000000008006c2c                vsiprintf
 .text.memset   0x0000000008006c40       0x10 /Applications/STM32CubeIDE.app/Contents/Eclipse/plugins/com.st.stm32cube.ide.mcu.externaltools.gnu-tools-for-stm32.11.3.rel1.macos64_1.1.0.202305231506/tools/bin/../lib/gcc/arm-none-eabi/11.3.1/../../../../arm-none-eabi/lib/thumb/v7e-m+fp/hard/libc_nano.a(libc_a-memset.o)
                0x0000000008006c40                memset
 .text._localeconv_r
                0x0000000008006c50        0x8 /Applications/STM32CubeIDE.app/Contents/Eclipse/plugins/com.st.stm32cube.ide.mcu.externaltools.gnu-tools-for-stm32.11.3.rel1.macos64_1.1.0.202305231506/tools/bin/../lib/gcc/arm-none-eabi/11.3.1/../../../../arm-none-eabi/lib/thumb/v7e-m+fp/hard/libc_nano.a(libc_a-localeconv.o)
                0x0000000008006c50                _localeconv_r
 .text.__errno  0x0000000008006c58        0xc /Applications/STM32CubeIDE.app/Contents/Eclipse/plugins/com.st.stm32cube.ide.mcu.externaltools.gnu-tools-for-stm32.11.3.rel1.macos64_1.1.0.202305231506/tools/bin/../lib/gcc/arm-none-eabi/11.3.1/../../../../arm-none-eabi/lib/thumb/v7e-m+fp/hard/libc_nano.a(libc_a-errno.o)
                0x0000000008006c58                __errno
 .text.__libc_init_array
                0x0000000008006c64       0x48 /Applications/STM32CubeIDE.app/Contents/Eclipse/plugins/com.st.stm32cube.ide.mcu.externaltools.gnu-tools-for-stm32.11.3.rel1.macos64_1.1.0.202305231506/tools/bin/../lib/gcc/arm-none-eabi/11.3.1/../../../../arm-none-eabi/lib/thumb/v7e-m+fp/hard/libc_nano.a(libc_a-init.o)
                0x0000000008006c64                __libc_init_array
 .text.__retarget_lock_acquire_recursive
                0x0000000008006cac        0x2 /Applications/STM32CubeIDE.app/Contents/Eclipse/plugins/com.st.stm32cube.ide.mcu.externaltools.gnu-tools-for-stm32.11.3.rel1.macos64_1.1.0.202305231506/tools/bin/../lib/gcc/arm-none-eabi/11.3.1/../../../../arm-none-eabi/lib/thumb/v7e-m+fp/hard/libc_nano.a(libc_a-lock.o)
                0x0000000008006cac                __retarget_lock_acquire_recursive
 .text.__retarget_lock_release_recursive
                0x0000000008006cae        0x2 /Applications/STM32CubeIDE.app/Contents/Eclipse/plugins/com.st.stm32cube.ide.mcu.externaltools.gnu-tools-for-stm32.11.3.rel1.macos64_1.1.0.202305231506/tools/bin/../lib/gcc/arm-none-eabi/11.3.1/../../../../arm-none-eabi/lib/thumb/v7e-m+fp/hard/libc_nano.a(libc_a-lock.o)
                0x0000000008006cae                __retarget_lock_release_recursive
 .text.memcpy   0x0000000008006cb0       0x1c /Applications/STM32CubeIDE.app/Contents/Eclipse/plugins/com.st.stm32cube.ide.mcu.externaltools.gnu-tools-for-stm32.11.3.rel1.macos64_1.1.0.202305231506/tools/bin/../lib/gcc/arm-none-eabi/11.3.1/../../../../arm-none-eabi/lib/thumb/v7e-m+fp/hard/libc_nano.a(libc_a-memcpy-stub.o)
                0x0000000008006cb0                memcpy
 .text.quorem   0x0000000008006ccc      0x110 /Applications/STM32CubeIDE.app/Contents/Eclipse/plugins/com.st.stm32cube.ide.mcu.externaltools.gnu-tools-for-stm32.11.3.rel1.macos64_1.1.0.202305231506/tools/bin/../lib/gcc/arm-none-eabi/11.3.1/../../../../arm-none-eabi/lib/thumb/v7e-m+fp/hard/libc_nano.a(libc_a-dtoa.o)
 *fill*         0x0000000008006ddc        0x4 
 .text._dtoa_r  0x0000000008006de0      0xbe4 /Applications/STM32CubeIDE.app/Contents/Eclipse/plugins/com.st.stm32cube.ide.mcu.externaltools.gnu-tools-for-stm32.11.3.rel1.macos64_1.1.0.202305231506/tools/bin/../lib/gcc/arm-none-eabi/11.3.1/../../../../arm-none-eabi/lib/thumb/v7e-m+fp/hard/libc_nano.a(libc_a-dtoa.o)
                0x0000000008006de0                _dtoa_r
 .text.__ssputs_r
                0x00000000080079c4       0xb4 /Applications/STM32CubeIDE.app/Contents/Eclipse/plugins/com.st.stm32cube.ide.mcu.externaltools.gnu-tools-for-stm32.11.3.rel1.macos64_1.1.0.202305231506/tools/bin/../lib/gcc/arm-none-eabi/11.3.1/../../../../arm-none-eabi/lib/thumb/v7e-m+fp/hard/libc_nano.a(libc_a-nano-svfprintf.o)
                0x00000000080079c4                __ssputs_r
 .text._svfprintf_r
                0x0000000008007a78      0x1fc /Applications/STM32CubeIDE.app/Contents/Eclipse/plugins/com.st.stm32cube.ide.mcu.externaltools.gnu-tools-for-stm32.11.3.rel1.macos64_1.1.0.202305231506/tools/bin/../lib/gcc/arm-none-eabi/11.3.1/../../../../arm-none-eabi/lib/thumb/v7e-m+fp/hard/libc_nano.a(libc_a-nano-svfprintf.o)
                0x0000000008007a78                _svfprintf_r
                0x0000000008007a78                _svfiprintf_r
 .text.malloc   0x0000000008007c74       0x10 /Applications/STM32CubeIDE.app/Contents/Eclipse/plugins/com.st.stm32cube.ide.mcu.externaltools.gnu-tools-for-stm32.11.3.rel1.macos64_1.1.0.202305231506/tools/bin/../lib/gcc/arm-none-eabi/11.3.1/../../../../arm-none-eabi/lib/thumb/v7e-m+fp/hard/libc_nano.a(libc_a-malloc.o)
                0x0000000008007c74                malloc
 .text.sbrk_aligned
                0x0000000008007c84       0x40 /Applications/STM32CubeIDE.app/Contents/Eclipse/plugins/com.st.stm32cube.ide.mcu.externaltools.gnu-tools-for-stm32.11.3.rel1.macos64_1.1.0.202305231506/tools/bin/../lib/gcc/arm-none-eabi/11.3.1/../../../../arm-none-eabi/lib/thumb/v7e-m+fp/hard/libc_nano.a(libc_a-mallocr.o)
 .text._malloc_r
                0x0000000008007cc4      0x100 /Applications/STM32CubeIDE.app/Contents/Eclipse/plugins/com.st.stm32cube.ide.mcu.externaltools.gnu-tools-for-stm32.11.3.rel1.macos64_1.1.0.202305231506/tools/bin/../lib/gcc/arm-none-eabi/11.3.1/../../../../arm-none-eabi/lib/thumb/v7e-m+fp/hard/libc_nano.a(libc_a-mallocr.o)
                0x0000000008007cc4                _malloc_r
 .text.__sflush_r
                0x0000000008007dc4      0x10c /Applications/STM32CubeIDE.app/Contents/Eclipse/plugins/com.st.stm32cube.ide.mcu.externaltools.gnu-tools-for-stm32.11.3.rel1.macos64_1.1.0.202305231506/tools/bin/../lib/gcc/arm-none-eabi/11.3.1/../../../../arm-none-eabi/lib/thumb/v7e-m+fp/hard/libc_nano.a(libc_a-fflush.o)
                0x0000000008007dc4                __sflush_r
 .text._fflush_r
                0x0000000008007ed0       0x50 /Applications/STM32CubeIDE.app/Contents/Eclipse/plugins/com.st.stm32cube.ide.mcu.externaltools.gnu-tools-for-stm32.11.3.rel1.macos64_1.1.0.202305231506/tools/bin/../lib/gcc/arm-none-eabi/11.3.1/../../../../arm-none-eabi/lib/thumb/v7e-m+fp/hard/libc_nano.a(libc_a-fflush.o)
                0x0000000008007ed0                _fflush_r
 .text.__malloc_lock
                0x0000000008007f20        0xc /Applications/STM32CubeIDE.app/Contents/Eclipse/plugins/com.st.stm32cube.ide.mcu.externaltools.gnu-tools-for-stm32.11.3.rel1.macos64_1.1.0.202305231506/tools/bin/../lib/gcc/arm-none-eabi/11.3.1/../../../../arm-none-eabi/lib/thumb/v7e-m+fp/hard/libc_nano.a(libc_a-mlock.o)
                0x0000000008007f20                __malloc_lock
 .text.__malloc_unlock
                0x0000000008007f2c        0xc /Applications/STM32CubeIDE.app/Contents/Eclipse/plugins/com.st.stm32cube.ide.mcu.externaltools.gnu-tools-for-stm32.11.3.rel1.macos64_1.1.0.202305231506/tools/bin/../lib/gcc/arm-none-eabi/11.3.1/../../../../arm-none-eabi/lib/thumb/v7e-m+fp/hard/libc_nano.a(libc_a-mlock.o)
                0x0000000008007f2c                __malloc_unlock
 .text._Balloc  0x0000000008007f38       0x80 /Applications/STM32CubeIDE.app/Contents/Eclipse/plugins/com.st.stm32cube.ide.mcu.externaltools.gnu-tools-for-stm32.11.3.rel1.macos64_1.1.0.202305231506/tools/bin/../lib/gcc/arm-none-eabi/11.3.1/../../../../arm-none-eabi/lib/thumb/v7e-m+fp/hard/libc_nano.a(libc_a-mprec.o)
                0x0000000008007f38                _Balloc
 .text._Bfree   0x0000000008007fb8       0x44 /Applications/STM32CubeIDE.app/Contents/Eclipse/plugins/com.st.stm32cube.ide.mcu.externaltools.gnu-tools-for-stm32.11.3.rel1.macos64_1.1.0.202305231506/tools/bin/../lib/gcc/arm-none-eabi/11.3.1/../../../../arm-none-eabi/lib/thumb/v7e-m+fp/hard/libc_nano.a(libc_a-mprec.o)
                0x0000000008007fb8                _Bfree
 .text.__multadd
                0x0000000008007ffc       0x8c /Applications/STM32CubeIDE.app/Contents/Eclipse/plugins/com.st.stm32cube.ide.mcu.externaltools.gnu-tools-for-stm32.11.3.rel1.macos64_1.1.0.202305231506/tools/bin/../lib/gcc/arm-none-eabi/11.3.1/../../../../arm-none-eabi/lib/thumb/v7e-m+fp/hard/libc_nano.a(libc_a-mprec.o)
                0x0000000008007ffc                __multadd
 .text.__hi0bits
                0x0000000008008088       0x40 /Applications/STM32CubeIDE.app/Contents/Eclipse/plugins/com.st.stm32cube.ide.mcu.externaltools.gnu-tools-for-stm32.11.3.rel1.macos64_1.1.0.202305231506/tools/bin/../lib/gcc/arm-none-eabi/11.3.1/../../../../arm-none-eabi/lib/thumb/v7e-m+fp/hard/libc_nano.a(libc_a-mprec.o)
                0x0000000008008088                __hi0bits
 .text.__lo0bits
                0x00000000080080c8       0x5a /Applications/STM32CubeIDE.app/Contents/Eclipse/plugins/com.st.stm32cube.ide.mcu.externaltools.gnu-tools-for-stm32.11.3.rel1.macos64_1.1.0.202305231506/tools/bin/../lib/gcc/arm-none-eabi/11.3.1/../../../../arm-none-eabi/lib/thumb/v7e-m+fp/hard/libc_nano.a(libc_a-mprec.o)
                0x00000000080080c8                __lo0bits
 *fill*         0x0000000008008122        0x2 
 .text.__i2b    0x0000000008008124       0x2c /Applications/STM32CubeIDE.app/Contents/Eclipse/plugins/com.st.stm32cube.ide.mcu.externaltools.gnu-tools-for-stm32.11.3.rel1.macos64_1.1.0.202305231506/tools/bin/../lib/gcc/arm-none-eabi/11.3.1/../../../../arm-none-eabi/lib/thumb/v7e-m+fp/hard/libc_nano.a(libc_a-mprec.o)
                0x0000000008008124                __i2b
 .text.__multiply
                0x0000000008008150      0x154 /Applications/STM32CubeIDE.app/Contents/Eclipse/plugins/com.st.stm32cube.ide.mcu.externaltools.gnu-tools-for-stm32.11.3.rel1.macos64_1.1.0.202305231506/tools/bin/../lib/gcc/arm-none-eabi/11.3.1/../../../../arm-none-eabi/lib/thumb/v7e-m+fp/hard/libc_nano.a(libc_a-mprec.o)
                0x0000000008008150                __multiply
 .text.__pow5mult
                0x00000000080082a4       0xb4 /Applications/STM32CubeIDE.app/Contents/Eclipse/plugins/com.st.stm32cube.ide.mcu.externaltools.gnu-tools-for-stm32.11.3.rel1.macos64_1.1.0.202305231506/tools/bin/../lib/gcc/arm-none-eabi/11.3.1/../../../../arm-none-eabi/lib/thumb/v7e-m+fp/hard/libc_nano.a(libc_a-mprec.o)
                0x00000000080082a4                __pow5mult
 .text.__lshift
                0x0000000008008358       0xd8 /Applications/STM32CubeIDE.app/Contents/Eclipse/plugins/com.st.stm32cube.ide.mcu.externaltools.gnu-tools-for-stm32.11.3.rel1.macos64_1.1.0.202305231506/tools/bin/../lib/gcc/arm-none-eabi/11.3.1/../../../../arm-none-eabi/lib/thumb/v7e-m+fp/hard/libc_nano.a(libc_a-mprec.o)
                0x0000000008008358                __lshift
 .text.__mcmp   0x0000000008008430       0x38 /Applications/STM32CubeIDE.app/Contents/Eclipse/plugins/com.st.stm32cube.ide.mcu.externaltools.gnu-tools-for-stm32.11.3.rel1.macos64_1.1.0.202305231506/tools/bin/../lib/gcc/arm-none-eabi/11.3.1/../../../../arm-none-eabi/lib/thumb/v7e-m+fp/hard/libc_nano.a(libc_a-mprec.o)
                0x0000000008008430                __mcmp
 .text.__mdiff  0x0000000008008468      0x114 /Applications/STM32CubeIDE.app/Contents/Eclipse/plugins/com.st.stm32cube.ide.mcu.externaltools.gnu-tools-for-stm32.11.3.rel1.macos64_1.1.0.202305231506/tools/bin/../lib/gcc/arm-none-eabi/11.3.1/../../../../arm-none-eabi/lib/thumb/v7e-m+fp/hard/libc_nano.a(libc_a-mprec.o)
                0x0000000008008468                __mdiff
 .text.__d2b    0x000000000800857c       0xb4 /Applications/STM32CubeIDE.app/Contents/Eclipse/plugins/com.st.stm32cube.ide.mcu.externaltools.gnu-tools-for-stm32.11.3.rel1.macos64_1.1.0.202305231506/tools/bin/../lib/gcc/arm-none-eabi/11.3.1/../../../../arm-none-eabi/lib/thumb/v7e-m+fp/hard/libc_nano.a(libc_a-mprec.o)
                0x000000000800857c                __d2b
 .text.__sread  0x0000000008008630       0x22 /Applications/STM32CubeIDE.app/Contents/Eclipse/plugins/com.st.stm32cube.ide.mcu.externaltools.gnu-tools-for-stm32.11.3.rel1.macos64_1.1.0.202305231506/tools/bin/../lib/gcc/arm-none-eabi/11.3.1/../../../../arm-none-eabi/lib/thumb/v7e-m+fp/hard/libc_nano.a(libc_a-stdio.o)
                0x0000000008008630                __sread
 .text.__swrite
                0x0000000008008652       0x38 /Applications/STM32CubeIDE.app/Contents/Eclipse/plugins/com.st.stm32cube.ide.mcu.externaltools.gnu-tools-for-stm32.11.3.rel1.macos64_1.1.0.202305231506/tools/bin/../lib/gcc/arm-none-eabi/11.3.1/../../../../arm-none-eabi/lib/thumb/v7e-m+fp/hard/libc_nano.a(libc_a-stdio.o)
                0x0000000008008652                __swrite
 .text.__sseek  0x000000000800868a       0x24 /Applications/STM32CubeIDE.app/Contents/Eclipse/plugins/com.st.stm32cube.ide.mcu.externaltools.gnu-tools-for-stm32.11.3.rel1.macos64_1.1.0.202305231506/tools/bin/../lib/gcc/arm-none-eabi/11.3.1/../../../../arm-none-eabi/lib/thumb/v7e-m+fp/hard/libc_nano.a(libc_a-stdio.o)
                0x000000000800868a                __sseek
 .text.__sclose
                0x00000000080086ae        0x8 /Applications/STM32CubeIDE.app/Contents/Eclipse/plugins/com.st.stm32cube.ide.mcu.externaltools.gnu-tools-for-stm32.11.3.rel1.macos64_1.1.0.202305231506/tools/bin/../lib/gcc/arm-none-eabi/11.3.1/../../../../arm-none-eabi/lib/thumb/v7e-m+fp/hard/libc_nano.a(libc_a-stdio.o)
                0x00000000080086ae                __sclose
 .text._realloc_r
                0x00000000080086b6       0x5e /Applications/STM32CubeIDE.app/Contents/Eclipse/plugins/com.st.stm32cube.ide.mcu.externaltools.gnu-tools-for-stm32.11.3.rel1.macos64_1.1.0.202305231506/tools/bin/../lib/gcc/arm-none-eabi/11.3.1/../../../../arm-none-eabi/lib/thumb/v7e-m+fp/hard/libc_nano.a(libc_a-reallocr.o)
                0x00000000080086b6                _realloc_r
 .text.memmove  0x0000000008008714       0x34 /Applications/STM32CubeIDE.app/Contents/Eclipse/plugins/com.st.stm32cube.ide.mcu.externaltools.gnu-tools-for-stm32.11.3.rel1.macos64_1.1.0.202305231506/tools/bin/../lib/gcc/arm-none-eabi/11.3.1/../../../../arm-none-eabi/lib/thumb/v7e-m+fp/hard/libc_nano.a(libc_a-memmove.o)
                0x0000000008008714                memmove
 .text._close_r
                0x0000000008008748       0x20 /Applications/STM32CubeIDE.app/Contents/Eclipse/plugins/com.st.stm32cube.ide.mcu.externaltools.gnu-tools-for-stm32.11.3.rel1.macos64_1.1.0.202305231506/tools/bin/../lib/gcc/arm-none-eabi/11.3.1/../../../../arm-none-eabi/lib/thumb/v7e-m+fp/hard/libc_nano.a(libc_a-closer.o)
                0x0000000008008748                _close_r
 .text._lseek_r
                0x0000000008008768       0x24 /Applications/STM32CubeIDE.app/Contents/Eclipse/plugins/com.st.stm32cube.ide.mcu.externaltools.gnu-tools-for-stm32.11.3.rel1.macos64_1.1.0.202305231506/tools/bin/../lib/gcc/arm-none-eabi/11.3.1/../../../../arm-none-eabi/lib/thumb/v7e-m+fp/hard/libc_nano.a(libc_a-lseekr.o)
                0x0000000008008768                _lseek_r
 .text._read_r  0x000000000800878c       0x24 /Applications/STM32CubeIDE.app/Contents/Eclipse/plugins/com.st.stm32cube.ide.mcu.externaltools.gnu-tools-for-stm32.11.3.rel1.macos64_1.1.0.202305231506/tools/bin/../lib/gcc/arm-none-eabi/11.3.1/../../../../arm-none-eabi/lib/thumb/v7e-m+fp/hard/libc_nano.a(libc_a-readr.o)
                0x000000000800878c                _read_r
 .text._sbrk_r  0x00000000080087b0       0x20 /Applications/STM32CubeIDE.app/Contents/Eclipse/plugins/com.st.stm32cube.ide.mcu.externaltools.gnu-tools-for-stm32.11.3.rel1.macos64_1.1.0.202305231506/tools/bin/../lib/gcc/arm-none-eabi/11.3.1/../../../../arm-none-eabi/lib/thumb/v7e-m+fp/hard/libc_nano.a(libc_a-sbrkr.o)
                0x00000000080087b0                _sbrk_r
 .text._write_r
                0x00000000080087d0       0x24 /Applications/STM32CubeIDE.app/Contents/Eclipse/plugins/com.st.stm32cube.ide.mcu.externaltools.gnu-tools-for-stm32.11.3.rel1.macos64_1.1.0.202305231506/tools/bin/../lib/gcc/arm-none-eabi/11.3.1/../../../../arm-none-eabi/lib/thumb/v7e-m+fp/hard/libc_nano.a(libc_a-writer.o)
                0x00000000080087d0                _write_r
 .text.__assert_func
                0x00000000080087f4       0x3c /Applications/STM32CubeIDE.app/Contents/Eclipse/plugins/com.st.stm32cube.ide.mcu.externaltools.gnu-tools-for-stm32.11.3.rel1.macos64_1.1.0.202305231506/tools/bin/../lib/gcc/arm-none-eabi/11.3.1/../../../../arm-none-eabi/lib/thumb/v7e-m+fp/hard/libc_nano.a(libc_a-assert.o)
                0x00000000080087f4                __assert_func
 .text._calloc_r
                0x0000000008008830       0x2c /Applications/STM32CubeIDE.app/Contents/Eclipse/plugins/com.st.stm32cube.ide.mcu.externaltools.gnu-tools-for-stm32.11.3.rel1.macos64_1.1.0.202305231506/tools/bin/../lib/gcc/arm-none-eabi/11.3.1/../../../../arm-none-eabi/lib/thumb/v7e-m+fp/hard/libc_nano.a(libc_a-callocr.o)
                0x0000000008008830                _calloc_r
 .text._free_r  0x000000000800885c       0x98 /Applications/STM32CubeIDE.app/Contents/Eclipse/plugins/com.st.stm32cube.ide.mcu.externaltools.gnu-tools-for-stm32.11.3.rel1.macos64_1.1.0.202305231506/tools/bin/../lib/gcc/arm-none-eabi/11.3.1/../../../../arm-none-eabi/lib/thumb/v7e-m+fp/hard/libc_nano.a(libc_a-freer.o)
                0x000000000800885c                _free_r
 .text.__ascii_mbtowc
                0x00000000080088f4       0x24 /Applications/STM32CubeIDE.app/Contents/Eclipse/plugins/com.st.stm32cube.ide.mcu.externaltools.gnu-tools-for-stm32.11.3.rel1.macos64_1.1.0.202305231506/tools/bin/../lib/gcc/arm-none-eabi/11.3.1/../../../../arm-none-eabi/lib/thumb/v7e-m+fp/hard/libc_nano.a(libc_a-mbtowc_r.o)
                0x00000000080088f4                __ascii_mbtowc
 .text._malloc_usable_size_r
                0x0000000008008918       0x10 /Applications/STM32CubeIDE.app/Contents/Eclipse/plugins/com.st.stm32cube.ide.mcu.externaltools.gnu-tools-for-stm32.11.3.rel1.macos64_1.1.0.202305231506/tools/bin/../lib/gcc/arm-none-eabi/11.3.1/../../../../arm-none-eabi/lib/thumb/v7e-m+fp/hard/libc_nano.a(libc_a-msizer.o)
                0x0000000008008918                _malloc_usable_size_r
 .text.fprintf  0x0000000008008928       0x24 /Applications/STM32CubeIDE.app/Contents/Eclipse/plugins/com.st.stm32cube.ide.mcu.externaltools.gnu-tools-for-stm32.11.3.rel1.macos64_1.1.0.202305231506/tools/bin/../lib/gcc/arm-none-eabi/11.3.1/../../../../arm-none-eabi/lib/thumb/v7e-m+fp/hard/libc_nano.a(libc_a-fprintf.o)
                0x0000000008008928                fprintf
                0x0000000008008928                fiprintf
 .text.__ascii_wctomb
                0x000000000800894c       0x1a /Applications/STM32CubeIDE.app/Contents/Eclipse/plugins/com.st.stm32cube.ide.mcu.externaltools.gnu-tools-for-stm32.11.3.rel1.macos64_1.1.0.202305231506/tools/bin/../lib/gcc/arm-none-eabi/11.3.1/../../../../arm-none-eabi/lib/thumb/v7e-m+fp/hard/libc_nano.a(libc_a-wctomb_r.o)
                0x000000000800894c                __ascii_wctomb
 .text.abort    0x0000000008008966        0xe /Applications/STM32CubeIDE.app/Contents/Eclipse/plugins/com.st.stm32cube.ide.mcu.externaltools.gnu-tools-for-stm32.11.3.rel1.macos64_1.1.0.202305231506/tools/bin/../lib/gcc/arm-none-eabi/11.3.1/../../../../arm-none-eabi/lib/thumb/v7e-m+fp/hard/libc_nano.a(libc_a-abort.o)
                0x0000000008008966                abort
 .text.__sfputc_r
                0x0000000008008974       0x2e /Applications/STM32CubeIDE.app/Contents/Eclipse/plugins/com.st.stm32cube.ide.mcu.externaltools.gnu-tools-for-stm32.11.3.rel1.macos64_1.1.0.202305231506/tools/bin/../lib/gcc/arm-none-eabi/11.3.1/../../../../arm-none-eabi/lib/thumb/v7e-m+fp/hard/libc_nano.a(libc_a-nano-vfprintf.o)
 .text.__sfputs_r
                0x00000000080089a2       0x24 /Applications/STM32CubeIDE.app/Contents/Eclipse/plugins/com.st.stm32cube.ide.mcu.externaltools.gnu-tools-for-stm32.11.3.rel1.macos64_1.1.0.202305231506/tools/bin/../lib/gcc/arm-none-eabi/11.3.1/../../../../arm-none-eabi/lib/thumb/v7e-m+fp/hard/libc_nano.a(libc_a-nano-vfprintf.o)
                0x00000000080089a2                __sfputs_r
 *fill*         0x00000000080089c6        0x2 
 .text._vfprintf_r
                0x00000000080089c8      0x234 /Applications/STM32CubeIDE.app/Contents/Eclipse/plugins/com.st.stm32cube.ide.mcu.externaltools.gnu-tools-for-stm32.11.3.rel1.macos64_1.1.0.202305231506/tools/bin/../lib/gcc/arm-none-eabi/11.3.1/../../../../arm-none-eabi/lib/thumb/v7e-m+fp/hard/libc_nano.a(libc_a-nano-vfprintf.o)
                0x00000000080089c8                _vfiprintf_r
                0x00000000080089c8                _vfprintf_r
 .text.__swbuf_r
                0x0000000008008bfc       0x7a /Applications/STM32CubeIDE.app/Contents/Eclipse/plugins/com.st.stm32cube.ide.mcu.externaltools.gnu-tools-for-stm32.11.3.rel1.macos64_1.1.0.202305231506/tools/bin/../lib/gcc/arm-none-eabi/11.3.1/../../../../arm-none-eabi/lib/thumb/v7e-m+fp/hard/libc_nano.a(libc_a-wbuf.o)
                0x0000000008008bfc                __swbuf_r
 *fill*         0x0000000008008c76        0x2 
 .text.__swsetup_r
                0x0000000008008c78       0xb0 /Applications/STM32CubeIDE.app/Contents/Eclipse/plugins/com.st.stm32cube.ide.mcu.externaltools.gnu-tools-for-stm32.11.3.rel1.macos64_1.1.0.202305231506/tools/bin/../lib/gcc/arm-none-eabi/11.3.1/../../../../arm-none-eabi/lib/thumb/v7e-m+fp/hard/libc_nano.a(libc_a-wsetup.o)
                0x0000000008008c78                __swsetup_r
 .text.__swhatbuf_r
                0x0000000008008d28       0x4c /Applications/STM32CubeIDE.app/Contents/Eclipse/plugins/com.st.stm32cube.ide.mcu.externaltools.gnu-tools-for-stm32.11.3.rel1.macos64_1.1.0.202305231506/tools/bin/../lib/gcc/arm-none-eabi/11.3.1/../../../../arm-none-eabi/lib/thumb/v7e-m+fp/hard/libc_nano.a(libc_a-makebuf.o)
                0x0000000008008d28                __swhatbuf_r
 .text.__smakebuf_r
                0x0000000008008d74       0x78 /Applications/STM32CubeIDE.app/Contents/Eclipse/plugins/com.st.stm32cube.ide.mcu.externaltools.gnu-tools-for-stm32.11.3.rel1.macos64_1.1.0.202305231506/tools/bin/../lib/gcc/arm-none-eabi/11.3.1/../../../../arm-none-eabi/lib/thumb/v7e-m+fp/hard/libc_nano.a(libc_a-makebuf.o)
                0x0000000008008d74                __smakebuf_r
 .text._fstat_r
                0x0000000008008dec       0x24 /Applications/STM32CubeIDE.app/Contents/Eclipse/plugins/com.st.stm32cube.ide.mcu.externaltools.gnu-tools-for-stm32.11.3.rel1.macos64_1.1.0.202305231506/tools/bin/../lib/gcc/arm-none-eabi/11.3.1/../../../../arm-none-eabi/lib/thumb/v7e-m+fp/hard/libc_nano.a(libc_a-fstatr.o)
                0x0000000008008dec                _fstat_r
 .text._isatty_r
                0x0000000008008e10       0x20 /Applications/STM32CubeIDE.app/Contents/Eclipse/plugins/com.st.stm32cube.ide.mcu.externaltools.gnu-tools-for-stm32.11.3.rel1.macos64_1.1.0.202305231506/tools/bin/../lib/gcc/arm-none-eabi/11.3.1/../../../../arm-none-eabi/lib/thumb/v7e-m+fp/hard/libc_nano.a(libc_a-isattyr.o)
                0x0000000008008e10                _isatty_r
 .text._raise_r
                0x0000000008008e30       0x50 /Applications/STM32CubeIDE.app/Contents/Eclipse/plugins/com.st.stm32cube.ide.mcu.externaltools.gnu-tools-for-stm32.11.3.rel1.macos64_1.1.0.202305231506/tools/bin/../lib/gcc/arm-none-eabi/11.3.1/../../../../arm-none-eabi/lib/thumb/v7e-m+fp/hard/libc_nano.a(libc_a-signal.o)
                0x0000000008008e30                _raise_r
 .text.raise    0x0000000008008e80       0x10 /Applications/STM32CubeIDE.app/Contents/Eclipse/plugins/com.st.stm32cube.ide.mcu.externaltools.gnu-tools-for-stm32.11.3.rel1.macos64_1.1.0.202305231506/tools/bin/../lib/gcc/arm-none-eabi/11.3.1/../../../../arm-none-eabi/lib/thumb/v7e-m+fp/hard/libc_nano.a(libc_a-signal.o)
                0x0000000008008e80                raise
 .text._kill_r  0x0000000008008e90       0x24 /Applications/STM32CubeIDE.app/Contents/Eclipse/plugins/com.st.stm32cube.ide.mcu.externaltools.gnu-tools-for-stm32.11.3.rel1.macos64_1.1.0.202305231506/tools/bin/../lib/gcc/arm-none-eabi/11.3.1/../../../../arm-none-eabi/lib/thumb/v7e-m+fp/hard/libc_nano.a(libc_a-signalr.o)
                0x0000000008008e90                _kill_r
 .text._getpid_r
                0x0000000008008eb4        0x4 /Applications/STM32CubeIDE.app/Contents/Eclipse/plugins/com.st.stm32cube.ide.mcu.externaltools.gnu-tools-for-stm32.11.3.rel1.macos64_1.1.0.202305231506/tools/bin/../lib/gcc/arm-none-eabi/11.3.1/../../../../arm-none-eabi/lib/thumb/v7e-m+fp/hard/libc_nano.a(libc_a-signalr.o)
                0x0000000008008eb4                _getpid_r
 *(.glue_7)
 .glue_7        0x0000000008008eb8        0x0 linker stubs
 *(.glue_7t)
 .glue_7t       0x0000000008008eb8        0x0 linker stubs
 *(.eh_frame)
 .eh_frame      0x0000000008008eb8        0x0 /Applications/STM32CubeIDE.app/Contents/Eclipse/plugins/com.st.stm32cube.ide.mcu.externaltools.gnu-tools-for-stm32.11.3.rel1.macos64_1.1.0.202305231506/tools/bin/../lib/gcc/arm-none-eabi/11.3.1/thumb/v7e-m+fp/hard/crtbegin.o
 *(.init)
 .init          0x0000000008008eb8        0x4 /Applications/STM32CubeIDE.app/Contents/Eclipse/plugins/com.st.stm32cube.ide.mcu.externaltools.gnu-tools-for-stm32.11.3.rel1.macos64_1.1.0.202305231506/tools/bin/../lib/gcc/arm-none-eabi/11.3.1/thumb/v7e-m+fp/hard/crti.o
                0x0000000008008eb8                _init
 .init          0x0000000008008ebc        0x8 /Applications/STM32CubeIDE.app/Contents/Eclipse/plugins/com.st.stm32cube.ide.mcu.externaltools.gnu-tools-for-stm32.11.3.rel1.macos64_1.1.0.202305231506/tools/bin/../lib/gcc/arm-none-eabi/11.3.1/thumb/v7e-m+fp/hard/crtn.o
 *(.fini)
 .fini          0x0000000008008ec4        0x4 /Applications/STM32CubeIDE.app/Contents/Eclipse/plugins/com.st.stm32cube.ide.mcu.externaltools.gnu-tools-for-stm32.11.3.rel1.macos64_1.1.0.202305231506/tools/bin/../lib/gcc/arm-none-eabi/11.3.1/thumb/v7e-m+fp/hard/crti.o
                0x0000000008008ec4                _fini
 .fini          0x0000000008008ec8        0x8 /Applications/STM32CubeIDE.app/Contents/Eclipse/plugins/com.st.stm32cube.ide.mcu.externaltools.gnu-tools-for-stm32.11.3.rel1.macos64_1.1.0.202305231506/tools/bin/../lib/gcc/arm-none-eabi/11.3.1/thumb/v7e-m+fp/hard/crtn.o
                0x0000000008008ed0                . = ALIGN (0x4)
                0x0000000008008ed0                _etext = .

.vfp11_veneer   0x0000000008008ed0        0x0
 .vfp11_veneer  0x0000000008008ed0        0x0 linker stubs

.v4_bx          0x0000000008008ed0        0x0
 .v4_bx         0x0000000008008ed0        0x0 linker stubs

.iplt           0x0000000008008ed0        0x0
 .iplt          0x0000000008008ed0        0x0 /Applications/STM32CubeIDE.app/Contents/Eclipse/plugins/com.st.stm32cube.ide.mcu.externaltools.gnu-tools-for-stm32.11.3.rel1.macos64_1.1.0.202305231506/tools/bin/../lib/gcc/arm-none-eabi/11.3.1/thumb/v7e-m+fp/hard/crtbegin.o

.rodata         0x0000000008008ed0      0x9e4
                0x0000000008008ed0                . = ALIGN (0x4)
 *(.rodata)
 .rodata        0x0000000008008ed0       0xe3 ./External Library/Src/custom_flash.o
 *fill*         0x0000000008008fb3        0x1 
 .rodata        0x0000000008008fb4       0x25 ./External Library/Src/custom_oled.o
 *fill*         0x0000000008008fd9        0x3 
 .rodata        0x0000000008008fdc       0x88 ./Main/Src/drive_preset.o
 .rodata        0x0000000008009064       0xcc ./Main/Src/init.o
 .rodata        0x0000000008009130      0x12d ./Main/Src/linetracer_test.o
 *fill*         0x000000000800925d        0x3 
 .rodata        0x0000000008009260       0x4b ./Main/Src/sensor.o
 *(.rodata*)
 *fill*         0x00000000080092ab        0x1 
 .rodata.AHBPrescTable
                0x00000000080092ac       0x10 ./Core/Src/system_stm32f4xx.o
                0x00000000080092ac                AHBPrescTable
 .rodata.APBPrescTable
                0x00000000080092bc        0x8 ./Core/Src/system_stm32f4xx.o
                0x00000000080092bc                APBPrescTable
 .rodata.STARFONT_ASCII
                0x00000000080092c4      0x280 ./External Library/Src/custom_oled.o
                0x00000000080092c4                STARFONT_ASCII
 .rodata._printf_float.str1.1
                0x0000000008009544       0x12 /Applications/STM32CubeIDE.app/Contents/Eclipse/plugins/com.st.stm32cube.ide.mcu.externaltools.gnu-tools-for-stm32.11.3.rel1.macos64_1.1.0.202305231506/tools/bin/../lib/gcc/arm-none-eabi/11.3.1/../../../../arm-none-eabi/lib/thumb/v7e-m+fp/hard/libc_nano.a(libc_a-nano-vfprintf_float.o)
 .rodata._printf_i.str1.1
                0x0000000008009556       0x22 /Applications/STM32CubeIDE.app/Contents/Eclipse/plugins/com.st.stm32cube.ide.mcu.externaltools.gnu-tools-for-stm32.11.3.rel1.macos64_1.1.0.202305231506/tools/bin/../lib/gcc/arm-none-eabi/11.3.1/../../../../arm-none-eabi/lib/thumb/v7e-m+fp/hard/libc_nano.a(libc_a-nano-vfprintf_i.o)
 .rodata._dtoa_r.str1.1
                0x0000000008009578       0x8d /Applications/STM32CubeIDE.app/Contents/Eclipse/plugins/com.st.stm32cube.ide.mcu.externaltools.gnu-tools-for-stm32.11.3.rel1.macos64_1.1.0.202305231506/tools/bin/../lib/gcc/arm-none-eabi/11.3.1/../../../../arm-none-eabi/lib/thumb/v7e-m+fp/hard/libc_nano.a(libc_a-dtoa.o)
                                         0x8f (size before relaxing)
 .rodata._svfprintf_r.str1.1
                0x0000000008009605       0x11 /Applications/STM32CubeIDE.app/Contents/Eclipse/plugins/com.st.stm32cube.ide.mcu.externaltools.gnu-tools-for-stm32.11.3.rel1.macos64_1.1.0.202305231506/tools/bin/../lib/gcc/arm-none-eabi/11.3.1/../../../../arm-none-eabi/lib/thumb/v7e-m+fp/hard/libc_nano.a(libc_a-nano-svfprintf.o)
 .rodata._Balloc.str1.1
                0x0000000008009616       0x59 /Applications/STM32CubeIDE.app/Contents/Eclipse/plugins/com.st.stm32cube.ide.mcu.externaltools.gnu-tools-for-stm32.11.3.rel1.macos64_1.1.0.202305231506/tools/bin/../lib/gcc/arm-none-eabi/11.3.1/../../../../arm-none-eabi/lib/thumb/v7e-m+fp/hard/libc_nano.a(libc_a-mprec.o)
                                         0x70 (size before relaxing)
 .rodata.__multadd.str1.1
                0x000000000800966f       0x11 /Applications/STM32CubeIDE.app/Contents/Eclipse/plugins/com.st.stm32cube.ide.mcu.externaltools.gnu-tools-for-stm32.11.3.rel1.macos64_1.1.0.202305231506/tools/bin/../lib/gcc/arm-none-eabi/11.3.1/../../../../arm-none-eabi/lib/thumb/v7e-m+fp/hard/libc_nano.a(libc_a-mprec.o)
 *fill*         0x000000000800966f        0x1 
 .rodata.__mprec_bigtens
                0x0000000008009670       0x28 /Applications/STM32CubeIDE.app/Contents/Eclipse/plugins/com.st.stm32cube.ide.mcu.externaltools.gnu-tools-for-stm32.11.3.rel1.macos64_1.1.0.202305231506/tools/bin/../lib/gcc/arm-none-eabi/11.3.1/../../../../arm-none-eabi/lib/thumb/v7e-m+fp/hard/libc_nano.a(libc_a-mprec.o)
                0x0000000008009670                __mprec_bigtens
 .rodata.__mprec_tens
                0x0000000008009698       0xc8 /Applications/STM32CubeIDE.app/Contents/Eclipse/plugins/com.st.stm32cube.ide.mcu.externaltools.gnu-tools-for-stm32.11.3.rel1.macos64_1.1.0.202305231506/tools/bin/../lib/gcc/arm-none-eabi/11.3.1/../../../../arm-none-eabi/lib/thumb/v7e-m+fp/hard/libc_nano.a(libc_a-mprec.o)
                0x0000000008009698                __mprec_tens
 .rodata.p05.0  0x0000000008009760        0xc /Applications/STM32CubeIDE.app/Contents/Eclipse/plugins/com.st.stm32cube.ide.mcu.externaltools.gnu-tools-for-stm32.11.3.rel1.macos64_1.1.0.202305231506/tools/bin/../lib/gcc/arm-none-eabi/11.3.1/../../../../arm-none-eabi/lib/thumb/v7e-m+fp/hard/libc_nano.a(libc_a-mprec.o)
 .rodata._setlocale_r.str1.1
                0x000000000800976c        0x8 /Applications/STM32CubeIDE.app/Contents/Eclipse/plugins/com.st.stm32cube.ide.mcu.externaltools.gnu-tools-for-stm32.11.3.rel1.macos64_1.1.0.202305231506/tools/bin/../lib/gcc/arm-none-eabi/11.3.1/../../../../arm-none-eabi/lib/thumb/v7e-m+fp/hard/libc_nano.a(libc_a-locale.o)
                                          0x9 (size before relaxing)
 .rodata.str1.1
                0x0000000008009774        0x2 /Applications/STM32CubeIDE.app/Contents/Eclipse/plugins/com.st.stm32cube.ide.mcu.externaltools.gnu-tools-for-stm32.11.3.rel1.macos64_1.1.0.202305231506/tools/bin/../lib/gcc/arm-none-eabi/11.3.1/../../../../arm-none-eabi/lib/thumb/v7e-m+fp/hard/libc_nano.a(libc_a-locale.o)
 .rodata._ctype_
                0x0000000008009776      0x101 /Applications/STM32CubeIDE.app/Contents/Eclipse/plugins/com.st.stm32cube.ide.mcu.externaltools.gnu-tools-for-stm32.11.3.rel1.macos64_1.1.0.202305231506/tools/bin/../lib/gcc/arm-none-eabi/11.3.1/../../../../arm-none-eabi/lib/thumb/v7e-m+fp/hard/libc_nano.a(libc_a-ctype_.o)
                0x0000000008009776                _ctype_
 .rodata.__assert_func.str1.1
                0x0000000008009877       0x3c /Applications/STM32CubeIDE.app/Contents/Eclipse/plugins/com.st.stm32cube.ide.mcu.externaltools.gnu-tools-for-stm32.11.3.rel1.macos64_1.1.0.202305231506/tools/bin/../lib/gcc/arm-none-eabi/11.3.1/../../../../arm-none-eabi/lib/thumb/v7e-m+fp/hard/libc_nano.a(libc_a-assert.o)
                                         0x3d (size before relaxing)
 .rodata._vfprintf_r.str1.1
                0x00000000080098b3       0x11 /Applications/STM32CubeIDE.app/Contents/Eclipse/plugins/com.st.stm32cube.ide.mcu.externaltools.gnu-tools-for-stm32.11.3.rel1.macos64_1.1.0.202305231506/tools/bin/../lib/gcc/arm-none-eabi/11.3.1/../../../../arm-none-eabi/lib/thumb/v7e-m+fp/hard/libc_nano.a(libc_a-nano-vfprintf.o)
                0x00000000080098c4                . = ALIGN (0x4)
 *fill*         0x00000000080098b3        0x1 

.ARM.extab      0x00000000080098b4        0x0
                0x00000000080098b4                . = ALIGN (0x4)
 *(.ARM.extab* .gnu.linkonce.armextab.*)
                0x00000000080098b4                . = ALIGN (0x4)

.ARM            0x00000000080098b4        0x8
                0x00000000080098b4                . = ALIGN (0x4)
                0x00000000080098b4                __exidx_start = .
 *(.ARM.exidx*)
 .ARM.exidx     0x00000000080098b4        0x8 /Applications/STM32CubeIDE.app/Contents/Eclipse/plugins/com.st.stm32cube.ide.mcu.externaltools.gnu-tools-for-stm32.11.3.rel1.macos64_1.1.0.202305231506/tools/bin/../lib/gcc/arm-none-eabi/11.3.1/thumb/v7e-m+fp/hard/libgcc.a(_udivmoddi4.o)
                0x00000000080098bc                __exidx_end = .
                0x00000000080098bc                . = ALIGN (0x4)

.rel.dyn        0x00000000080098bc        0x0
 .rel.iplt      0x00000000080098bc        0x0 /Applications/STM32CubeIDE.app/Contents/Eclipse/plugins/com.st.stm32cube.ide.mcu.externaltools.gnu-tools-for-stm32.11.3.rel1.macos64_1.1.0.202305231506/tools/bin/../lib/gcc/arm-none-eabi/11.3.1/thumb/v7e-m+fp/hard/crtbegin.o

.preinit_array  0x00000000080098bc        0x0
                0x00000000080098bc                . = ALIGN (0x4)
                0x00000000080098bc                PROVIDE (__preinit_array_start = .)
 *(.preinit_array*)
                0x00000000080098bc                PROVIDE (__preinit_array_end = .)
                0x00000000080098bc                . = ALIGN (0x4)

.init_array     0x00000000080098bc        0x4
                0x00000000080098bc                . = ALIGN (0x4)
                0x00000000080098bc                PROVIDE (__init_array_start = .)
 *(SORT_BY_NAME(.init_array.*))
 *(.init_array*)
 .init_array    0x00000000080098bc        0x4 /Applications/STM32CubeIDE.app/Contents/Eclipse/plugins/com.st.stm32cube.ide.mcu.externaltools.gnu-tools-for-stm32.11.3.rel1.macos64_1.1.0.202305231506/tools/bin/../lib/gcc/arm-none-eabi/11.3.1/thumb/v7e-m+fp/hard/crtbegin.o
                0x00000000080098c0                PROVIDE (__init_array_end = .)
                0x00000000080098c0                . = ALIGN (0x4)

.fini_array     0x00000000080098c0        0x4
                0x00000000080098c0                . = ALIGN (0x4)
                [!provide]                        PROVIDE (__fini_array_start = .)
 *(SORT_BY_NAME(.fini_array.*))
 *(.fini_array*)
 .fini_array    0x00000000080098c0        0x4 /Applications/STM32CubeIDE.app/Contents/Eclipse/plugins/com.st.stm32cube.ide.mcu.externaltools.gnu-tools-for-stm32.11.3.rel1.macos64_1.1.0.202305231506/tools/bin/../lib/gcc/arm-none-eabi/11.3.1/thumb/v7e-m+fp/hard/crtbegin.o
                [!provide]                        PROVIDE (__fini_array_end = .)
                0x00000000080098c4                . = ALIGN (0x4)
                0x00000000080098c4                _sidata = LOADADDR (.data)

.data           0x0000000020000000      0x2b4 load address 0x00000000080098c4
                0x0000000020000000                . = ALIGN (0x4)
                0x0000000020000000                _sdata = .
 *(.data)
 *(.data*)
 .data.SystemCoreClock
                0x0000000020000000        0x4 ./Core/Src/system_stm32f4xx.o
                0x0000000020000000                SystemCoreClock
 .data.targetSpeed_init
                0x0000000020000004        0x4 ./Main/Src/drive_preset.o
                0x0000000020000004                targetSpeed_init
 .data.minSpeed_init
                0x0000000020000008        0x4 ./Main/Src/drive_preset.o
                0x0000000020000008                minSpeed_init
 .data.maxSpeed_init
                0x000000002000000c        0x4 ./Main/Src/drive_preset.o
                0x000000002000000c                maxSpeed_init
 .data.accele_init
                0x0000000020000010        0x4 ./Main/Src/drive_preset.o
                0x0000000020000010                accele_init
 .data.curveDecele_init
                0x0000000020000014        0x4 ./Main/Src/drive_preset.o
                0x0000000020000014                curveDecele_init
 .data.positionCoef
                0x0000000020000018        0x4 ./Main/Src/drive_tools.o
                0x0000000020000018                positionCoef
 .data.driveDataPtr
                0x000000002000001c        0x4 ./Main/Src/drive_tools.o
                0x000000002000001c                driveDataPtr
 .data.positionIdxMax.5
                0x0000000020000020        0x1 ./Main/Src/drive_tools.o
 .data.positionIdxMin.4
                0x0000000020000021        0x1 ./Main/Src/drive_tools.o
 *fill*         0x0000000020000022        0x2 
 .data.getPositionCoef.2
                0x0000000020000024       0x20 ./Main/Src/drive_tools.o
 .data.sensorNormValsSum.0
                0x0000000020000044        0x4 ./Main/Src/drive_tools.o
 .data.phases.2
                0x0000000020000048        0x8 ./Main/Src/linetracer_test.o
 .data.motorL.1
                0x0000000020000050       0x20 ./Main/Src/linetracer_test.o
 .data.motorR.0
                0x0000000020000070       0x20 ./Main/Src/linetracer_test.o
 .data.motorL   0x0000000020000090       0x20 ./Main/Src/motor.o
 .data.motorR   0x00000000200000b0       0x20 ./Main/Src/motor.o
 .data.phases   0x00000000200000d0        0x8 ./Main/Src/motor.o
 .data.normalizeCoef
                0x00000000200000d8        0x8 ./Main/Src/sensor.o
                0x00000000200000d8                normalizeCoef
 .data.whiteMaxs
                0x00000000200000e0        0x8 ./Main/Src/sensor.o
                0x00000000200000e0                whiteMaxs
 .data.threshold
                0x00000000200000e8        0x1 ./Main/Src/sensor.o
                0x00000000200000e8                threshold
 *fill*         0x00000000200000e9        0x3 
 .data.__sglue  0x00000000200000ec        0xc /Applications/STM32CubeIDE.app/Contents/Eclipse/plugins/com.st.stm32cube.ide.mcu.externaltools.gnu-tools-for-stm32.11.3.rel1.macos64_1.1.0.202305231506/tools/bin/../lib/gcc/arm-none-eabi/11.3.1/../../../../arm-none-eabi/lib/thumb/v7e-m+fp/hard/libc_nano.a(libc_a-findfp.o)
                0x00000000200000ec                __sglue
 .data._impure_data
                0x00000000200000f8       0x4c /Applications/STM32CubeIDE.app/Contents/Eclipse/plugins/com.st.stm32cube.ide.mcu.externaltools.gnu-tools-for-stm32.11.3.rel1.macos64_1.1.0.202305231506/tools/bin/../lib/gcc/arm-none-eabi/11.3.1/../../../../arm-none-eabi/lib/thumb/v7e-m+fp/hard/libc_nano.a(libc_a-impure.o)
                0x00000000200000f8                _impure_data
 .data._impure_ptr
                0x0000000020000144        0x4 /Applications/STM32CubeIDE.app/Contents/Eclipse/plugins/com.st.stm32cube.ide.mcu.externaltools.gnu-tools-for-stm32.11.3.rel1.macos64_1.1.0.202305231506/tools/bin/../lib/gcc/arm-none-eabi/11.3.1/../../../../arm-none-eabi/lib/thumb/v7e-m+fp/hard/libc_nano.a(libc_a-impure.o)
                0x0000000020000144                _impure_ptr
 .data.__global_locale
                0x0000000020000148      0x16c /Applications/STM32CubeIDE.app/Contents/Eclipse/plugins/com.st.stm32cube.ide.mcu.externaltools.gnu-tools-for-stm32.11.3.rel1.macos64_1.1.0.202305231506/tools/bin/../lib/gcc/arm-none-eabi/11.3.1/../../../../arm-none-eabi/lib/thumb/v7e-m+fp/hard/libc_nano.a(libc_a-locale.o)
                0x0000000020000148                __global_locale
 *(.RamFunc)
 *(.RamFunc*)
                0x00000000200002b4                . = ALIGN (0x4)
                0x00000000200002b4                _edata = .

.igot.plt       0x00000000200002b4        0x0 load address 0x0000000008009b78
 .igot.plt      0x00000000200002b4        0x0 /Applications/STM32CubeIDE.app/Contents/Eclipse/plugins/com.st.stm32cube.ide.mcu.externaltools.gnu-tools-for-stm32.11.3.rel1.macos64_1.1.0.202305231506/tools/bin/../lib/gcc/arm-none-eabi/11.3.1/thumb/v7e-m+fp/hard/crtbegin.o
                0x00000000200002b4                . = ALIGN (0x4)

.bss            0x00000000200002b4     0x165c load address 0x0000000008009b78
                0x00000000200002b4                _sbss = .
                0x00000000200002b4                __bss_start__ = _sbss
 *(.bss)
 .bss           0x00000000200002b4       0x1c /Applications/STM32CubeIDE.app/Contents/Eclipse/plugins/com.st.stm32cube.ide.mcu.externaltools.gnu-tools-for-stm32.11.3.rel1.macos64_1.1.0.202305231506/tools/bin/../lib/gcc/arm-none-eabi/11.3.1/thumb/v7e-m+fp/hard/crtbegin.o
 *(.bss*)
 .bss.uwTick    0x00000000200002d0        0x4 ./Core/Src/stm32f4xx_it.o
                0x00000000200002d0                uwTick
 .bss.__sbrk_heap_end
                0x00000000200002d4        0x4 ./Core/Src/sysmem.o
 .bss._file     0x00000000200002d8        0x4 ./External Library/Src/custom_exception.o
 .bss._line     0x00000000200002dc        0x4 ./External Library/Src/custom_exception.o
 .bss._message  0x00000000200002e0        0x4 ./External Library/Src/custom_exception.o
 .bss.filesystem
                0x00000000200002e4     0x1001 ./External Library/Src/custom_filesystem.o
                0x00000000200002e4                filesystem
 .bss.filesystemLoaded