/Users/j93es/STM32CubeIDE/workspace_1.13.0/Nucleo-Linetracer/Main/Inc/decision_machine.h:18:25:Get_Line_Sensor_Cnt	4	static
/Users/j93es/STM32CubeIDE/workspace_1.13.0/Nucleo-Linetracer/Main/Inc/decision_machine.h:25:25:Get_Marker_Sensor_Cnt	4	static
/Users/j93es/STM32CubeIDE/workspace_1.13.0/Nucleo-Linetracer/Main/Inc/decision_machine.h:34:22:Decision	16	static
/Users/j93es/STM32CubeIDE/workspace_1.13.0/Nucleo-Linetracer/Main/Inc/decision_machine.h:87:22:Decision_Machine	8	static
/Users/j93es/STM32CubeIDE/workspace_1.13.0/Nucleo-Linetracer/Main/Inc/drive_tools.h:37:22:Drive_Fit_In	16	static
/Users/j93es/STM32CubeIDE/workspace_1.13.0/Nucleo-Linetracer/Main/Inc/drive_execution.h:20:22:Set_First_Drive_Data	16	static
/Users/j93es/STM32CubeIDE/workspace_1.13.0/Nucleo-Linetracer/Main/Inc/drive_execution.h:39:22:Set_Second_Drive_Data	4	static
/Users/j93es/STM32CubeIDE/workspace_1.13.0/Nucleo-Linetracer/Main/Inc/drive_execution.h:60:22:Straight_Boost_Aceleing	4	static
/Users/j93es/STM32CubeIDE/workspace_1.13.0/Nucleo-Linetracer/Main/Inc/drive_execution.h:78:22:Straight_Boost_Deceleing	8	static
/Users/j93es/STM32CubeIDE/workspace_1.13.0/Nucleo-Linetracer/Main/Inc/drive_execution.h:96:22:Decision_Execution_Curve	16	static
/Users/j93es/STM32CubeIDE/workspace_1.13.0/Nucleo-Linetracer/Main/Inc/drive_execution.h:119:22:Decision_Execution	8	static
/Users/j93es/STM32CubeIDE/workspace_1.13.0/Nucleo-Linetracer/External Library/Inc/custom_delay.h:20:22:Custom_Delay_us	16	static
/Users/j93es/STM32CubeIDE/workspace_1.13.0/Nucleo-Linetracer/External Library/Inc/custom_delay.h:28:22:Custom_Delay_ms	16	static
../Main/Src/drive_first.c:12:6:Drive_First	8	static
