../Drivers/STM32F4xx_HAL_Driver/Inc/stm32f4xx_ll_tim.h:1124:22:LL_TIM_EnableCounter	16	static
../Drivers/STM32F4xx_HAL_Driver/Inc/stm32f4xx_ll_tim.h:1135:22:LL_TIM_DisableCounter	16	static
../Drivers/STM32F4xx_HAL_Driver/Inc/stm32f4xx_ll_tim.h:3457:22:LL_TIM_EnableIT_UPDATE	16	static
../Drivers/STM32F4xx_HAL_Driver/Inc/stm32f4xx_ll_tim.h:3468:22:LL_TIM_DisableIT_UPDATE	16	static
/Users/j93es/STM32CubeIDE/workspace_1.13.0/Nucleo-Linetracer/Main/Inc/drive_def_var.h:134:22:Drive_Fit_In	16	static
/Users/j93es/STM32CubeIDE/workspace_1.13.0/Nucleo-Linetracer/External Library/Inc/custom_gpio.h:54:20:Custom_GPIO_Set_t	16	static
../Main/Src/motor.c:39:6:Motor_Power_Off	8	static
../Main/Src/motor.c:57:6:Motor_Start	8	static
../Main/Src/motor.c:69:6:Motor_Stop	8	static
../Main/Src/motor.c:83:22:Set_First_Drive_Data	16	static
../Main/Src/motor.c:102:22:Set_Second_Drive_Data	4	static
../Main/Src/motor.c:125:22:Straight_Boost_Aceleing	4	static
../Main/Src/motor.c:144:22:Straight_Boost_Deceleing	8	static
../Main/Src/motor.c:163:6:Motor_L_TIM3_IRQ	8	static
../Main/Src/motor.c:239:6:Motor_R_TIM4_IRQ	8	static
