../External Library/Src/custom_filesystem.c:58:6:Custom_FileSystem_Load	8	static
../External Library/Src/custom_filesystem.c:63:6:Custom_FileSystem_Reset	0	static
../External Library/Src/custom_filesystem.c:69:6:Custom_FileSystem_Flush	8	static
../External Library/Src/custom_filesystem.c:88:6:Custom_FileSystem_IsValidName	8	static
../External Library/Src/custom_filesystem.c:101:6:Custom_FileSystem_Validate	16	static
../External Library/Src/custom_filesystem.c:112:13:Custom_FileSystem_Find	16	static
../External Library/Src/custom_filesystem.c:132:6:Custom_FileSystem_Delete	16	static
../External Library/Src/custom_filesystem.c:153:6:Custom_FileSystem_Read	16	static
../External Library/Src/custom_filesystem.c:165:6:Custom_FileSystem_Write	48	static
