/Users/j93es/STM32CubeIDE/workspace_1.13.1/Nucleo-Linetracer/External Library/Inc/custom_delay.h:20:22:Custom_Delay_us	16	static
/Users/j93es/STM32CubeIDE/workspace_1.13.1/Nucleo-Linetracer/External Library/Inc/custom_delay.h:28:22:Custom_Delay_ms	16	static
/Users/j93es/STM32CubeIDE/workspace_1.13.1/Nucleo-Linetracer/Main/Inc/drive_speed_ctrl.h:98:22:Drive_Fit_In	16	static
/Users/j93es/STM32CubeIDE/workspace_1.13.1/Nucleo-Linetracer/Main/Inc/drive_speed_ctrl.h:108:25:Is_Drive_End	16	static
/Users/j93es/STM32CubeIDE/workspace_1.13.1/Nucleo-Linetracer/Main/Inc/drive_state_machine.h:17:25:Get_Line_Sensor_Cnt	4	static
/Users/j93es/STM32CubeIDE/workspace_1.13.1/Nucleo-Linetracer/Main/Inc/drive_state_machine.h:24:25:Get_Marker_Sensor_Cnt	4	static
/Users/j93es/STM32CubeIDE/workspace_1.13.1/Nucleo-Linetracer/Main/Inc/drive_state_machine.h:33:22:Decision	16	static
/Users/j93es/STM32CubeIDE/workspace_1.13.1/Nucleo-Linetracer/Main/Inc/drive_state_machine.h:86:22:Drive_State_Machine	8	static
../Main/Src/first_drive.c:18:6:First_Drive	16	static
../Main/Src/first_drive.c:58:22:First_Drive_Ctrl	8	static
../Main/Src/first_drive.c:74:22:Set_First_Drive_Data	4	static
../Main/Src/first_drive.c:137:13:First_Drive_Data_Cntl	32	static
../Main/Src/first_drive.c:205:13:First_Drive_Data_Update_Cntl	32	static
