Archive member included to satisfy reference by file (symbol)

/Applications/STM32CubeIDE.app/Contents/Eclipse/plugins/com.st.stm32cube.ide.mcu.externaltools.gnu-tools-for-stm32.11.3.rel1.macos64_1.1.0.202305231506/tools/bin/../lib/gcc/arm-none-eabi/11.3.1/../../../../arm-none-eabi/lib/thumb/v7e-m+fp/hard/libc_nano.a(libc_a-exit.o)
                              /Applications/STM32CubeIDE.app/Contents/Eclipse/plugins/com.st.stm32cube.ide.mcu.externaltools.gnu-tools-for-stm32.11.3.rel1.macos64_1.1.0.202305231506/tools/bin/../lib/gcc/arm-none-eabi/11.3.1/../../../../arm-none-eabi/lib/thumb/v7e-m+fp/hard/crt0.o (exit)
/Applications/STM32CubeIDE.app/Contents/Eclipse/plugins/com.st.stm32cube.ide.mcu.externaltools.gnu-tools-for-stm32.11.3.rel1.macos64_1.1.0.202305231506/tools/bin/../lib/gcc/arm-none-eabi/11.3.1/../../../../arm-none-eabi/lib/thumb/v7e-m+fp/hard/libc_nano.a(libc_a-sprintf.o)
                              ./External Library/Src/custom_exception.o (sprintf)
/Applications/STM32CubeIDE.app/Contents/Eclipse/plugins/com.st.stm32cube.ide.mcu.externaltools.gnu-tools-for-stm32.11.3.rel1.macos64_1.1.0.202305231506/tools/bin/../lib/gcc/arm-none-eabi/11.3.1/../../../../arm-none-eabi/lib/thumb/v7e-m+fp/hard/libc_nano.a(libc_a-findfp.o)
                              /Applications/STM32CubeIDE.app/Contents/Eclipse/plugins/com.st.stm32cube.ide.mcu.externaltools.gnu-tools-for-stm32.11.3.rel1.macos64_1.1.0.202305231506/tools/bin/../lib/gcc/arm-none-eabi/11.3.1/../../../../arm-none-eabi/lib/thumb/v7e-m+fp/hard/libc_nano.a(libc_a-exit.o) (__stdio_exit_handler)
/Applications/STM32CubeIDE.app/Contents/Eclipse/plugins/com.st.stm32cube.ide.mcu.externaltools.gnu-tools-for-stm32.11.3.rel1.macos64_1.1.0.202305231506/tools/bin/../lib/gcc/arm-none-eabi/11.3.1/../../../../arm-none-eabi/lib/thumb/v7e-m+fp/hard/libc_nano.a(libc_a-fwalk.o)
                              /Applications/STM32CubeIDE.app/Contents/Eclipse/plugins/com.st.stm32cube.ide.mcu.externaltools.gnu-tools-for-stm32.11.3.rel1.macos64_1.1.0.202305231506/tools/bin/../lib/gcc/arm-none-eabi/11.3.1/../../../../arm-none-eabi/lib/thumb/v7e-m+fp/hard/libc_nano.a(libc_a-findfp.o) (_fwalk_sglue)
/Applications/STM32CubeIDE.app/Contents/Eclipse/plugins/com.st.stm32cube.ide.mcu.externaltools.gnu-tools-for-stm32.11.3.rel1.macos64_1.1.0.202305231506/tools/bin/../lib/gcc/arm-none-eabi/11.3.1/../../../../arm-none-eabi/lib/thumb/v7e-m+fp/hard/libc_nano.a(libc_a-vsprintf.o)
                              ./External Library/Src/custom_oled.o (vsprintf)
/Applications/STM32CubeIDE.app/Contents/Eclipse/plugins/com.st.stm32cube.ide.mcu.externaltools.gnu-tools-for-stm32.11.3.rel1.macos64_1.1.0.202305231506/tools/bin/../lib/gcc/arm-none-eabi/11.3.1/../../../../arm-none-eabi/lib/thumb/v7e-m+fp/hard/libc_nano.a(libc_a-memset.o)
                              /Applications/STM32CubeIDE.app/Contents/Eclipse/plugins/com.st.stm32cube.ide.mcu.externaltools.gnu-tools-for-stm32.11.3.rel1.macos64_1.1.0.202305231506/tools/bin/../lib/gcc/arm-none-eabi/11.3.1/../../../../arm-none-eabi/lib/thumb/v7e-m+fp/hard/crt0.o (memset)
/Applications/STM32CubeIDE.app/Contents/Eclipse/plugins/com.st.stm32cube.ide.mcu.externaltools.gnu-tools-for-stm32.11.3.rel1.macos64_1.1.0.202305231506/tools/bin/../lib/gcc/arm-none-eabi/11.3.1/../../../../arm-none-eabi/lib/thumb/v7e-m+fp/hard/libc_nano.a(libc_a-impure.o)
                              /Applications/STM32CubeIDE.app/Contents/Eclipse/plugins/com.st.stm32cube.ide.mcu.externaltools.gnu-tools-for-stm32.11.3.rel1.macos64_1.1.0.202305231506/tools/bin/../lib/gcc/arm-none-eabi/11.3.1/../../../../arm-none-eabi/lib/thumb/v7e-m+fp/hard/libc_nano.a(libc_a-sprintf.o) (_impure_ptr)
/Applications/STM32CubeIDE.app/Contents/Eclipse/plugins/com.st.stm32cube.ide.mcu.externaltools.gnu-tools-for-stm32.11.3.rel1.macos64_1.1.0.202305231506/tools/bin/../lib/gcc/arm-none-eabi/11.3.1/../../../../arm-none-eabi/lib/thumb/v7e-m+fp/hard/libc_nano.a(libc_a-errno.o)
                              ./Core/Src/syscalls.o (__errno)
/Applications/STM32CubeIDE.app/Contents/Eclipse/plugins/com.st.stm32cube.ide.mcu.externaltools.gnu-tools-for-stm32.11.3.rel1.macos64_1.1.0.202305231506/tools/bin/../lib/gcc/arm-none-eabi/11.3.1/../../../../arm-none-eabi/lib/thumb/v7e-m+fp/hard/libc_nano.a(libc_a-init.o)
                              /Applications/STM32CubeIDE.app/Contents/Eclipse/plugins/com.st.stm32cube.ide.mcu.externaltools.gnu-tools-for-stm32.11.3.rel1.macos64_1.1.0.202305231506/tools/bin/../lib/gcc/arm-none-eabi/11.3.1/../../../../arm-none-eabi/lib/thumb/v7e-m+fp/hard/crt0.o (__libc_init_array)
/Applications/STM32CubeIDE.app/Contents/Eclipse/plugins/com.st.stm32cube.ide.mcu.externaltools.gnu-tools-for-stm32.11.3.rel1.macos64_1.1.0.202305231506/tools/bin/../lib/gcc/arm-none-eabi/11.3.1/../../../../arm-none-eabi/lib/thumb/v7e-m+fp/hard/libc_nano.a(libc_a-lock.o)
[...]
Memory Configuration

Name             Origin             Length             Attributes
RAM              0x0000000020000000 0x0000000000020000 xrw
FLASH            0x0000000008000000 0x0000000000080000 xr
*default*        0x0000000000000000 0xffffffffffffffff

Linker script and memory map

LOAD /Applications/STM32CubeIDE.app/Contents/Eclipse/plugins/com.st.stm32cube.ide.mcu.externaltools.gnu-tools-for-stm32.11.3.rel1.macos64_1.1.0.202305231506/tools/bin/../lib/gcc/arm-none-eabi/11.3.1/thumb/v7e-m+fp/hard/crti.o
LOAD /Applications/STM32CubeIDE.app/Contents/Eclipse/plugins/com.st.stm32cube.ide.mcu.externaltools.gnu-tools-for-stm32.11.3.rel1.macos64_1.1.0.202305231506/tools/bin/../lib/gcc/arm-none-eabi/11.3.1/thumb/v7e-m+fp/hard/crtbegin.o
LOAD /Applications/STM32CubeIDE.app/Contents/Eclipse/plugins/com.st.stm32cube.ide.mcu.externaltools.gnu-tools-for-stm32.11.3.rel1.macos64_1.1.0.202305231506/tools/bin/../lib/gcc/arm-none-eabi/11.3.1/../../../../arm-none-eabi/lib/thumb/v7e-m+fp/hard/crt0.o
LOAD ./Core/Src/main.o
LOAD ./Core/Src/stm32f4xx_it.o
LOAD ./Core/Src/syscalls.o
LOAD ./Core/Src/sysmem.o
LOAD ./Core/Src/system_stm32f4xx.o
LOAD ./Core/Startup/startup_stm32f411retx.o
LOAD ./Drivers/STM32F4xx_HAL_Driver/Src/stm32f4xx_ll_adc.o
LOAD ./Drivers/STM32F4xx_HAL_Driver/Src/stm32f4xx_ll_dma.o
LOAD ./Drivers/STM32F4xx_HAL_Driver/Src/stm32f4xx_ll_exti.o
LOAD ./Drivers/STM32F4xx_HAL_Driver/Src/stm32f4xx_ll_gpio.o
LOAD ./Drivers/STM32F4xx_HAL_Driver/Src/stm32f4xx_ll_i2c.o
LOAD ./Drivers/STM32F4xx_HAL_Driver/Src/stm32f4xx_ll_rcc.o
LOAD ./Drivers/STM32F4xx_HAL_Driver/Src/stm32f4xx_ll_spi.o
LOAD ./Drivers/STM32F4xx_HAL_Driver/Src/stm32f4xx_ll_tim.o
LOAD ./Drivers/STM32F4xx_HAL_Driver/Src/stm32f4xx_ll_usart.o
LOAD ./Drivers/STM32F4xx_HAL_Driver/Src/stm32f4xx_ll_utils.o
LOAD ./External Library/Src/custom_exception.o
LOAD ./External Library/Src/custom_filesystem.o
LOAD ./External Library/Src/custom_flash.o
LOAD ./External Library/Src/custom_oled.o
LOAD ./External Library/Src/custom_switch.o
LOAD ./Main/Src/drive_data_tools.o
LOAD ./Main/Src/drive_preset.o
LOAD ./Main/Src/first_drive.o
LOAD ./Main/Src/init.o
LOAD ./Main/Src/linetracer_test.o
LOAD ./Main/Src/motor.o
LOAD ./Main/Src/second_drive.o
LOAD ./Main/Src/sensor.o
START GROUP
LOAD /Applications/STM32CubeIDE.app/Contents/Eclipse/plugins/com.st.stm32cube.ide.mcu.externaltools.gnu-tools-for-stm32.11.3.rel1.macos64_1.1.0.202305231506/tools/bin/../lib/gcc/arm-none-eabi/11.3.1/../../../../arm-none-eabi/lib/thumb/v7e-m+fp/hard/libc_nano.a
LOAD /Applications/STM32CubeIDE.app/Contents/Eclipse/plugins/com.st.stm32cube.ide.mcu.externaltools.gnu-tools-for-stm32.11.3.rel1.macos64_1.1.0.202305231506/tools/bin/../lib/gcc/arm-none-eabi/11.3.1/../../../../arm-none-eabi/lib/thumb/v7e-m+fp/hard/libm.a
END GROUP
START GROUP
LOAD /Applications/STM32CubeIDE.app/Contents/Eclipse/plugins/com.st.stm32cube.ide.mcu.externaltools.gnu-tools-for-stm32.11.3.rel1.macos64_1.1.0.202305231506/tools/bin/../lib/gcc/arm-none-eabi/11.3.1/thumb/v7e-m+fp/hard/libgcc.a
LOAD /Applications/STM32CubeIDE.app/Contents/Eclipse/plugins/com.st.stm32cube.ide.mcu.externaltools.gnu-tools-for-stm32.11.3.rel1.macos64_1.1.0.202305231506/tools/bin/../lib/gcc/arm-none-eabi/11.3.1/../../../../arm-none-eabi/lib/thumb/v7e-m+fp/hard/libc_nano.a
END GROUP
START GROUP
LOAD /Applications/STM32CubeIDE.app/Contents/Eclipse/plugins/com.st.stm32cube.ide.mcu.externaltools.gnu-tools-for-stm32.11.3.rel1.macos64_1.1.0.202305231506/tools/bin/../lib/gcc/arm-none-eabi/11.3.1/thumb/v7e-m+fp/hard/libgcc.a
LOAD /Applications/STM32CubeIDE.app/Contents/Eclipse/plugins/com.st.stm32cube.ide.mcu.externaltools.gnu-tools-for-stm32.11.3.rel1.macos64_1.1.0.202305231506/tools/bin/../lib/gcc/arm-none-eabi/11.3.1/../../../../arm-none-eabi/lib/thumb/v7e-m+fp/hard/libc_nano.a
LOAD /Applications/STM32CubeIDE.app/Contents/Eclipse/plugins/com.st.stm32cube.ide.mcu.externaltools.gnu-tools-for-stm32.11.3.rel1.macos64_1.1.0.202305231506/tools/bin/../lib/gcc/arm-none-eabi/11.3.1/../../../../arm-none-eabi/lib/thumb/v7e-m+fp/hard/libnosys.a
END GROUP
START GROUP
LOAD /Applications/STM32CubeIDE.app/Contents/Eclipse/plugins/com.st.stm32cube.ide.mcu.externaltools.gnu-tools-for-stm32.11.3.rel1.macos64_1.1.0.202305231506/tools/bin/../lib/gcc/arm-none-eabi/11.3.1/thumb/v7e-m+fp/hard/libgcc.a
LOAD /Applications/STM32CubeIDE.app/Contents/Eclipse/plugins/com.st.stm32cube.ide.mcu.externaltools.gnu-tools-for-stm32.11.3.rel1.macos64_1.1.0.202305231506/tools/bin/../lib/gcc/arm-none-eabi/11.3.1/../../../../arm-none-eabi/lib/thumb/v7e-m+fp/hard/libc_nano.a
LOAD /Applications/STM32CubeIDE.app/Contents/Eclipse/plugins/com.st.stm32cube.ide.mcu.externaltools.gnu-tools-for-stm32.11.3.rel1.macos64_1.1.0.202305231506/tools/bin/../lib/gcc/arm-none-eabi/11.3.1/../../../../arm-none-eabi/lib/thumb/v7e-m+fp/hard/libnosys.a
END GROUP
LOAD /Applications/STM32CubeIDE.app/Contents/Eclipse/plugins/com.st.stm32cube.ide.mcu.externaltools.gnu-tools-for-stm32.11.3.rel1.macos64_1.1.0.202305231506/tools/bin/../lib/gcc/arm-none-eabi/11.3.1/thumb/v7e-m+fp/hard/crtend.o
LOAD /Applications/STM32CubeIDE.app/Contents/Eclipse/plugins/com.st.stm32cube.ide.mcu.externaltools.gnu-tools-for-stm32.11.3.rel1.macos64_1.1.0.202305231506/tools/bin/../lib/gcc/arm-none-eabi/11.3.1/thumb/v7e-m+fp/hard/crtn.o
                0x0000000020020000                _estack = (ORIGIN (RAM) + LENGTH (RAM))
                0x0000000000000200                _Min_Heap_Size = 0x200
                0x0000000000000400                _Min_Stack_Size = 0x400

.isr_vector     0x0000000008000000      0x198
                0x0000000008000000                . = ALIGN (0x4)
 *(.isr_vector)
 .isr_vector    0x0000000008000000      0x198 ./Core/Startup/startup_stm32f411retx.o
                0x0000000008000000                g_pfnVectors
                0x0000000008000198                . = ALIGN (0x4)

.text           0x00000000080001a0     0x75dc
                0x00000000080001a0                . = ALIGN (0x4)
 *(.text)
 .text          0x00000000080001a0       0x40 /Applications/STM32CubeIDE.app/Contents/Eclipse/plugins/com.st.stm32cube.ide.mcu.externaltools.gnu-tools-for-stm32.11.3.rel1.macos64_1.1.0.202305231506/tools/bin/../lib/gcc/arm-none-eabi/11.3.1/thumb/v7e-m+fp/hard/crtbegin.o
 .text          0x00000000080001e0       0x14 /Applications/STM32CubeIDE.app/Contents/Eclipse/plugins/com.st.stm32cube.ide.mcu.externaltools.gnu-tools-for-stm32.11.3.rel1.macos64_1.1.0.202305231506/tools/bin/../lib/gcc/arm-none-eabi/11.3.1/../../../../arm-none-eabi/lib/thumb/v7e-m+fp/hard/libc_nano.a(libc_a-strcmp.o)
                0x00000000080001e0                strcmp
 *fill*         0x00000000080001f4        0xc 
 .text          0x0000000008000200       0xa0 /Applications/STM32CubeIDE.app/Contents/Eclipse/plugins/com.st.stm32cube.ide.mcu.externaltools.gnu-tools-for-stm32.11.3.rel1.macos64_1.1.0.202305231506/tools/bin/../lib/gcc/arm-none-eabi/11.3.1/../../../../arm-none-eabi/lib/thumb/v7e-m+fp/hard/libc_nano.a(libc_a-memchr.o)
                0x0000000008000200                memchr
 .text          0x00000000080002a0      0x378 /Applications/STM32CubeIDE.app/Contents/Eclipse/plugins/com.st.stm32cube.ide.mcu.externaltools.gnu-tools-for-stm32.11.3.rel1.macos64_1.1.0.202305231506/tools/bin/../lib/gcc/arm-none-eabi/11.3.1/thumb/v7e-m+fp/hard/libgcc.a(_arm_addsubdf3.o)
                0x00000000080002a0                __aeabi_drsub
                0x00000000080002a8                __subdf3
                0x00000000080002a8                __aeabi_dsub
                0x00000000080002ac                __aeabi_dadd
                0x00000000080002ac                __adddf3
                0x0000000008000524                __aeabi_ui2d
                0x0000000008000524                __floatunsidf
                0x0000000008000544                __floatsidf
                0x0000000008000544                __aeabi_i2d
                0x0000000008000568                __extendsfdf2
                0x0000000008000568                __aeabi_f2d
                0x00000000080005ac                __aeabi_ul2d
                0x00000000080005ac                __floatundidf
                0x00000000080005bc                __aeabi_l2d
                0x00000000080005bc                __floatdidf
 .text          0x0000000008000618       0x30 /Applications/STM32CubeIDE.app/Contents/Eclipse/plugins/com.st.stm32cube.ide.mcu.externaltools.gnu-tools-for-stm32.11.3.rel1.macos64_1.1.0.202305231506/tools/bin/../lib/gcc/arm-none-eabi/11.3.1/thumb/v7e-m+fp/hard/libgcc.a(_aeabi_uldivmod.o)
                0x0000000008000618                __aeabi_uldivmod
 .text          0x0000000008000648      0x2c8 /Applications/STM32CubeIDE.app/Contents/Eclipse/plugins/com.st.stm32cube.ide.mcu.externaltools.gnu-tools-for-stm32.11.3.rel1.macos64_1.1.0.202305231506/tools/bin/../lib/gcc/arm-none-eabi/11.3.1/thumb/v7e-m+fp/hard/libgcc.a(_udivmoddi4.o)
                0x0000000008000648                __udivmoddi4
 .text          0x0000000008000910        0x4 /Applications/STM32CubeIDE.app/Contents/Eclipse/plugins/com.st.stm32cube.ide.mcu.externaltools.gnu-tools-for-stm32.11.3.rel1.macos64_1.1.0.202305231506/tools/bin/../lib/gcc/arm-none-eabi/11.3.1/thumb/v7e-m+fp/hard/libgcc.a(_dvmd_tls.o)
                0x0000000008000910                __aeabi_ldiv0
                0x0000000008000910                __aeabi_idiv0
 *(.text*)
 .text.__NVIC_SetPriorityGrouping
                0x0000000008000914       0x48 ./Core/Src/main.o
 .text.__NVIC_GetPriorityGrouping
                0x000000000800095c       0x1c ./Core/Src/main.o
 .text.__NVIC_EnableIRQ
                0x0000000008000978       0x3c ./Core/Src/main.o
 .text.__NVIC_SetPriority
                0x00000000080009b4       0x54 ./Core/Src/main.o
 .text.NVIC_EncodePriority
                0x0000000008000a08       0x66 ./Core/Src/main.o
 .text.LL_ADC_REG_SetSequencerRanks
                0x0000000008000a6e       0x6c ./Core/Src/main.o
 .text.LL_ADC_REG_SetFlagEndOfConversion
                0x0000000008000ada       0x26 ./Core/Src/main.o
 .text.LL_ADC_SetChannelSamplingTime
                0x0000000008000b00       0x98 ./Core/Src/main.o
 .text.LL_I2C_EnableClockStretching
                0x0000000008000b98       0x20 ./Core/Src/main.o
 .text.LL_I2C_DisableGeneralCall
                0x0000000008000bb8       0x20 ./Core/Src/main.o
 .text.LL_I2C_SetOwnAddress2
                0x0000000008000bd8       0x26 ./Core/Src/main.o
 .text.LL_I2C_DisableOwnAddress2
                0x0000000008000bfe       0x20 ./Core/Src/main.o
 *fill*         0x0000000008000c1e        0x2 
 .text.LL_RCC_HSI_Enable
                0x0000000008000c20       0x20 ./Core/Src/main.o
 .text.LL_RCC_HSI_IsReady
                0x0000000008000c40       0x24 ./Core/Src/main.o
 .text.LL_RCC_HSI_SetCalibTrimming
                0x0000000008000c64       0x2c ./Core/Src/main.o
 .text.LL_RCC_SetSysClkSource
                0x0000000008000c90       0x28 ./Core/Src/main.o
 .text.LL_RCC_GetSysClkSource
                0x0000000008000cb8       0x1c ./Core/Src/main.o
 .text.LL_RCC_SetAHBPrescaler
                0x0000000008000cd4       0x28 ./Core/Src/main.o
 .text.LL_RCC_SetAPB1Prescaler
                0x0000000008000cfc       0x28 ./Core/Src/main.o
 .text.LL_RCC_SetAPB2Prescaler
                0x0000000008000d24       0x28 ./Core/Src/main.o
 .text.LL_RCC_SetTIMPrescaler
                0x0000000008000d4c       0x2c ./Core/Src/main.o
 .text.LL_RCC_PLL_Enable
                0x0000000008000d78       0x20 ./Core/Src/main.o
 .text.LL_RCC_PLL_IsReady
                0x0000000008000d98       0x28 ./Core/Src/main.o
 .text.LL_RCC_PLL_ConfigDomain_SYS
                0x0000000008000dc0       0x4c ./Core/Src/main.o
 .text.LL_AHB1_GRP1_EnableClock
                0x0000000008000e0c       0x30 ./Core/Src/main.o
 .text.LL_APB1_GRP1_EnableClock
                0x0000000008000e3c       0x30 ./Core/Src/main.o
 .text.LL_APB2_GRP1_EnableClock
                0x0000000008000e6c       0x30 ./Core/Src/main.o
 .text.LL_SYSCFG_SetEXTISource
                0x0000000008000e9c       0x5c ./Core/Src/main.o
 .text.LL_FLASH_SetLatency
                0x0000000008000ef8       0x28 ./Core/Src/main.o
 .text.LL_FLASH_GetLatency
                0x0000000008000f20       0x1c ./Core/Src/main.o
 .text.LL_PWR_SetRegulVoltageScaling
                0x0000000008000f3c       0x28 ./Core/Src/main.o
 .text.LL_PWR_IsActiveFlag_VOS
                0x0000000008000f64       0x28 ./Core/Src/main.o
 .text.LL_SPI_SetStandard
                0x0000000008000f8c       0x26 ./Core/Src/main.o
 .text.LL_TIM_SetOnePulseMode
                0x0000000008000fb2       0x26 ./Core/Src/main.o
 .text.LL_TIM_EnableARRPreload
                0x0000000008000fd8       0x20 ./Core/Src/main.o
 .text.LL_TIM_DisableARRPreload
                0x0000000008000ff8       0x20 ./Core/Src/main.o
 .text.LL_TIM_SetClockSource
                0x0000000008001018       0x2a ./Core/Src/main.o
 .text.LL_TIM_SetTriggerOutput
                0x0000000008001042       0x26 ./Core/Src/main.o
 .text.LL_TIM_DisableMasterSlaveMode
                0x0000000008001068       0x20 ./Core/Src/main.o
 .text.LL_USART_Enable
                0x0000000008001088       0x20 ./Core/Src/main.o
 .text.LL_USART_ConfigAsyncMode
                0x00000000080010a8       0x2c ./Core/Src/main.o
 .text.LL_GPIO_SetPinMode
                0x00000000080010d4       0x5e ./Core/Src/main.o
 .text.LL_GPIO_SetPinPull
                0x0000000008001132       0x5e ./Core/Src/main.o
 .text.LL_GPIO_ResetOutputPin
                0x0000000008001190       0x1e ./Core/Src/main.o
 .text.main     0x00000000080011ae       0x4c ./Core/Src/main.o
                0x00000000080011ae                main
 *fill*         0x00000000080011fa        0x2 
 .text.SystemClock_Config
                0x00000000080011fc       0x9c ./Core/Src/main.o
                0x00000000080011fc                SystemClock_Config
 .text.MX_ADC1_Init
                0x0000000008001298       0xfc ./Core/Src/main.o
 .text.MX_I2C3_Init
                0x0000000008001394       0xdc ./Core/Src/main.o
 .text.MX_SPI2_Init
                0x0000000008001470       0xa8 ./Core/Src/main.o
 .text.MX_TIM2_Init
                0x0000000008001518       0x6e ./Core/Src/main.o
 *fill*         0x0000000008001586        0x2 
 .text.MX_TIM3_Init
                0x0000000008001588       0x80 ./Core/Src/main.o
 .text.MX_TIM4_Init
                0x0000000008001608       0x80 ./Core/Src/main.o
 .text.MX_TIM5_Init
                0x0000000008001688       0x80 ./Core/Src/main.o
 .text.MX_TIM9_Init
                0x0000000008001708       0x74 ./Core/Src/main.o
 .text.MX_USART2_UART_Init
                0x000000000800177c       0xa0 ./Core/Src/main.o
 .text.MX_GPIO_Init
                0x000000000800181c      0x158 ./Core/Src/main.o
 .text.LL_ADC_REG_StartConversionSWStart
                0x0000000008001974       0x20 ./Core/Src/stm32f4xx_it.o
 .text.LL_ADC_REG_ReadConversionData12
                0x0000000008001994       0x1a ./Core/Src/stm32f4xx_it.o
 .text.LL_ADC_IsActiveFlag_EOCS
                0x00000000080019ae       0x26 ./Core/Src/stm32f4xx_it.o
 .text.LL_ADC_ClearFlag_EOCS
                0x00000000080019d4       0x1c ./Core/Src/stm32f4xx_it.o
 .text.LL_TIM_SetAutoReload
                0x00000000080019f0       0x1c ./Core/Src/stm32f4xx_it.o
 .text.LL_TIM_ClearFlag_UPDATE
                0x0000000008001a0c       0x1c ./Core/Src/stm32f4xx_it.o
 .text.Sensor_ADC_Read
                0x0000000008001a28       0x4c ./Core/Src/stm32f4xx_it.o
 .text.Make_Sensor_Raw_Vals
                0x0000000008001a74       0xf0 ./Core/Src/stm32f4xx_it.o
 .text.Make_Sensor_Norm_Vals
                0x0000000008001b64       0x9c ./Core/Src/stm32f4xx_it.o
 .text.Make_Sensor_State
                0x0000000008001c00       0x7c ./Core/Src/stm32f4xx_it.o
 .text.Sensor_TIM5_IRQ
                0x0000000008001c7c       0x54 ./Core/Src/stm32f4xx_it.o
 .text.Window_Position_Val
                0x0000000008001cd0       0xdc ./Core/Src/stm32f4xx_it.o
 .text.Update_Limited_Position_Val
                0x0000000008001dac       0x60 ./Core/Src/stm32f4xx_it.o
 .text.Update_Position_Val
                0x0000000008001e0c       0x38 ./Core/Src/stm32f4xx_it.o
 .text.Motor_L_Speed_Control
                0x0000000008001e44       0x3c ./Core/Src/stm32f4xx_it.o
 .text.Motor_R_Speed_Control
                0x0000000008001e80       0x3c ./Core/Src/stm32f4xx_it.o
 .text.Drive_TIM9_IRQ
                0x0000000008001ebc      0x170 ./Core/Src/stm32f4xx_it.o
 .text.Custom_GPIO_Set_t
                0x000000000800202c       0x42 ./Core/Src/stm32f4xx_it.o
 *fill*         0x000000000800206e        0x2 
 .text.Motor_L_TIM3_IRQ
                0x0000000008002070       0xb4 ./Core/Src/stm32f4xx_it.o
 .text.Motor_R_TIM4_IRQ
                0x0000000008002124       0xa4 ./Core/Src/stm32f4xx_it.o
 .text.NMI_Handler
                0x00000000080021c8        0x6 ./Core/Src/stm32f4xx_it.o
                0x00000000080021c8                NMI_Handler
 .text.HardFault_Handler
                0x00000000080021ce        0xa ./Core/Src/stm32f4xx_it.o
                0x00000000080021ce                HardFault_Handler
 .text.MemManage_Handler
                0x00000000080021d8        0xa ./Core/Src/stm32f4xx_it.o
                0x00000000080021d8                MemManage_Handler
 .text.BusFault_Handler
                0x00000000080021e2        0xa ./Core/Src/stm32f4xx_it.o
                0x00000000080021e2                BusFault_Handler
 .text.UsageFault_Handler
                0x00000000080021ec        0xa ./Core/Src/stm32f4xx_it.o
                0x00000000080021ec                UsageFault_Handler
 .text.SVC_Handler
                0x00000000080021f6        0xe ./Core/Src/stm32f4xx_it.o
                0x00000000080021f6                SVC_Handler
 .text.DebugMon_Handler
                0x0000000008002204        0xe ./Core/Src/stm32f4xx_it.o
                0x0000000008002204                DebugMon_Handler
 .text.PendSV_Handler
                0x0000000008002212        0xe ./Core/Src/stm32f4xx_it.o
                0x0000000008002212                PendSV_Handler
 .text.SysTick_Handler
                0x0000000008002220       0x1c ./Core/Src/stm32f4xx_it.o
                0x0000000008002220                SysTick_Handler
 .text.TIM1_BRK_TIM9_IRQHandler
                0x000000000800223c       0x18 ./Core/Src/stm32f4xx_it.o
                0x000000000800223c                TIM1_BRK_TIM9_IRQHandler
 .text.TIM3_IRQHandler
                0x0000000008002254       0x18 ./Core/Src/stm32f4xx_it.o
                0x0000000008002254                TIM3_IRQHandler
 .text.TIM4_IRQHandler
                0x000000000800226c       0x18 ./Core/Src/stm32f4xx_it.o
                0x000000000800226c                TIM4_IRQHandler
 .text.TIM5_IRQHandler
                0x0000000008002284       0x18 ./Core/Src/stm32f4xx_it.o
                0x0000000008002284                TIM5_IRQHandler
 .text._sbrk    0x000000000800229c       0x6c ./Core/Src/sysmem.o
                0x000000000800229c                _sbrk
 .text.SystemInit
                0x0000000008002308       0x24 ./Core/Src/system_stm32f4xx.o
                0x0000000008002308                SystemInit
 .text.Reset_Handler
                0x000000000800232c       0x50 ./Core/Startup/startup_stm32f411retx.o
                0x000000000800232c                Reset_Handler
 .text.Default_Handler
                0x000000000800237c        0x2 ./Core/Startup/startup_stm32f411retx.o
                0x000000000800237c                DMA1_Stream3_IRQHandler
                0x000000000800237c                EXTI2_IRQHandler
                0x000000000800237c                SPI4_IRQHandler
                0x000000000800237c                TIM1_CC_IRQHandler
                0x000000000800237c                DMA2_Stream5_IRQHandler
                0x000000000800237c                DMA1_Stream5_IRQHandler
                0x000000000800237c                PVD_IRQHandler
                0x000000000800237c                SDIO_IRQHandler
                0x000000000800237c                TAMP_STAMP_IRQHandler
                0x000000000800237c                EXTI3_IRQHandler
                0x000000000800237c                TIM1_UP_TIM10_IRQHandler
                0x000000000800237c                I2C3_ER_IRQHandler
                0x000000000800237c                EXTI0_IRQHandler
                0x000000000800237c                I2C2_EV_IRQHandler
                0x000000000800237c                DMA1_Stream2_IRQHandler
                0x000000000800237c                FPU_IRQHandler
                0x000000000800237c                DMA2_Stream2_IRQHandler
                0x000000000800237c                SPI1_IRQHandler
                0x000000000800237c                DMA2_Stream3_IRQHandler
                0x000000000800237c                USART6_IRQHandler
                0x000000000800237c                DMA2_Stream0_IRQHandler
                0x000000000800237c                I2C1_EV_IRQHandler
                0x000000000800237c                DMA1_Stream6_IRQHandler
                0x000000000800237c                DMA1_Stream1_IRQHandler
                0x000000000800237c                RCC_IRQHandler
                0x000000000800237c                Default_Handler
                0x000000000800237c                EXTI15_10_IRQHandler
                0x000000000800237c                ADC_IRQHandler
                0x000000000800237c                DMA1_Stream7_IRQHandler
                0x000000000800237c                SPI5_IRQHandler
                0x000000000800237c                DMA2_Stream7_IRQHandler
                0x000000000800237c                I2C3_EV_IRQHandler
                0x000000000800237c                EXTI9_5_IRQHandler
                0x000000000800237c                RTC_WKUP_IRQHandler
                0x000000000800237c                SPI2_IRQHandler
                0x000000000800237c                DMA1_Stream0_IRQHandler
                0x000000000800237c                EXTI4_IRQHandler
                0x000000000800237c                WWDG_IRQHandler
                0x000000000800237c                TIM2_IRQHandler
                0x000000000800237c                OTG_FS_WKUP_IRQHandler
                0x000000000800237c                TIM1_TRG_COM_TIM11_IRQHandler
                0x000000000800237c                EXTI1_IRQHandler
                0x000000000800237c                USART2_IRQHandler
                0x000000000800237c                I2C2_ER_IRQHandler
                0x000000000800237c                DMA2_Stream1_IRQHandler
                0x000000000800237c                FLASH_IRQHandler
                0x000000000800237c                DMA2_Stream4_IRQHandler
                0x000000000800237c                USART1_IRQHandler
                0x000000000800237c                OTG_FS_IRQHandler
                0x000000000800237c                SPI3_IRQHandler
                0x000000000800237c                DMA1_Stream4_IRQHandler
                0x000000000800237c                I2C1_ER_IRQHandler
                0x000000000800237c                DMA2_Stream6_IRQHandler
                0x000000000800237c                RTC_Alarm_IRQHandler
 .text.LL_ADC_SetCommonClock
                0x000000000800237e       0x26 ./Drivers/STM32F4xx_HAL_Driver/Src/stm32f4xx_ll_adc.o
 .text.LL_ADC_REG_SetSequencerLength
                0x00000000080023a4       0x26 ./Drivers/STM32F4xx_HAL_Driver/Src/stm32f4xx_ll_adc.o
 .text.LL_ADC_IsEnabled
                0x00000000080023ca       0x26 ./Drivers/STM32F4xx_HAL_Driver/Src/stm32f4xx_ll_adc.o
 .text.LL_ADC_CommonInit
                0x00000000080023f0       0x3c ./Drivers/STM32F4xx_HAL_Driver/Src/stm32f4xx_ll_adc.o
                0x00000000080023f0                LL_ADC_CommonInit
 .text.LL_ADC_Init
                0x000000000800242c       0x58 ./Drivers/STM32F4xx_HAL_Driver/Src/stm32f4xx_ll_adc.o
                0x000000000800242c                LL_ADC_Init
 .text.LL_ADC_REG_Init
                0x0000000008002484       0x84 ./Drivers/STM32F4xx_HAL_Driver/Src/stm32f4xx_ll_adc.o
                0x0000000008002484                LL_ADC_REG_Init
 .text.LL_EXTI_EnableIT_0_31
                0x0000000008002508       0x24 ./Drivers/STM32F4xx_HAL_Driver/Src/stm32f4xx_ll_exti.o
 .text.LL_EXTI_DisableIT_0_31
                0x000000000800252c       0x28 ./Drivers/STM32F4xx_HAL_Driver/Src/stm32f4xx_ll_exti.o
 .text.LL_EXTI_EnableEvent_0_31
                0x0000000008002554       0x24 ./Drivers/STM32F4xx_HAL_Driver/Src/stm32f4xx_ll_exti.o
 .text.LL_EXTI_DisableEvent_0_31
                0x0000000008002578       0x28 ./Drivers/STM32F4xx_HAL_Driver/Src/stm32f4xx_ll_exti.o
 .text.LL_EXTI_EnableRisingTrig_0_31
                0x00000000080025a0       0x24 ./Drivers/STM32F4xx_HAL_Driver/Src/stm32f4xx_ll_exti.o
 .text.LL_EXTI_DisableRisingTrig_0_31
                0x00000000080025c4       0x28 ./Drivers/STM32F4xx_HAL_Driver/Src/stm32f4xx_ll_exti.o
 .text.LL_EXTI_EnableFallingTrig_0_31
                0x00000000080025ec       0x24 ./Drivers/STM32F4xx_HAL_Driver/Src/stm32f4xx_ll_exti.o
 .text.LL_EXTI_DisableFallingTrig_0_31
                0x0000000008002610       0x28 ./Drivers/STM32F4xx_HAL_Driver/Src/stm32f4xx_ll_exti.o
 .text.LL_EXTI_Init
                0x0000000008002638       0xfe ./Drivers/STM32F4xx_HAL_Driver/Src/stm32f4xx_ll_exti.o
                0x0000000008002638                LL_EXTI_Init
 .text.LL_GPIO_SetPinMode
                0x0000000008002736       0x5e ./Drivers/STM32F4xx_HAL_Driver/Src/stm32f4xx_ll_gpio.o
 .text.LL_GPIO_SetPinOutputType
                0x0000000008002794       0x30 ./Drivers/STM32F4xx_HAL_Driver/Src/stm32f4xx_ll_gpio.o
 .text.LL_GPIO_SetPinSpeed
                0x00000000080027c4       0x5e ./Drivers/STM32F4xx_HAL_Driver/Src/stm32f4xx_ll_gpio.o
 .text.LL_GPIO_SetPinPull
                0x0000000008002822       0x5e ./Drivers/STM32F4xx_HAL_Driver/Src/stm32f4xx_ll_gpio.o
 .text.LL_GPIO_SetAFPin_0_7
                0x0000000008002880       0x5e ./Drivers/STM32F4xx_HAL_Driver/Src/stm32f4xx_ll_gpio.o
 .text.LL_GPIO_SetAFPin_8_15
                0x00000000080028de       0x62 ./Drivers/STM32F4xx_HAL_Driver/Src/stm32f4xx_ll_gpio.o
 .text.LL_GPIO_Init
                0x0000000008002940       0xe6 ./Drivers/STM32F4xx_HAL_Driver/Src/stm32f4xx_ll_gpio.o
                0x0000000008002940                LL_GPIO_Init
 .text.LL_I2C_Enable
                0x0000000008002a26       0x20 ./Drivers/STM32F4xx_HAL_Driver/Src/stm32f4xx_ll_i2c.o
 .text.LL_I2C_Disable
                0x0000000008002a46       0x20 ./Drivers/STM32F4xx_HAL_Driver/Src/stm32f4xx_ll_i2c.o
 .text.LL_I2C_ConfigFilters
                0x0000000008002a66       0x2c ./Drivers/STM32F4xx_HAL_Driver/Src/stm32f4xx_ll_i2c.o
 .text.LL_I2C_SetOwnAddress1
                0x0000000008002a92       0x30 ./Drivers/STM32F4xx_HAL_Driver/Src/stm32f4xx_ll_i2c.o
 *fill*         0x0000000008002ac2        0x2 
 .text.LL_I2C_ConfigSpeed
                0x0000000008002ac4      0x130 ./Drivers/STM32F4xx_HAL_Driver/Src/stm32f4xx_ll_i2c.o
 .text.LL_I2C_SetMode
                0x0000000008002bf4       0x26 ./Drivers/STM32F4xx_HAL_Driver/Src/stm32f4xx_ll_i2c.o
 .text.LL_I2C_AcknowledgeNextData
                0x0000000008002c1a       0x26 ./Drivers/STM32F4xx_HAL_Driver/Src/stm32f4xx_ll_i2c.o
 .text.LL_I2C_Init
                0x0000000008002c40       0x72 ./Drivers/STM32F4xx_HAL_Driver/Src/stm32f4xx_ll_i2c.o
                0x0000000008002c40                LL_I2C_Init
 *fill*         0x0000000008002cb2        0x2 
 .text.LL_RCC_GetSysClkSource
                0x0000000008002cb4       0x1c ./Drivers/STM32F4xx_HAL_Driver/Src/stm32f4xx_ll_rcc.o
 .text.LL_RCC_GetAHBPrescaler
                0x0000000008002cd0       0x1c ./Drivers/STM32F4xx_HAL_Driver/Src/stm32f4xx_ll_rcc.o
 .text.LL_RCC_GetAPB1Prescaler
                0x0000000008002cec       0x1c ./Drivers/STM32F4xx_HAL_Driver/Src/stm32f4xx_ll_rcc.o
 .text.LL_RCC_GetAPB2Prescaler
                0x0000000008002d08       0x1c ./Drivers/STM32F4xx_HAL_Driver/Src/stm32f4xx_ll_rcc.o
 .text.LL_RCC_PLL_GetMainSource
                0x0000000008002d24       0x1c ./Drivers/STM32F4xx_HAL_Driver/Src/stm32f4xx_ll_rcc.o
 .text.LL_RCC_PLL_GetN
                0x0000000008002d40       0x1c ./Drivers/STM32F4xx_HAL_Driver/Src/stm32f4xx_ll_rcc.o
 .text.LL_RCC_PLL_GetP
                0x0000000008002d5c       0x1c ./Drivers/STM32F4xx_HAL_Driver/Src/stm32f4xx_ll_rcc.o
 .text.LL_RCC_PLL_GetDivider
                0x0000000008002d78       0x1c ./Drivers/STM32F4xx_HAL_Driver/Src/stm32f4xx_ll_rcc.o
 .text.LL_RCC_GetSystemClocksFreq
                0x0000000008002d94       0x4a ./Drivers/STM32F4xx_HAL_Driver/Src/stm32f4xx_ll_rcc.o
                0x0000000008002d94                LL_RCC_GetSystemClocksFreq
 *fill*         0x0000000008002dde        0x2 
 .text.RCC_GetSystemClockFreq
                0x0000000008002de0       0x50 ./Drivers/STM32F4xx_HAL_Driver/Src/stm32f4xx_ll_rcc.o
                0x0000000008002de0                RCC_GetSystemClockFreq
 .text.RCC_GetHCLKClockFreq
                0x0000000008002e30       0x2c ./Drivers/STM32F4xx_HAL_Driver/Src/stm32f4xx_ll_rcc.o
                0x0000000008002e30                RCC_GetHCLKClockFreq
 .text.RCC_GetPCLK1ClockFreq
                0x0000000008002e5c       0x28 ./Drivers/STM32F4xx_HAL_Driver/Src/stm32f4xx_ll_rcc.o
                0x0000000008002e5c                RCC_GetPCLK1ClockFreq
 .text.RCC_GetPCLK2ClockFreq
                0x0000000008002e84       0x28 ./Drivers/STM32F4xx_HAL_Driver/Src/stm32f4xx_ll_rcc.o
                0x0000000008002e84                RCC_GetPCLK2ClockFreq
 .text.RCC_PLL_GetFreqDomain_SYS
                0x0000000008002eac       0x7c ./Drivers/STM32F4xx_HAL_Driver/Src/stm32f4xx_ll_rcc.o
                0x0000000008002eac                RCC_PLL_GetFreqDomain_SYS
 .text.LL_SPI_IsEnabled
                0x0000000008002f28       0x26 ./Drivers/STM32F4xx_HAL_Driver/Src/stm32f4xx_ll_spi.o
 .text.LL_SPI_SetCRCPolynomial
                0x0000000008002f4e       0x20 ./Drivers/STM32F4xx_HAL_Driver/Src/stm32f4xx_ll_spi.o
 .text.LL_SPI_Init
                0x0000000008002f6e       0xa4 ./Drivers/STM32F4xx_HAL_Driver/Src/stm32f4xx_ll_spi.o
                0x0000000008002f6e                LL_SPI_Init
 .text.LL_TIM_SetPrescaler
                0x0000000008003012       0x1c ./Drivers/STM32F4xx_HAL_Driver/Src/stm32f4xx_ll_tim.o
 .text.LL_TIM_SetAutoReload
                0x000000000800302e       0x1c ./Drivers/STM32F4xx_HAL_Driver/Src/stm32f4xx_ll_tim.o
 .text.LL_TIM_SetRepetitionCounter
                0x000000000800304a       0x1c ./Drivers/STM32F4xx_HAL_Driver/Src/stm32f4xx_ll_tim.o
 .text.LL_TIM_GenerateEvent_UPDATE
                0x0000000008003066       0x20 ./Drivers/STM32F4xx_HAL_Driver/Src/stm32f4xx_ll_tim.o
 *fill*         0x0000000008003086        0x2 
 .text.LL_TIM_Init
                0x0000000008003088       0xf4 ./Drivers/STM32F4xx_HAL_Driver/Src/stm32f4xx_ll_tim.o
                0x0000000008003088                LL_TIM_Init
 .text.LL_USART_IsEnabled
                0x000000000800317c       0x28 ./Drivers/STM32F4xx_HAL_Driver/Src/stm32f4xx_ll_usart.o
 .text.LL_USART_SetStopBitsLength
                0x00000000080031a4       0x26 ./Drivers/STM32F4xx_HAL_Driver/Src/stm32f4xx_ll_usart.o
 .text.LL_USART_SetHWFlowCtrl
                0x00000000080031ca       0x26 ./Drivers/STM32F4xx_HAL_Driver/Src/stm32f4xx_ll_usart.o
 .text.LL_USART_SetBaudRate
                0x00000000080031f0      0x45c ./Drivers/STM32F4xx_HAL_Driver/Src/stm32f4xx_ll_usart.o
 .text.LL_USART_Init
                0x000000000800364c       0xc8 ./Drivers/STM32F4xx_HAL_Driver/Src/stm32f4xx_ll_usart.o
                0x000000000800364c                LL_USART_Init
 .text.LL_InitTick
                0x0000000008003714       0x34 ./Drivers/STM32F4xx_HAL_Driver/Src/stm32f4xx_ll_utils.o
 .text.LL_Init1msTick
                0x0000000008003748       0x1a ./Drivers/STM32F4xx_HAL_Driver/Src/stm32f4xx_ll_utils.o
                0x0000000008003748                LL_Init1msTick
 *fill*         0x0000000008003762        0x2 
 .text.LL_SetSystemCoreClock
                0x0000000008003764       0x20 ./Drivers/STM32F4xx_HAL_Driver/Src/stm32f4xx_ll_utils.o
                0x0000000008003764                LL_SetSystemCoreClock
 .text.__Custom_Exception_Set_Message
                0x0000000008003784       0x38 ./External Library/Src/custom_exception.o
                0x0000000008003784                __Custom_Exception_Set_Message
 .text.Custom_FileSystem_Load
                0x00000000080037bc       0x20 ./External Library/Src/custom_filesystem.o
                0x00000000080037bc                Custom_FileSystem_Load
 .text.Custom_FileSystem_Get_CheckSum
                0x00000000080037dc       0x3e ./External Library/Src/custom_filesystem.o
 *fill*         0x000000000800381a        0x2 
 .text.Custom_FileSystem_IsValidName
                0x000000000800381c       0x60 ./External Library/Src/custom_filesystem.o
                0x000000000800381c                Custom_FileSystem_IsValidName
 .text.Custom_FileSystem_Validate
                0x000000000800387c       0xc0 ./External Library/Src/custom_filesystem.o
                0x000000000800387c                Custom_FileSystem_Validate
 .text.Custom_FileSystem_Find
                0x000000000800393c       0x9c ./External Library/Src/custom_filesystem.o
                0x000000000800393c                Custom_FileSystem_Find
 .text.Custom_FileSystem_Delete
                0x00000000080039d8       0x70 ./External Library/Src/custom_filesystem.o
                0x00000000080039d8                Custom_FileSystem_Delete
 .text.Custom_FileSystem_Read
                0x0000000008003a48       0x78 ./External Library/Src/custom_filesystem.o
                0x0000000008003a48                Custom_FileSystem_Read
 .text.Custom_FileSystem_Write
                0x0000000008003ac0      0x1b0 ./External Library/Src/custom_filesystem.o
                0x0000000008003ac0                Custom_FileSystem_Write
 .text.Custom_Flash_Check_Error
                0x0000000008003c70       0x90 ./External Library/Src/custom_flash.o
                0x0000000008003c70                Custom_Flash_Check_Error
 .text.Custom_Flash_Read
                0x0000000008003d00       0x64 ./External Library/Src/custom_flash.o
                0x0000000008003d00                Custom_Flash_Read
 .text.LL_SPI_Enable
                0x0000000008003d64       0x20 ./External Library/Src/custom_oled.o
 .text.LL_SPI_SetTransferDirection
                0x0000000008003d84       0x26 ./External Library/Src/custom_oled.o
 .text.LL_SPI_IsActiveFlag_TXE
                0x0000000008003daa       0x26 ./External Library/Src/custom_oled.o
 .text.LL_SPI_IsActiveFlag_BSY
                0x0000000008003dd0       0x26 ./External Library/Src/custom_oled.o
 .text.LL_SPI_TransmitData8
                0x0000000008003df6       0x24 ./External Library/Src/custom_oled.o
 .text.Custom_GPIO_Set
                0x0000000008003e1a       0x3a ./External Library/Src/custom_oled.o
 .text.Custom_OLED_SPI_Tramsnit_Blocking
                0x0000000008003e54       0x40 ./External Library/Src/custom_oled.o
 .text.Custom_OLED_Write_Command
                0x0000000008003e94       0x5c ./External Library/Src/custom_oled.o
 .text.Custom_OLED_Write_Data
                0x0000000008003ef0       0x74 ./External Library/Src/custom_oled.o
 .text.Custom_OLED_Set_Window
                0x0000000008003f64       0x4a ./External Library/Src/custom_oled.o
 .text.Custom_OLED_Clear
                0x0000000008003fae       0x3e ./External Library/Src/custom_oled.o
                0x0000000008003fae                Custom_OLED_Clear
 .text.Custom_OLED_Init
                0x0000000008003fec       0x4c ./External Library/Src/custom_oled.o
                0x0000000008003fec                Custom_OLED_Init
 .text.Custom_OLED_Putchar
                0x0000000008004038      0x140 ./External Library/Src/custom_oled.o
                0x0000000008004038                Custom_OLED_Putchar
 .text.Custom_OLED_Printf
                0x0000000008004178      0x4c8 ./External Library/Src/custom_oled.o
                0x0000000008004178                Custom_OLED_Printf
 .text.LL_GPIO_ReadInputPort
                0x0000000008004640       0x18 ./External Library/Src/custom_switch.o
 .text.Custom_Delay_Get_SysTick
                0x0000000008004658       0x18 ./External Library/Src/custom_switch.o
 .text.Custom_Switch_Init_ButtonState
                0x0000000008004670       0x36 ./External Library/Src/custom_switch.o
 *fill*         0x00000000080046a6        0x2 
 .text.Custom_Switch_State_Machine
                0x00000000080046a8      0x130 ./External Library/Src/custom_switch.o
 .text.Custom_Switch_Read
                0x00000000080047d8       0xc8 ./External Library/Src/custom_switch.o
                0x00000000080047d8                Custom_Switch_Read
 .text.Print_Drive_Data
                0x00000000080048a0       0xf8 ./Main/Src/drive_data_tools.o
                0x00000000080048a0                Print_Drive_Data
 .text.Save_Drive_Data_Flash
                0x0000000008004998       0x4c ./Main/Src/drive_data_tools.o
                0x0000000008004998                Save_Drive_Data_Flash
 .text.Read_Drive_Data_Flash
                0x00000000080049e4       0xa8 ./Main/Src/drive_data_tools.o
                0x00000000080049e4                Read_Drive_Data_Flash
 .text.Delete_Drive_Data_Flash
                0x0000000008004a8c       0x58 ./Main/Src/drive_data_tools.o
                0x0000000008004a8c                Delete_Drive_Data_Flash
 .text.Pre_Drive_Setting
                0x0000000008004ae4       0x1e ./Main/Src/drive_preset.o
                0x0000000008004ae4                Pre_Drive_Setting
 *fill*         0x0000000008004b02        0x2 
 .text.Pre_Drive_Var_Adjust
                0x0000000008004b04      0x3a0 ./Main/Src/drive_preset.o
 .text.Pre_Drive_Var_Init
                0x0000000008004ea4      0x118 ./Main/Src/drive_preset.o
 .text.Custom_Delay_us
                0x0000000008004fbc       0x50 ./Main/Src/first_drive.o
 .text.Custom_Delay_ms
                0x000000000800500c       0x20 ./Main/Src/first_drive.o
 .text.Drive_Fit_In
                0x000000000800502c       0xc8 ./Main/Src/first_drive.o
 .text.Is_Drive_End
                0x00000000080050f4       0x88 ./Main/Src/first_drive.o
 .text.Get_Line_Sensor_Cnt
                0x000000000800517c       0x88 ./Main/Src/first_drive.o
 .text.Get_Marker_Sensor_Cnt
                0x0000000008005204       0x34 ./Main/Src/first_drive.o
 .text.Decision
                0x0000000008005238       0x80 ./Main/Src/first_drive.o
 .text.Drive_State_Machine
                0x00000000080052b8      0x128 ./Main/Src/first_drive.o
 .text.First_Drive
                0x00000000080053e0       0x56 ./Main/Src/first_drive.o
                0x00000000080053e0                First_Drive
 *fill*         0x0000000008005436        0x2 
 .text.First_Drive_Ctrl
                0x0000000008005438       0x28 ./Main/Src/first_drive.o
 .text.Set_First_Drive_Data
                0x0000000008005460       0xf0 ./Main/Src/first_drive.o
 .text.First_Drive_Data_Cntl
                0x0000000008005550      0x130 ./Main/Src/first_drive.o
 .text.First_Drive_Data_Update_Cntl
                0x0000000008005680       0xcc ./Main/Src/first_drive.o
 .text.LL_USART_Enable
                0x000000000800574c       0x20 ./Main/Src/init.o
 .text.Custom_Delay_us
                0x000000000800576c       0x50 ./Main/Src/init.o
 .text.Custom_Delay_ms
                0x00000000080057bc       0x20 ./Main/Src/init.o
 .text.Custom_Delay_Init_SysTick
                0x00000000080057dc       0x28 ./Main/Src/init.o
 .text.Init     0x0000000008005804      0x108 ./Main/Src/init.o
                0x0000000008005804                Init
 .text.LL_TIM_SetAutoReload
                0x000000000800590c       0x1c ./Main/Src/linetracer_test.o
 .text.Window_Position_Val
                0x0000000008005928       0xdc ./Main/Src/linetracer_test.o
 .text.Update_Limited_Position_Val
                0x0000000008005a04       0x60 ./Main/Src/linetracer_test.o
 .text.Update_Position_Val
                0x0000000008005a64       0x38 ./Main/Src/linetracer_test.o
 .text.Custom_Delay_us
                0x0000000008005a9c       0x50 ./Main/Src/linetracer_test.o
 .text.Custom_Delay_ms
                0x0000000008005aec       0x20 ./Main/Src/linetracer_test.o
 .text.Motor_L_Speed_Control
                0x0000000008005b0c       0x3c ./Main/Src/linetracer_test.o
 .text.Motor_R_Speed_Control
                0x0000000008005b48       0x3c ./Main/Src/linetracer_test.o
 .text.Custom_GPIO_Set_t
                0x0000000008005b84       0x42 ./Main/Src/linetracer_test.o
 *fill*         0x0000000008005bc6        0x2 
 .text.Sensor_Test_Raw
                0x0000000008005bc8       0x88 ./Main/Src/linetracer_test.o
                0x0000000008005bc8                Sensor_Test_Raw
 .text.Sensor_Test_Normalized
                0x0000000008005c50       0x88 ./Main/Src/linetracer_test.o
                0x0000000008005c50                Sensor_Test_Normalized
 .text.Sensor_Test_State
                0x0000000008005cd8      0x104 ./Main/Src/linetracer_test.o
                0x0000000008005cd8                Sensor_Test_State
 .text.Motor_Test_Phase
                0x0000000008005ddc      0x17c ./Main/Src/linetracer_test.o
                0x0000000008005ddc                Motor_Test_Phase
 .text.Motor_Test_Velocity
                0x0000000008005f58       0xdc ./Main/Src/linetracer_test.o
                0x0000000008005f58                Motor_Test_Velocity
 .text.Drive_Test_Position
                0x0000000008006034       0xcc ./Main/Src/linetracer_test.o
                0x0000000008006034                Drive_Test_Position
 .text.LL_TIM_EnableCounter
                0x0000000008006100       0x20 ./Main/Src/motor.o
 .text.LL_TIM_DisableCounter
                0x0000000008006120       0x20 ./Main/Src/motor.o
 .text.LL_TIM_EnableIT_UPDATE
                0x0000000008006140       0x20 ./Main/Src/motor.o
 .text.LL_TIM_DisableIT_UPDATE
                0x0000000008006160       0x20 ./Main/Src/motor.o
 .text.Custom_GPIO_Set_t
                0x0000000008006180       0x42 ./Main/Src/motor.o
 *fill*         0x00000000080061c2        0x2 
 .text.Motor_Power_Off
                0x00000000080061c4       0x74 ./Main/Src/motor.o
                0x00000000080061c4                Motor_Power_Off
 .text.Motor_Start
                0x0000000008006238       0x28 ./Main/Src/motor.o
                0x0000000008006238                Motor_Start
 .text.Motor_Stop
                0x0000000008006260       0x30 ./Main/Src/motor.o
                0x0000000008006260                Motor_Stop
 .text.Speed_Control_Start
                0x0000000008006290       0x18 ./Main/Src/motor.o
                0x0000000008006290                Speed_Control_Start
 .text.Speed_Control_Stop
                0x00000000080062a8       0x18 ./Main/Src/motor.o
                0x00000000080062a8                Speed_Control_Stop
 .text.Custom_Delay_us
                0x00000000080062c0       0x50 ./Main/Src/second_drive.o
 .text.Custom_Delay_ms
                0x0000000008006310       0x20 ./Main/Src/second_drive.o
 .text.Drive_Fit_In
                0x0000000008006330       0xc8 ./Main/Src/second_drive.o
 .text.Is_Drive_End
                0x00000000080063f8       0x88 ./Main/Src/second_drive.o
 .text.Get_Line_Sensor_Cnt
                0x0000000008006480       0x88 ./Main/Src/second_drive.o
 .text.Get_Marker_Sensor_Cnt
                0x0000000008006508       0x34 ./Main/Src/second_drive.o
 .text.Decision
                0x000000000800653c       0x80 ./Main/Src/second_drive.o
 .text.Drive_State_Machine
                0x00000000080065bc      0x128 ./Main/Src/second_drive.o
 .text.Second_Drive
                0x00000000080066e4       0x80 ./Main/Src/second_drive.o
                0x00000000080066e4                Second_Drive
 .text.Second_Drive_Ctrl
                0x0000000008006764       0x40 ./Main/Src/second_drive.o
 .text.Set_Second_Drive_Data
                0x00000000080067a4       0xac ./Main/Src/second_drive.o
 .text.Second_Drive_Boost
                0x0000000008006850      0x160 ./Main/Src/second_drive.o
 .text.Second_Drive_Restore_Mark
                0x00000000080069b0       0x20 ./Main/Src/second_drive.o
 .text.Is_Decele
                0x00000000080069d0      0x10c ./Main/Src/second_drive.o
 .text.LL_ADC_Enable
                0x0000000008006adc       0x20 ./Main/Src/sensor.o
 .text.LL_ADC_Disable
                0x0000000008006afc       0x20 ./Main/Src/sensor.o
 .text.LL_TIM_EnableCounter
                0x0000000008006b1c       0x20 ./Main/Src/sensor.o
 .text.LL_TIM_DisableCounter
                0x0000000008006b3c       0x20 ./Main/Src/sensor.o
 .text.LL_TIM_EnableIT_UPDATE
                0x0000000008006b5c       0x20 ./Main/Src/sensor.o
 .text.LL_TIM_DisableIT_UPDATE
                0x0000000008006b7c       0x20 ./Main/Src/sensor.o
 .text.Custom_Delay_us
                0x0000000008006b9c       0x50 ./Main/Src/sensor.o
 .text.Custom_Delay_ms
                0x0000000008006bec       0x20 ./Main/Src/sensor.o
 .text.Sensor_Start
                0x0000000008006c0c       0x30 ./Main/Src/sensor.o
                0x0000000008006c0c                Sensor_Start
 .text.Sensor_Stop
                0x0000000008006c3c       0x24 ./Main/Src/sensor.o
                0x0000000008006c3c                Sensor_Stop
 .text.Sensor_Calibration
                0x0000000008006c60      0x1bc ./Main/Src/sensor.o
                0x0000000008006c60                Sensor_Calibration
 .text._vsprintf_r
                0x0000000008006e1c       0x2c /Applications/STM32CubeIDE.app/Contents/Eclipse/plugins/com.st.stm32cube.ide.mcu.externaltools.gnu-tools-for-stm32.11.3.rel1.macos64_1.1.0.202305231506/tools/bin/../lib/gcc/arm-none-eabi/11.3.1/../../../../arm-none-eabi/lib/thumb/v7e-m+fp/hard/libc_nano.a(libc_a-vsprintf.o)
                0x0000000008006e1c                _vsiprintf_r
                0x0000000008006e1c                _vsprintf_r
 .text.vsprintf
                0x0000000008006e48       0x14 /Applications/STM32CubeIDE.app/Contents/Eclipse/plugins/com.st.stm32cube.ide.mcu.externaltools.gnu-tools-for-stm32.11.3.rel1.macos64_1.1.0.202305231506/tools/bin/../lib/gcc/arm-none-eabi/11.3.1/../../../../arm-none-eabi/lib/thumb/v7e-m+fp/hard/libc_nano.a(libc_a-vsprintf.o)
                0x0000000008006e48                vsprintf
                0x0000000008006e48                vsiprintf
 .text.memset   0x0000000008006e5c       0x10 /Applications/STM32CubeIDE.app/Contents/Eclipse/plugins/com.st.stm32cube.ide.mcu.externaltools.gnu-tools-for-stm32.11.3.rel1.macos64_1.1.0.202305231506/tools/bin/../lib/gcc/arm-none-eabi/11.3.1/../../../../arm-none-eabi/lib/thumb/v7e-m+fp/hard/libc_nano.a(libc_a-memset.o)
                0x0000000008006e5c                memset
 .text.__errno  0x0000000008006e6c        0xc /Applications/STM32CubeIDE.app/Contents/Eclipse/plugins/com.st.stm32cube.ide.mcu.externaltools.gnu-tools-for-stm32.11.3.rel1.macos64_1.1.0.202305231506/tools/bin/../lib/gcc/arm-none-eabi/11.3.1/../../../../arm-none-eabi/lib/thumb/v7e-m+fp/hard/libc_nano.a(libc_a-errno.o)
                0x0000000008006e6c                __errno
 .text.__libc_init_array
                0x0000000008006e78       0x48 /Applications/STM32CubeIDE.app/Contents/Eclipse/plugins/com.st.stm32cube.ide.mcu.externaltools.gnu-tools-for-stm32.11.3.rel1.macos64_1.1.0.202305231506/tools/bin/../lib/gcc/arm-none-eabi/11.3.1/../../../../arm-none-eabi/lib/thumb/v7e-m+fp/hard/libc_nano.a(libc_a-init.o)
                0x0000000008006e78                __libc_init_array
 .text.__retarget_lock_acquire_recursive
                0x0000000008006ec0        0x2 /Applications/STM32CubeIDE.app/Contents/Eclipse/plugins/com.st.stm32cube.ide.mcu.externaltools.gnu-tools-for-stm32.11.3.rel1.macos64_1.1.0.202305231506/tools/bin/../lib/gcc/arm-none-eabi/11.3.1/../../../../arm-none-eabi/lib/thumb/v7e-m+fp/hard/libc_nano.a(libc_a-lock.o)
                0x0000000008006ec0                __retarget_lock_acquire_recursive
 .text.__retarget_lock_release_recursive
                0x0000000008006ec2        0x2 /Applications/STM32CubeIDE.app/Contents/Eclipse/plugins/com.st.stm32cube.ide.mcu.externaltools.gnu-tools-for-stm32.11.3.rel1.macos64_1.1.0.202305231506/tools/bin/../lib/gcc/arm-none-eabi/11.3.1/../../../../arm-none-eabi/lib/thumb/v7e-m+fp/hard/libc_nano.a(libc_a-lock.o)
                0x0000000008006ec2                __retarget_lock_release_recursive
 .text.memcpy   0x0000000008006ec4       0x1c /Applications/STM32CubeIDE.app/Contents/Eclipse/plugins/com.st.stm32cube.ide.mcu.externaltools.gnu-tools-for-stm32.11.3.rel1.macos64_1.1.0.202305231506/tools/bin/../lib/gcc/arm-none-eabi/11.3.1/../../../../arm-none-eabi/lib/thumb/v7e-m+fp/hard/libc_nano.a(libc_a-memcpy-stub.o)
                0x0000000008006ec4                memcpy
 .text.__ssputs_r
                0x0000000008006ee0       0xb4 /Applications/STM32CubeIDE.app/Contents/Eclipse/plugins/com.st.stm32cube.ide.mcu.externaltools.gnu-tools-for-stm32.11.3.rel1.macos64_1.1.0.202305231506/tools/bin/../lib/gcc/arm-none-eabi/11.3.1/../../../../arm-none-eabi/lib/thumb/v7e-m+fp/hard/libc_nano.a(libc_a-nano-svfprintf.o)
                0x0000000008006ee0                __ssputs_r
 .text._svfprintf_r
                0x0000000008006f94      0x1fc /Applications/STM32CubeIDE.app/Contents/Eclipse/plugins/com.st.stm32cube.ide.mcu.externaltools.gnu-tools-for-stm32.11.3.rel1.macos64_1.1.0.202305231506/tools/bin/../lib/gcc/arm-none-eabi/11.3.1/../../../../arm-none-eabi/lib/thumb/v7e-m+fp/hard/libc_nano.a(libc_a-nano-svfprintf.o)
                0x0000000008006f94                _svfprintf_r
                0x0000000008006f94                _svfiprintf_r
 .text.sbrk_aligned
                0x0000000008007190       0x40 /Applications/STM32CubeIDE.app/Contents/Eclipse/plugins/com.st.stm32cube.ide.mcu.externaltools.gnu-tools-for-stm32.11.3.rel1.macos64_1.1.0.202305231506/tools/bin/../lib/gcc/arm-none-eabi/11.3.1/../../../../arm-none-eabi/lib/thumb/v7e-m+fp/hard/libc_nano.a(libc_a-mallocr.o)
 .text._malloc_r
                0x00000000080071d0      0x100 /Applications/STM32CubeIDE.app/Contents/Eclipse/plugins/com.st.stm32cube.ide.mcu.externaltools.gnu-tools-for-stm32.11.3.rel1.macos64_1.1.0.202305231506/tools/bin/../lib/gcc/arm-none-eabi/11.3.1/../../../../arm-none-eabi/lib/thumb/v7e-m+fp/hard/libc_nano.a(libc_a-mallocr.o)
                0x00000000080071d0                _malloc_r
 .text._printf_common
                0x00000000080072d0       0xda /Applications/STM32CubeIDE.app/Contents/Eclipse/plugins/com.st.stm32cube.ide.mcu.externaltools.gnu-tools-for-stm32.11.3.rel1.macos64_1.1.0.202305231506/tools/bin/../lib/gcc/arm-none-eabi/11.3.1/../../../../arm-none-eabi/lib/thumb/v7e-m+fp/hard/libc_nano.a(libc_a-nano-vfprintf_i.o)
                0x00000000080072d0                _printf_common
 *fill*         0x00000000080073aa        0x2 
 .text._printf_i
                0x00000000080073ac      0x244 /Applications/STM32CubeIDE.app/Contents/Eclipse/plugins/com.st.stm32cube.ide.mcu.externaltools.gnu-tools-for-stm32.11.3.rel1.macos64_1.1.0.202305231506/tools/bin/../lib/gcc/arm-none-eabi/11.3.1/../../../../arm-none-eabi/lib/thumb/v7e-m+fp/hard/libc_nano.a(libc_a-nano-vfprintf_i.o)
                0x00000000080073ac                _printf_i
 .text.__malloc_lock
                0x00000000080075f0        0xc /Applications/STM32CubeIDE.app/Contents/Eclipse/plugins/com.st.stm32cube.ide.mcu.externaltools.gnu-tools-for-stm32.11.3.rel1.macos64_1.1.0.202305231506/tools/bin/../lib/gcc/arm-none-eabi/11.3.1/../../../../arm-none-eabi/lib/thumb/v7e-m+fp/hard/libc_nano.a(libc_a-mlock.o)
                0x00000000080075f0                __malloc_lock
 .text.__malloc_unlock
                0x00000000080075fc        0xc /Applications/STM32CubeIDE.app/Contents/Eclipse/plugins/com.st.stm32cube.ide.mcu.externaltools.gnu-tools-for-stm32.11.3.rel1.macos64_1.1.0.202305231506/tools/bin/../lib/gcc/arm-none-eabi/11.3.1/../../../../arm-none-eabi/lib/thumb/v7e-m+fp/hard/libc_nano.a(libc_a-mlock.o)
                0x00000000080075fc                __malloc_unlock
 .text._realloc_r
                0x0000000008007608       0x5e /Applications/STM32CubeIDE.app/Contents/Eclipse/plugins/com.st.stm32cube.ide.mcu.externaltools.gnu-tools-for-stm32.11.3.rel1.macos64_1.1.0.202305231506/tools/bin/../lib/gcc/arm-none-eabi/11.3.1/../../../../arm-none-eabi/lib/thumb/v7e-m+fp/hard/libc_nano.a(libc_a-reallocr.o)
                0x0000000008007608                _realloc_r
 .text.memmove  0x0000000008007666       0x34 /Applications/STM32CubeIDE.app/Contents/Eclipse/plugins/com.st.stm32cube.ide.mcu.externaltools.gnu-tools-for-stm32.11.3.rel1.macos64_1.1.0.202305231506/tools/bin/../lib/gcc/arm-none-eabi/11.3.1/../../../../arm-none-eabi/lib/thumb/v7e-m+fp/hard/libc_nano.a(libc_a-memmove.o)
                0x0000000008007666                memmove
 *fill*         0x000000000800769a        0x2 
 .text._sbrk_r  0x000000000800769c       0x20 /Applications/STM32CubeIDE.app/Contents/Eclipse/plugins/com.st.stm32cube.ide.mcu.externaltools.gnu-tools-for-stm32.11.3.rel1.macos64_1.1.0.202305231506/tools/bin/../lib/gcc/arm-none-eabi/11.3.1/../../../../arm-none-eabi/lib/thumb/v7e-m+fp/hard/libc_nano.a(libc_a-sbrkr.o)
                0x000000000800769c                _sbrk_r
 .text._free_r  0x00000000080076bc       0x98 /Applications/STM32CubeIDE.app/Contents/Eclipse/plugins/com.st.stm32cube.ide.mcu.externaltools.gnu-tools-for-stm32.11.3.rel1.macos64_1.1.0.202305231506/tools/bin/../lib/gcc/arm-none-eabi/11.3.1/../../../../arm-none-eabi/lib/thumb/v7e-m+fp/hard/libc_nano.a(libc_a-freer.o)
                0x00000000080076bc                _free_r
 .text._malloc_usable_size_r
                0x0000000008007754       0x10 /Applications/STM32CubeIDE.app/Contents/Eclipse/plugins/com.st.stm32cube.ide.mcu.externaltools.gnu-tools-for-stm32.11.3.rel1.macos64_1.1.0.202305231506/tools/bin/../lib/gcc/arm-none-eabi/11.3.1/../../../../arm-none-eabi/lib/thumb/v7e-m+fp/hard/libc_nano.a(libc_a-msizer.o)
                0x0000000008007754                _malloc_usable_size_r
 *(.glue_7)
 .glue_7        0x0000000008007764        0x0 linker stubs
 *(.glue_7t)
 .glue_7t       0x0000000008007764        0x0 linker stubs
 *(.eh_frame)
 .eh_frame      0x0000000008007764        0x0 /Applications/STM32CubeIDE.app/Contents/Eclipse/plugins/com.st.stm32cube.ide.mcu.externaltools.gnu-tools-for-stm32.11.3.rel1.macos64_1.1.0.202305231506/tools/bin/../lib/gcc/arm-none-eabi/11.3.1/thumb/v7e-m+fp/hard/crtbegin.o
 *(.init)
 .init          0x0000000008007764        0x4 /Applications/STM32CubeIDE.app/Contents/Eclipse/plugins/com.st.stm32cube.ide.mcu.externaltools.gnu-tools-for-stm32.11.3.rel1.macos64_1.1.0.202305231506/tools/bin/../lib/gcc/arm-none-eabi/11.3.1/thumb/v7e-m+fp/hard/crti.o
                0x0000000008007764                _init
 .init          0x0000000008007768        0x8 /Applications/STM32CubeIDE.app/Contents/Eclipse/plugins/com.st.stm32cube.ide.mcu.externaltools.gnu-tools-for-stm32.11.3.rel1.macos64_1.1.0.202305231506/tools/bin/../lib/gcc/arm-none-eabi/11.3.1/thumb/v7e-m+fp/hard/crtn.o
 *(.fini)
 .fini          0x0000000008007770        0x4 /Applications/STM32CubeIDE.app/Contents/Eclipse/plugins/com.st.stm32cube.ide.mcu.externaltools.gnu-tools-for-stm32.11.3.rel1.macos64_1.1.0.202305231506/tools/bin/../lib/gcc/arm-none-eabi/11.3.1/thumb/v7e-m+fp/hard/crti.o
                0x0000000008007770                _fini
 .fini          0x0000000008007774        0x8 /Applications/STM32CubeIDE.app/Contents/Eclipse/plugins/com.st.stm32cube.ide.mcu.externaltools.gnu-tools-for-stm32.11.3.rel1.macos64_1.1.0.202305231506/tools/bin/../lib/gcc/arm-none-eabi/11.3.1/thumb/v7e-m+fp/hard/crtn.o
                0x000000000800777c                . = ALIGN (0x4)
                0x000000000800777c                _etext = .

.vfp11_veneer   0x000000000800777c        0x0
 .vfp11_veneer  0x000000000800777c        0x0 linker stubs

.v4_bx          0x000000000800777c        0x0
 .v4_bx         0x000000000800777c        0x0 linker stubs

.iplt           0x000000000800777c        0x0
 .iplt          0x000000000800777c        0x0 /Applications/STM32CubeIDE.app/Contents/Eclipse/plugins/com.st.stm32cube.ide.mcu.externaltools.gnu-tools-for-stm32.11.3.rel1.macos64_1.1.0.202305231506/tools/bin/../lib/gcc/arm-none-eabi/11.3.1/thumb/v7e-m+fp/hard/crtbegin.o

.rodata         0x000000000800777c      0x9a0
                0x000000000800777c                . = ALIGN (0x4)
 *(.rodata)
 .rodata        0x000000000800777c      0x177 ./External Library/Src/custom_filesystem.o
 *fill*         0x00000000080078f3        0x1 
 .rodata        0x00000000080078f4       0xe3 ./External Library/Src/custom_flash.o
 *fill*         0x00000000080079d7        0x1 
 .rodata        0x00000000080079d8       0x25 ./External Library/Src/custom_oled.o
 *fill*         0x00000000080079fd        0x3 
 .rodata        0x0000000008007a00       0x68 ./Main/Src/drive_data_tools.o
 .rodata        0x0000000008007a68      0x11c ./Main/Src/drive_preset.o
 .rodata        0x0000000008007b84       0x76 ./Main/Src/first_drive.o
 *fill*         0x0000000008007bfa        0x2 
 .rodata        0x0000000008007bfc      0x11c ./Main/Src/init.o
 .rodata        0x0000000008007d18       0xdb ./Main/Src/linetracer_test.o
 *fill*         0x0000000008007df3        0x1 
 .rodata        0x0000000008007df4       0x17 ./Main/Src/second_drive.o
 *fill*         0x0000000008007e0b        0x1 
 .rodata        0x0000000008007e0c       0x44 ./Main/Src/sensor.o
 *(.rodata*)
 .rodata.AHBPrescTable
                0x0000000008007e50       0x10 ./Core/Src/system_stm32f4xx.o
                0x0000000008007e50                AHBPrescTable
 .rodata.APBPrescTable
                0x0000000008007e60        0x8 ./Core/Src/system_stm32f4xx.o
                0x0000000008007e60                APBPrescTable
 .rodata.STARFONT_ASCII
                0x0000000008007e68      0x280 ./External Library/Src/custom_oled.o
                0x0000000008007e68                STARFONT_ASCII
 .rodata._svfprintf_r.str1.1
                0x00000000080080e8       0x11 /Applications/STM32CubeIDE.app/Contents/Eclipse/plugins/com.st.stm32cube.ide.mcu.externaltools.gnu-tools-for-stm32.11.3.rel1.macos64_1.1.0.202305231506/tools/bin/../lib/gcc/arm-none-eabi/11.3.1/../../../../arm-none-eabi/lib/thumb/v7e-m+fp/hard/libc_nano.a(libc_a-nano-svfprintf.o)
 .rodata._printf_i.str1.1
                0x00000000080080f9       0x22 /Applications/STM32CubeIDE.app/Contents/Eclipse/plugins/com.st.stm32cube.ide.mcu.externaltools.gnu-tools-for-stm32.11.3.rel1.macos64_1.1.0.202305231506/tools/bin/../lib/gcc/arm-none-eabi/11.3.1/../../../../arm-none-eabi/lib/thumb/v7e-m+fp/hard/libc_nano.a(libc_a-nano-vfprintf_i.o)
                0x000000000800811c                . = ALIGN (0x4)
 *fill*         0x000000000800811b        0x1 

.ARM.extab      0x000000000800811c        0x0
                0x000000000800811c                . = ALIGN (0x4)
 *(.ARM.extab* .gnu.linkonce.armextab.*)
                0x000000000800811c                . = ALIGN (0x4)

.ARM            0x000000000800811c        0x8
                0x000000000800811c                . = ALIGN (0x4)
                0x000000000800811c                __exidx_start = .
 *(.ARM.exidx*)
 .ARM.exidx     0x000000000800811c        0x8 /Applications/STM32CubeIDE.app/Contents/Eclipse/plugins/com.st.stm32cube.ide.mcu.externaltools.gnu-tools-for-stm32.11.3.rel1.macos64_1.1.0.202305231506/tools/bin/../lib/gcc/arm-none-eabi/11.3.1/thumb/v7e-m+fp/hard/libgcc.a(_udivmoddi4.o)
                0x0000000008008124                __exidx_end = .
                0x0000000008008124                . = ALIGN (0x4)

.rel.dyn        0x0000000008008124        0x0
 .rel.iplt      0x0000000008008124        0x0 /Applications/STM32CubeIDE.app/Contents/Eclipse/plugins/com.st.stm32cube.ide.mcu.externaltools.gnu-tools-for-stm32.11.3.rel1.macos64_1.1.0.202305231506/tools/bin/../lib/gcc/arm-none-eabi/11.3.1/thumb/v7e-m+fp/hard/crtbegin.o

.preinit_array  0x0000000008008124        0x0
                0x0000000008008124                . = ALIGN (0x4)
                0x0000000008008124                PROVIDE (__preinit_array_start = .)
 *(.preinit_array*)
                0x0000000008008124                PROVIDE (__preinit_array_end = .)
                0x0000000008008124                . = ALIGN (0x4)

.init_array     0x0000000008008124        0x4
                0x0000000008008124                . = ALIGN (0x4)
                0x0000000008008124                PROVIDE (__init_array_start = .)
 *(SORT_BY_NAME(.init_array.*))
 *(.init_array*)
 .init_array    0x0000000008008124        0x4 /Applications/STM32CubeIDE.app/Contents/Eclipse/plugins/com.st.stm32cube.ide.mcu.externaltools.gnu-tools-for-stm32.11.3.rel1.macos64_1.1.0.202305231506/tools/bin/../lib/gcc/arm-none-eabi/11.3.1/thumb/v7e-m+fp/hard/crtbegin.o
                0x0000000008008128                PROVIDE (__init_array_end = .)
                0x0000000008008128                . = ALIGN (0x4)

.fini_array     0x0000000008008128        0x4
                0x0000000008008128                . = ALIGN (0x4)
                [!provide]                        PROVIDE (__fini_array_start = .)
 *(SORT_BY_NAME(.fini_array.*))
 *(.fini_array*)
 .fini_array    0x0000000008008128        0x4 /Applications/STM32CubeIDE.app/Contents/Eclipse/plugins/com.st.stm32cube.ide.mcu.externaltools.gnu-tools-for-stm32.11.3.rel1.macos64_1.1.0.202305231506/tools/bin/../lib/gcc/arm-none-eabi/11.3.1/thumb/v7e-m+fp/hard/crtbegin.o
                [!provide]                        PROVIDE (__fini_array_end = .)
                0x000000000800812c                . = ALIGN (0x4)
                0x000000000800812c                _sidata = LOADADDR (.data)

.data           0x0000000020000000      0x184 load address 0x000000000800812c
                0x0000000020000000                . = ALIGN (0x4)
                0x0000000020000000                _sdata = .
 *(.data)
 *(.data*)
 .data.positionIdxMax.11
                0x0000000020000000        0x1 ./Core/Src/stm32f4xx_it.o
 .data.positionIdxMin.10
                0x0000000020000001        0x1 ./Core/Src/stm32f4xx_it.o
 *fill*         0x0000000020000002        0x2 
 .data.positionTable.9
                0x0000000020000004       0x20 ./Core/Src/stm32f4xx_it.o
 .data.sensorNormValsSum.7
                0x0000000020000024        0x4 ./Core/Src/stm32f4xx_it.o
 .data.sensorReadIdxTable.2
                0x0000000020000028        0x8 ./Core/Src/stm32f4xx_it.o
 .data.SystemCoreClock
                0x0000000020000030        0x4 ./Core/Src/system_stm32f4xx.o
                0x0000000020000030                SystemCoreClock
 .data.targetSpeed_init
                0x0000000020000034        0x4 ./Main/Src/drive_preset.o
                0x0000000020000034                targetSpeed_init
 .data.decele_init
                0x0000000020000038        0x4 ./Main/Src/drive_preset.o
                0x0000000020000038                decele_init
 .data.positionCoef
                0x000000002000003c        0x4 ./Main/Src/drive_preset.o
                0x000000002000003c                positionCoef
 .data.accele   0x0000000020000040        0x4 ./Main/Src/drive_preset.o
                0x0000000020000040                accele
 .data.decele   0x0000000020000044        0x4 ./Main/Src/drive_preset.o
                0x0000000020000044                decele
 .data.targetSpeed
                0x0000000020000048        0x4 ./Main/Src/drive_preset.o
                0x0000000020000048                targetSpeed
 .data.currentSpeed
                0x000000002000004c        0x4 ./Main/Src/drive_preset.o
                0x000000002000004c                currentSpeed
 .data.boostSpeed
                0x0000000020000050        0x4 ./Main/Src/drive_preset.o
                0x0000000020000050                boostSpeed
 .data.curveDecelCoef
                0x0000000020000054        0x4 ./Main/Src/drive_preset.o
                0x0000000020000054                curveDecelCoef
 .data.markState
                0x0000000020000058        0x1 ./Main/Src/drive_preset.o
                0x0000000020000058                markState
 .data.isReadAllMark
                0x0000000020000059        0x1 ./Main/Src/drive_preset.o
                0x0000000020000059                isReadAllMark
 *fill*         0x000000002000005a        0x2 
 .data.driveDataPtr
                0x000000002000005c        0x4 ./Main/Src/drive_preset.o
                0x000000002000005c                driveDataPtr
 .data.driveDataBufferPtr
                0x0000000020000060        0x4 ./Main/Src/drive_preset.o
                0x0000000020000060                driveDataBufferPtr
 .data.pitInLen
                0x0000000020000064        0x4 ./Main/Src/drive_preset.o
                0x0000000020000064                pitInLen
 .data.phases.8
                0x0000000020000068        0x8 ./Main/Src/linetracer_test.o
 .data.motorL.7
                0x0000000020000070       0x20 ./Main/Src/linetracer_test.o
 .data.motorR.6
                0x0000000020000090       0x20 ./Main/Src/linetracer_test.o
 .data.positionIdxMax.5
                0x00000000200000b0        0x1 ./Main/Src/linetracer_test.o
 .data.positionIdxMin.4
                0x00000000200000b1        0x1 ./Main/Src/linetracer_test.o
 *fill*         0x00000000200000b2        0x2 
 .data.positionTable.3
                0x00000000200000b4       0x20 ./Main/Src/linetracer_test.o
 .data.sensorNormValsSum.1
                0x00000000200000d4        0x4 ./Main/Src/linetracer_test.o
 .data.motorL   0x00000000200000d8       0x20 ./Main/Src/motor.o
                0x00000000200000d8                motorL
 .data.motorR   0x00000000200000f8       0x20 ./Main/Src/motor.o
                0x00000000200000f8                motorR
 .data.phases   0x0000000020000118        0x8 ./Main/Src/motor.o
                0x0000000020000118                phases
 .data.normalizeCoef
                0x0000000020000120        0x8 ./Main/Src/sensor.o
                0x0000000020000120                normalizeCoef
 .data.whiteMaxs
                0x0000000020000128        0x8 ./Main/Src/sensor.o
                0x0000000020000128                whiteMaxs
 .data.threshold
                0x0000000020000130        0x4 ./Main/Src/sensor.o
                0x0000000020000130                threshold
 .data._impure_data
                0x0000000020000134       0x4c /Applications/STM32CubeIDE.app/Contents/Eclipse/plugins/com.st.stm32cube.ide.mcu.externaltools.gnu-tools-for-stm32.11.3.rel1.macos64_1.1.0.202305231506/tools/bin/../lib/gcc/arm-none-eabi/11.3.1/../../../../arm-none-eabi/lib/thumb/v7e-m+fp/hard/libc_nano.a(libc_a-impure.o)
                0x0000000020000134                _impure_data
 .data._impure_ptr
                0x0000000020000180        0x4 /Applications/STM32CubeIDE.app/Contents/Eclipse/plugins/com.st.stm32cube.ide.mcu.externaltools.gnu-tools-for-stm32.11.3.rel1.macos64_1.1.0.202305231506/tools/bin/../lib/gcc/arm-none-eabi/11.3.1/../../../../arm-none-eabi/lib/thumb/v7e-m+fp/hard/libc_nano.a(libc_a-impure.o)
                0x0000000020000180                _impure_ptr
 *(.RamFunc)
 *(.RamFunc*)
                0x0000000020000184                . = ALIGN (0x4)
                0x0000000020000184                _edata = .

.igot.plt       0x0000000020000184        0x0 load address 0x00000000080082b0
 .igot.plt      0x0000000020000184        0x0 /Applications/STM32CubeIDE.app/Contents/Eclipse/plugins/com.st.stm32cube.ide.mcu.externaltools.gnu-tools-for-stm32.11.3.rel1.macos64_1.1.0.202305231506/tools/bin/../lib/gcc/arm-none-eabi/11.3.1/thumb/v7e-m+fp/hard/crtbegin.o
                0x0000000020000184                . = ALIGN (0x4)

.bss            0x0000000020000184     0x235c load address 0x00000000080082b0
                0x0000000020000184                _sbss = .
                0x0000000020000184                __bss_start__ = _sbss
 *(.bss)
 .bss           0x0000000020000184       0x1c /Applications/STM32CubeIDE.app/Contents/Eclipse/plugins/com.st.stm32cube.ide.mcu.externaltools.gnu-tools-for-stm32.11.3.rel1.macos64_1.1.0.202305231506/tools/bin/../lib/gcc/arm-none-eabi/11.3.1/thumb/v7e-m+fp/hard/crtbegin.o
 *(.bss*)
 .bss.uwTick    0x00000000200001a0        0x4 ./Core/Src/stm32f4xx_it.o
                0x00000000200001a0                uwTick
 .bss.finalSpeed.12
                0x00000000200001a4        0x4 ./Core/Src/stm32f4xx_it.o
 .bss.positionSum.8
                0x00000000200001a8        0x4 ./Core/Src/stm32f4xx_it.o
 .bss.sensorNormVal.6
                0x00000000200001ac        0x4 ./Core/Src/stm32f4xx_it.o
 .bss.phaseL.5  0x00000000200001b0        0x1 ./Core/Src/stm32f4xx_it.o
 .bss.phaseR.4  0x00000000200001b1        0x1 ./Core/Src/stm32f4xx_it.o
 .bss.sensorReadIdx.3
                0x00000000200001b2        0x1 ./Core/Src/stm32f4xx_it.o
 *fill*         0x00000000200001b3        0x1 
 .bss.midian.1  0x00000000200001b4        0x3 ./Core/Src/stm32f4xx_it.o
 *fill*         0x00000000200001b7        0x1 
 .bss.adcValue.0
                0x00000000200001b8        0x2 ./Core/Src/stm32f4xx_it.o
 *fill*         0x00000000200001ba        0x2 
 .bss.__sbrk_heap_end
                0x00000000200001bc        0x4 ./Core/Src/sysmem.o
 .bss._file     0x00000000200001c0        0x4 ./External Library/Src/custom_exception.o
 .bss._line     0x00000000200001c4        0x4 ./External Library/Src/custom_exception.o
 .bss._message  0x00000000200001c8        0x4 ./External Library/Src/custom_exception.o
 .bss.filesystem
                0x00000000200001cc     0x1001 ./External Library/Src/custom_filesystem.o
                0x00000000200001cc                filesystem
 .bss.filesystemLoaded
                0x00000000200011cd        0x1 ./External Library/Src/custom_filesystem.o
                0x00000000200011cd                filesystemLoaded
 *fill*         0x00000000200011ce        0x2 
 .bss.data.0    0x00000000200011d0      0x140 ./External Library/Src/custom_oled.o
 .bss.isInitialized.2
                0x0000000020001310        0x1 ./External Library/Src/custom_switch.o
 *fill*         0x0000000020001311        0x3 
 .bss.sw1.1     0x0000000020001314       0x14 ./External Library/Src/custom_switch.o
 .bss.sw2.0     0x0000000020001328       0x14 ./External Library/Src/custom_switch.o
 .bss.positionVal
                0x000000002000133c        0x4 ./Main/Src/drive_preset.o
                0x000000002000133c                positionVal
 .bss.limitedPositionVal
                0x0000000020001340        0x4 ./Main/Src/drive_preset.o
                0x0000000020001340                limitedPositionVal
 .bss.absPositionVal
                0x0000000020001344        0x4 ./Main/Src/drive_preset.o
                0x0000000020001344                absPositionVal
 .bss.endMarkCnt
                0x0000000020001348        0x1 ./Main/Src/drive_preset.o
                0x0000000020001348                endMarkCnt
 *fill*         0x0000000020001349        0x3 
 .bss.curTick   0x000000002000134c        0x4 ./Main/Src/drive_preset.o
                0x000000002000134c                curTick
 .bss.curTime   0x0000000020001350        0x4 ./Main/Src/drive_preset.o
                0x0000000020001350                curTime
 .bss.driveData
                0x0000000020001354      0x800 ./Main/Src/drive_preset.o
                0x0000000020001354                driveData
 .bss.driveDataBuffer
                0x0000000020001b54      0x800 ./Main/Src/drive_preset.o
                0x0000000020001b54                driveDataBuffer
 .bss.driveState
                0x0000000020002354        0x1 ./Main/Src/drive_preset.o
                0x0000000020002354                driveState
 .bss.boostCntl
                0x0000000020002355        0x1 ./Main/Src/drive_preset.o
                0x0000000020002355                boostCntl
 *fill*         0x0000000020002356        0x2 
 .bss.markStartTick
                0x0000000020002358        0x4 ./Main/Src/drive_preset.o
                0x0000000020002358                markStartTick
 .bss.crossCnt  0x000000002000235c        0x2 ./Main/Src/drive_preset.o
                0x000000002000235c                crossCnt
 .bss.sensorStateSum.2
                0x000000002000235e        0x1 ./Main/Src/first_drive.o
 *fill*         0x000000002000235f        0x1 
 .bss.lineOutStartTime.1
                0x0000000020002360        0x4 ./Main/Src/first_drive.o
 .bss.exitEcho.0
                0x0000000020002364        0x1 ./Main/Src/first_drive.o
 *fill*         0x0000000020002365        0x3 
 .bss.positionSum.2
                0x0000000020002368        0x4 ./Main/Src/linetracer_test.o
 .bss.sensorNormVal.0
                0x000000002000236c        0x4 ./Main/Src/linetracer_test.o
 .bss.sensorStateSum.2
                0x0000000020002370        0x1 ./Main/Src/second_drive.o
 *fill*         0x0000000020002371        0x3 
 .bss.lineOutStartTime.1
                0x0000000020002374        0x4 ./Main/Src/second_drive.o
 .bss.exitEcho.0
                0x0000000020002378        0x1 ./Main/Src/second_drive.o
 *fill*         0x0000000020002379        0x3 
 .bss.sensorRawVals
                0x000000002000237c        0x8 ./Main/Src/sensor.o
                0x000000002000237c                sensorRawVals
 .bss.sensorNormVals
                0x0000000020002384        0x8 ./Main/Src/sensor.o
                0x0000000020002384                sensorNormVals
 .bss.blackMaxs
                0x000000002000238c        0x8 ./Main/Src/sensor.o
                0x000000002000238c                blackMaxs
 .bss.state     0x0000000020002394        0x1 ./Main/Src/sensor.o
                0x0000000020002394                state
 *fill*         0x0000000020002395        0x3 
 .bss.__sf      0x0000000020002398      0x138 /Applications/STM32CubeIDE.app/Contents/Eclipse/plugins/com.st.stm32cube.ide.mcu.externaltools.gnu-tools-for-stm32.11.3.rel1.macos64_1.1.0.202305231506/tools/bin/../lib/gcc/arm-none-eabi/11.3.1/../../../../arm-none-eabi/lib/thumb/v7e-m+fp/hard/libc_nano.a(libc_a-findfp.o)
                0x0000000020002398                __sf
 .bss.__lock___malloc_recursive_mutex
                0x00000000200024d0        0x1 /Applications/STM32CubeIDE.app/Contents/Eclipse/plugins/com.st.stm32cube.ide.mcu.externaltools.gnu-tools-for-stm32.11.3.rel1.macos64_1.1.0.202305231506/tools/bin/../lib/gcc/arm-none-eabi/11.3.1/../../../../arm-none-eabi/lib/thumb/v7e-m+fp/hard/libc_nano.a(libc_a-lock.o)
                0x00000000200024d0                __lock___malloc_recursive_mutex
 *fill*         0x00000000200024d1        0x3 
 .bss.__malloc_free_list
                0x00000000200024d4        0x4 /Applications/STM32CubeIDE.app/Contents/Eclipse/plugins/com.st.stm32cube.ide.mcu.externaltools.gnu-tools-for-stm32.11.3.rel1.macos64_1.1.0.202305231506/tools/bin/../lib/gcc/arm-none-eabi/11.3.1/../../../../arm-none-eabi/lib/thumb/v7e-m+fp/hard/libc_nano.a(libc_a-mallocr.o)
                0x00000000200024d4                __malloc_free_list
 .bss.__malloc_sbrk_start
                0x00000000200024d8        0x4 /Applications/STM32CubeIDE.app/Contents/Eclipse/plugins/com.st.stm32cube.ide.mcu.externaltools.gnu-tools-for-stm32.11.3.rel1.macos64_1.1.0.202305231506/tools/bin/../lib/gcc/arm-none-eabi/11.3.1/../../../../arm-none-eabi/lib/thumb/v7e-m+fp/hard/libc_nano.a(libc_a-mallocr.o)
                0x00000000200024d8                __malloc_sbrk_start
 .bss.errno     0x00000000200024dc        0x4 /Applications/STM32CubeIDE.app/Contents/Eclipse/plugins/com.st.stm32cube.ide.mcu.externaltools.gnu-tools-for-stm32.11.3.rel1.macos64_1.1.0.202305231506/tools/bin/../lib/gcc/arm-none-eabi/11.3.1/../../../../arm-none-eabi/lib/thumb/v7e-m+fp/hard/libc_nano.a(libc_a-reent.o)
                0x00000000200024dc                errno
 *(COMMON)
                0x00000000200024e0                . = ALIGN (0x4)
                0x00000000200024e0                _ebss = .
                0x00000000200024e0                __bss_end__ = _ebss

._user_heap_stack
                0x00000000200024e0      0x600 load address 0x00000000080082b0
                0x00000000200024e0                . = ALIGN (0x8)
                [!provide]                        PROVIDE (end = .)
                0x00000000200024e0                PROVIDE (_end = .)
                0x00000000200026e0                . = (. + _Min_Heap_Size)
 *fill*         0x00000000200024e0      0x200 
                0x0000000020002ae0                . = (. + _Min_Stack_Size)
 *fill*         0x00000000200026e0      0x400 
                0x0000000020002ae0                . = ALIGN (0x8)

/DISCARD/
 libc.a(*)
 libm.a(*)
 libgcc.a(*)

.ARM.attributes
                0x0000000000000000       0x30
 *(.ARM.attributes)
 .ARM.attributes
                0x0000000000000000       0x1e /Applications/STM32CubeIDE.app/Contents/Eclipse/plugins/com.st.stm32cube.ide.mcu.externaltools.gnu-tools-for-stm32.11.3.rel1.macos64_1.1.0.202305231506/tools/bin/../lib/gcc/arm-none-eabi/11.3.1/thumb/v7e-m+fp/hard/crti.o
 .ARM.attributes
                0x000000000000001e       0x34 /Applications/STM32CubeIDE.app/Contents/Eclipse/plugins/com.st.stm32cube.ide.mcu.externaltools.gnu-tools-for-stm32.11.3.rel1.macos64_1.1.0.202305231506/tools/bin/../lib/gcc/arm-none-eabi/11.3.1/thumb/v7e-m+fp/hard/crtbegin.o
 .ARM.attributes
                0x0000000000000052       0x34 ./Core/Src/main.o
 .ARM.attributes
                0x0000000000000086       0x34 ./Core/Src/stm32f4xx_it.o
 .ARM.attributes
                0x00000000000000ba       0x34 ./Core/Src/sysmem.o
 .ARM.attributes
                0x00000000000000ee       0x34 ./Core/Src/system_stm32f4xx.o
 .ARM.attributes
                0x0000000000000122       0x21 ./Core/Startup/startup_stm32f411retx.o
 .ARM.attributes
                0x0000000000000143       0x34 ./Drivers/STM32F4xx_HAL_Driver/Src/stm32f4xx_ll_adc.o
 .ARM.attributes
                0x0000000000000177       0x34 ./Drivers/STM32F4xx_HAL_Driver/Src/stm32f4xx_ll_exti.o
 .ARM.attributes
                0x00000000000001ab       0x34 ./Drivers/STM32F4xx_HAL_Driver/Src/stm32f4xx_ll_gpio.o
 .ARM.attributes
                0x00000000000001df       0x34 ./Drivers/STM32F4xx_HAL_Driver/Src/stm32f4xx_ll_i2c.o
 .ARM.attributes
                0x0000000000000213       0x34 ./Drivers/STM32F4xx_HAL_Driver/Src/stm32f4xx_ll_rcc.o
 .ARM.attributes
                0x0000000000000247       0x34 ./Drivers/STM32F4xx_HAL_Driver/Src/stm32f4xx_ll_spi.o
 .ARM.attributes
                0x000000000000027b       0x34 ./Drivers/STM32F4xx_HAL_Driver/Src/stm32f4xx_ll_tim.o
 .ARM.attributes
                0x00000000000002af       0x34 ./Drivers/STM32F4xx_HAL_Driver/Src/stm32f4xx_ll_usart.o
 .ARM.attributes
                0x00000000000002e3       0x34 ./Drivers/STM32F4xx_HAL_Driver/Src/stm32f4xx_ll_utils.o
 .ARM.attributes
                0x0000000000000317       0x34 ./External Library/Src/custom_exception.o
 .ARM.attributes
                0x000000000000034b       0x34 ./External Library/Src/custom_filesystem.o
 .ARM.attributes
                0x000000000000037f       0x34 ./External Library/Src/custom_flash.o
 .ARM.attributes
                0x00000000000003b3       0x34 ./External Library/Src/custom_oled.o
 .ARM.attributes
                0x00000000000003e7       0x34 ./External Library/Src/custom_switch.o
 .ARM.attributes
                0x000000000000041b       0x34 ./Main/Src/drive_data_tools.o
 .ARM.attributes
                0x000000000000044f       0x34 ./Main/Src/drive_preset.o
 .ARM.attributes
                0x0000000000000483       0x34 ./Main/Src/first_drive.o
 .ARM.attributes
                0x00000000000004b7       0x34 ./Main/Src/init.o
 .ARM.attributes
                0x00000000000004eb       0x34 ./Main/Src/linetracer_test.o
 .ARM.attributes
                0x000000000000051f       0x34 ./Main/Src/motor.o
 .ARM.attributes
                0x0000000000000553       0x34 ./Main/Src/second_drive.o
 .ARM.attributes
                0x0000000000000587       0x34 ./Main/Src/sensor.o
 .ARM.attributes
                0x00000000000005bb       0x34 /Applications/STM32CubeIDE.app/Contents/Eclipse/plugins/com.st.stm32cube.ide.mcu.externaltools.gnu-tools-for-stm32.11.3.rel1.macos64_1.1.0.202305231506/tools/bin/../lib/gcc/arm-none-eabi/11.3.1/../../../../arm-none-eabi/lib/thumb/v7e-m+fp/hard/libc_nano.a(libc_a-findfp.o)
 .ARM.attributes
                0x00000000000005ef       0x34 /Applications/STM32CubeIDE.app/Contents/Eclipse/plugins/com.st.stm32cube.ide.mcu.externaltools.gnu-tools-for-stm32.11.3.rel1.macos64_1.1.0.202305231506/tools/bin/../lib/gcc/arm-none-eabi/11.3.1/../../../../arm-none-eabi/lib/thumb/v7e-m+fp/hard/libc_nano.a(libc_a-vsprintf.o)
 .ARM.attributes
                0x0000000000000623       0x34 /Applications/STM32CubeIDE.app/Contents/Eclipse/plugins/com.st.stm32cube.ide.mcu.externaltools.gnu-tools-for-stm32.11.3.rel1.macos64_1.1.0.202305231506/tools/bin/../lib/gcc/arm-none-eabi/11.3.1/../../../../arm-none-eabi/lib/thumb/v7e-m+fp/hard/libc_nano.a(libc_a-memset.o)
 .ARM.attributes
                0x0000000000000657       0x34 /Applications/STM32CubeIDE.app/Contents/Eclipse/plugins/com.st.stm32cube.ide.mcu.externaltools.gnu-tools-for-stm32.11.3.rel1.macos64_1.1.0.202305231506/tools/bin/../lib/gcc/arm-none-eabi/11.3.1/../../../../arm-none-eabi/lib/thumb/v7e-m+fp/hard/libc_nano.a(libc_a-impure.o)
 .ARM.attributes
                0x000000000000068b       0x34 /Applications/STM32CubeIDE.app/Contents/Eclipse/plugins/com.st.stm32cube.ide.mcu.externaltools.gnu-tools-for-stm32.11.3.rel1.macos64_1.1.0.202305231506/tools/bin/../lib/gcc/arm-none-eabi/11.3.1/../../../../arm-none-eabi/lib/thumb/v7e-m+fp/hard/libc_nano.a(libc_a-errno.o)
 .ARM.attributes
                0x00000000000006bf       0x34 /Applications/STM32CubeIDE.app/Contents/Eclipse/plugins/com.st.stm32cube.ide.mcu.externaltools.gnu-tools-for-stm32.11.3.rel1.macos64_1.1.0.202305231506/tools/bin/../lib/gcc/arm-none-eabi/11.3.1/../../../../arm-none-eabi/lib/thumb/v7e-m+fp/hard/libc_nano.a(libc_a-init.o)
 .ARM.attributes
                0x00000000000006f3       0x34 /Applications/STM32CubeIDE.app/Contents/Eclipse/plugins/com.st.stm32cube.ide.mcu.externaltools.gnu-tools-for-stm32.11.3.rel1.macos64_1.1.0.202305231506/tools/bin/../lib/gcc/arm-none-eabi/11.3.1/../../../../arm-none-eabi/lib/thumb/v7e-m+fp/hard/libc_nano.a(libc_a-lock.o)
 .ARM.attributes
                0x0000000000000727       0x34 /Applications/STM32CubeIDE.app/Contents/Eclipse/plugins/com.st.stm32cube.ide.mcu.externaltools.gnu-tools-for-stm32.11.3.rel1.macos64_1.1.0.202305231506/tools/bin/../lib/gcc/arm-none-eabi/11.3.1/../../../../arm-none-eabi/lib/thumb/v7e-m+fp/hard/libc_nano.a(libc_a-memcpy-stub.o)
 .ARM.attributes
                0x000000000000075b       0x1c /Applications/STM32CubeIDE.app/Contents/Eclipse/plugins/com.st.stm32cube.ide.mcu.externaltools.gnu-tools-for-stm32.11.3.rel1.macos64_1.1.0.202305231506/tools/bin/../lib/gcc/arm-none-eabi/11.3.1/../../../../arm-none-eabi/lib/thumb/v7e-m+fp/hard/libc_nano.a(libc_a-strcmp.o)
 .ARM.attributes
                0x0000000000000777       0x34 /Applications/STM32CubeIDE.app/Contents/Eclipse/plugins/com.st.stm32cube.ide.mcu.externaltools.gnu-tools-for-stm32.11.3.rel1.macos64_1.1.0.202305231506/tools/bin/../lib/gcc/arm-none-eabi/11.3.1/../../../../arm-none-eabi/lib/thumb/v7e-m+fp/hard/libc_nano.a(libc_a-nano-svfprintf.o)
 .ARM.attributes
                0x00000000000007ab       0x34 /Applications/STM32CubeIDE.app/Contents/Eclipse/plugins/com.st.stm32cube.ide.mcu.externaltools.gnu-tools-for-stm32.11.3.rel1.macos64_1.1.0.202305231506/tools/bin/../lib/gcc/arm-none-eabi/11.3.1/../../../../arm-none-eabi/lib/thumb/v7e-m+fp/hard/libc_nano.a(libc_a-mallocr.o)
 .ARM.attributes
                0x00000000000007df       0x34 /Applications/STM32CubeIDE.app/Contents/Eclipse/plugins/com.st.stm32cube.ide.mcu.externaltools.gnu-tools-for-stm32.11.3.rel1.macos64_1.1.0.202305231506/tools/bin/../lib/gcc/arm-none-eabi/11.3.1/../../../../arm-none-eabi/lib/thumb/v7e-m+fp/hard/libc_nano.a(libc_a-nano-vfprintf_i.o)
 .ARM.attributes
                0x0000000000000813       0x34 /Applications/STM32CubeIDE.app/Contents/Eclipse/plugins/com.st.stm32cube.ide.mcu.externaltools.gnu-tools-for-stm32.11.3.rel1.macos64_1.1.0.202305231506/tools/bin/../lib/gcc/arm-none-eabi/11.3.1/../../../../arm-none-eabi/lib/thumb/v7e-m+fp/hard/libc_nano.a(libc_a-mlock.o)
 .ARM.attributes
                0x0000000000000847       0x34 /Applications/STM32CubeIDE.app/Contents/Eclipse/plugins/com.st.stm32cube.ide.mcu.externaltools.gnu-tools-for-stm32.11.3.rel1.macos64_1.1.0.202305231506/tools/bin/../lib/gcc/arm-none-eabi/11.3.1/../../../../arm-none-eabi/lib/thumb/v7e-m+fp/hard/libc_nano.a(libc_a-reallocr.o)
 .ARM.attributes
                0x000000000000087b       0x34 /Applications/STM32CubeIDE.app/Contents/Eclipse/plugins/com.st.stm32cube.ide.mcu.externaltools.gnu-tools-for-stm32.11.3.rel1.macos64_1.1.0.202305231506/tools/bin/../lib/gcc/arm-none-eabi/11.3.1/../../../../arm-none-eabi/lib/thumb/v7e-m+fp/hard/libc_nano.a(libc_a-memmove.o)
 .ARM.attributes
                0x00000000000008af       0x34 /Applications/STM32CubeIDE.app/Contents/Eclipse/plugins/com.st.stm32cube.ide.mcu.externaltools.gnu-tools-for-stm32.11.3.rel1.macos64_1.1.0.202305231506/tools/bin/../lib/gcc/arm-none-eabi/11.3.1/../../../../arm-none-eabi/lib/thumb/v7e-m+fp/hard/libc_nano.a(libc_a-reent.o)
 .ARM.attributes
                0x00000000000008e3       0x34 /Applications/STM32CubeIDE.app/Contents/Eclipse/plugins/com.st.stm32cube.ide.mcu.externaltools.gnu-tools-for-stm32.11.3.rel1.macos64_1.1.0.202305231506/tools/bin/../lib/gcc/arm-none-eabi/11.3.1/../../../../arm-none-eabi/lib/thumb/v7e-m+fp/hard/libc_nano.a(libc_a-sbrkr.o)
 .ARM.attributes
                0x0000000000000917       0x1c /Applications/STM32CubeIDE.app/Contents/Eclipse/plugins/com.st.stm32cube.ide.mcu.externaltools.gnu-tools-for-stm32.11.3.rel1.macos64_1.1.0.202305231506/tools/bin/../lib/gcc/arm-none-eabi/11.3.1/../../../../arm-none-eabi/lib/thumb/v7e-m+fp/hard/libc_nano.a(libc_a-memchr.o)
 .ARM.attributes
                0x0000000000000933       0x34 /Applications/STM32CubeIDE.app/Contents/Eclipse/plugins/com.st.stm32cube.ide.mcu.externaltools.gnu-tools-for-stm32.11.3.rel1.macos64_1.1.0.202305231506/tools/bin/../lib/gcc/arm-none-eabi/11.3.1/../../../../arm-none-eabi/lib/thumb/v7e-m+fp/hard/libc_nano.a(libc_a-freer.o)
 .ARM.attributes
                0x0000000000000967       0x34 /Applications/STM32CubeIDE.app/Contents/Eclipse/plugins/com.st.stm32cube.ide.mcu.externaltools.gnu-tools-for-stm32.11.3.rel1.macos64_1.1.0.202305231506/tools/bin/../lib/gcc/arm-none-eabi/11.3.1/../../../../arm-none-eabi/lib/thumb/v7e-m+fp/hard/libc_nano.a(libc_a-msizer.o)
 .ARM.attributes
                0x000000000000099b       0x1e /Applications/STM32CubeIDE.app/Contents/Eclipse/plugins/com.st.stm32cube.ide.mcu.externaltools.gnu-tools-for-stm32.11.3.rel1.macos64_1.1.0.202305231506/tools/bin/../lib/gcc/arm-none-eabi/11.3.1/thumb/v7e-m+fp/hard/libgcc.a(_arm_addsubdf3.o)
 .ARM.attributes
                0x00000000000009b9       0x1e /Applications/STM32CubeIDE.app/Contents/Eclipse/plugins/com.st.stm32cube.ide.mcu.externaltools.gnu-tools-for-stm32.11.3.rel1.macos64_1.1.0.202305231506/tools/bin/../lib/gcc/arm-none-eabi/11.3.1/thumb/v7e-m+fp/hard/libgcc.a(_aeabi_uldivmod.o)
 .ARM.attributes
                0x00000000000009d7       0x34 /Applications/STM32CubeIDE.app/Contents/Eclipse/plugins/com.st.stm32cube.ide.mcu.externaltools.gnu-tools-for-stm32.11.3.rel1.macos64_1.1.0.202305231506/tools/bin/../lib/gcc/arm-none-eabi/11.3.1/thumb/v7e-m+fp/hard/libgcc.a(_udivmoddi4.o)
 .ARM.attributes
                0x0000000000000a0b       0x1e /Applications/STM32CubeIDE.app/Contents/Eclipse/plugins/com.st.stm32cube.ide.mcu.externaltools.gnu-tools-for-stm32.11.3.rel1.macos64_1.1.0.202305231506/tools/bin/../lib/gcc/arm-none-eabi/11.3.1/thumb/v7e-m+fp/hard/libgcc.a(_dvmd_tls.o)
 .ARM.attributes
                0x0000000000000a29       0x1e /Applications/STM32CubeIDE.app/Contents/Eclipse/plugins/com.st.stm32cube.ide.mcu.externaltools.gnu-tools-for-stm32.11.3.rel1.macos64_1.1.0.202305231506/tools/bin/../lib/gcc/arm-none-eabi/11.3.1/thumb/v7e-m+fp/hard/crtn.o
OUTPUT(Nucleo-Linetracer.elf elf32-littlearm)
LOAD linker stubs
LOAD /Applications/STM32CubeIDE.app/Contents/Eclipse/plugins/com.st.stm32cube.ide.mcu.externaltools.gnu-tools-for-stm32.11.3.rel1.macos64_1.1.0.202305231506/tools/bin/../lib/gcc/arm-none-eabi/11.3.1/../../../../arm-none-eabi/lib/thumb/v7e-m+fp/hard/libc.a
LOAD /Applications/STM32CubeIDE.app/Contents/Eclipse/plugins/com.st.stm32cube.ide.mcu.externaltools.gnu-tools-for-stm32.11.3.rel1.macos64_1.1.0.202305231506/tools/bin/../lib/gcc/arm-none-eabi/11.3.1/../../../../arm-none-eabi/lib/thumb/v7e-m+fp/hard/libm.a
LOAD /Applications/STM32CubeIDE.app/Contents/Eclipse/plugins/com.st.stm32cube.ide.mcu.externaltools.gnu-tools-for-stm32.11.3.rel1.macos64_1.1.0.202305231506/tools/bin/../lib/gcc/arm-none-eabi/11.3.1/thumb/v7e-m+fp/hard/libgcc.a

.comment        0x0000000000000000       0x43
 .comment       0x0000000000000000       0x43 /Applications/STM32CubeIDE.app/Contents/Eclipse/plugins/com.st.stm32cube.ide.mcu.externaltools.gnu-tools-for-stm32.11.3.rel1.macos64_1.1.0.202305231506/tools/bin/../lib/gcc/arm-none-eabi/11.3.1/thumb/v7e-m+fp/hard/crtbegin.o
                                         0x44 (size before relaxing)
 .comment       0x0000000000000043       0x44 ./Core/Src/main.o
 .comment       0x0000000000000043       0x44 ./Core/Src/stm32f4xx_it.o
 .comment       0x0000000000000043       0x44 ./Core/Src/sysmem.o
 .comment       0x0000000000000043       0x44 ./Core/Src/system_stm32f4xx.o
 .comment       0x0000000000000043       0x44 ./Drivers/STM32F4xx_HAL_Driver/Src/stm32f4xx_ll_adc.o
 .comment       0x0000000000000043       0x44 ./Drivers/STM32F4xx_HAL_Driver/Src/stm32f4xx_ll_exti.o
 .comment       0x0000000000000043       0x44 ./Drivers/STM32F4xx_HAL_Driver/Src/stm32f4xx_ll_gpio.o
 .comment       0x0000000000000043       0x44 ./Drivers/STM32F4xx_HAL_Driver/Src/stm32f4xx_ll_i2c.o
 .comment       0x0000000000000043       0x44 ./Drivers/STM32F4xx_HAL_Driver/Src/stm32f4xx_ll_rcc.o
 .comment       0x0000000000000043       0x44 ./Drivers/STM32F4xx_HAL_Driver/Src/stm32f4xx_ll_spi.o
 .comment       0x0000000000000043       0x44 ./Drivers/STM32F4xx_HAL_Driver/Src/stm32f4xx_ll_tim.o
 .comment       0x0000000000000043       0x44 ./Drivers/STM32F4xx_HAL_Driver/Src/stm32f4xx_ll_usart.o
 .comment       0x0000000000000043       0x44 ./Drivers/STM32F4xx_HAL_Driver/Src/stm32f4xx_ll_utils.o
 .comment       0x0000000000000043       0x44 ./External Library/Src/custom_exception.o
 .comment       0x0000000000000043       0x44 ./External Library/Src/custom_filesystem.o
 .comment       0x0000000000000043       0x44 ./External Library/Src/custom_flash.o
 .comment       0x0000000000000043       0x44 ./External Library/Src/custom_oled.o
 .comment       0x0000000000000043       0x44 ./External Library/Src/custom_switch.o
 .comment       0x0000000000000043       0x44 ./Main/Src/drive_data_tools.o
 .comment       0x0000000000000043       0x44 ./Main/Src/drive_preset.o
 .comment       0x0000000000000043       0x44 ./Main/Src/first_drive.o
 .comment       0x0000000000000043       0x44 ./Main/Src/init.o
 .comment       0x0000000000000043       0x44 ./Main/Src/linetracer_test.o
 .comment       0x0000000000000043       0x44 ./Main/Src/motor.o
 .comment       0x0000000000000043       0x44 ./Main/Src/second_drive.o
 .comment       0x0000000000000043       0x44 ./Main/Src/sensor.o

.debug_frame    0x0000000000000000      0x678
 .debug_frame   0x0000000000000000      0x13c /Applications/STM32CubeIDE.app/Contents/Eclipse/plugins/com.st.stm32cube.ide.mcu.externaltools.gnu-tools-for-stm32.11.3.rel1.macos64_1.1.0.202305231506/tools/bin/../lib/gcc/arm-none-eabi/11.3.1/../../../../arm-none-eabi/lib/thumb/v7e-m+fp/hard/libc_nano.a(libc_a-findfp.o)
 .debug_frame   0x000000000000013c       0x3c /Applications/STM32CubeIDE.app/Contents/Eclipse/plugins/com.st.stm32cube.ide.mcu.externaltools.gnu-tools-for-stm32.11.3.rel1.macos64_1.1.0.202305231506/tools/bin/../lib/gcc/arm-none-eabi/11.3.1/../../../../arm-none-eabi/lib/thumb/v7e-m+fp/hard/libc_nano.a(libc_a-vsprintf.o)
 .debug_frame   0x0000000000000178       0x20 /Applications/STM32CubeIDE.app/Contents/Eclipse/plugins/com.st.stm32cube.ide.mcu.externaltools.gnu-tools-for-stm32.11.3.rel1.macos64_1.1.0.202305231506/tools/bin/../lib/gcc/arm-none-eabi/11.3.1/../../../../arm-none-eabi/lib/thumb/v7e-m+fp/hard/libc_nano.a(libc_a-memset.o)
 .debug_frame   0x0000000000000198       0x20 /Applications/STM32CubeIDE.app/Contents/Eclipse/plugins/com.st.stm32cube.ide.mcu.externaltools.gnu-tools-for-stm32.11.3.rel1.macos64_1.1.0.202305231506/tools/bin/../lib/gcc/arm-none-eabi/11.3.1/../../../../arm-none-eabi/lib/thumb/v7e-m+fp/hard/libc_nano.a(libc_a-errno.o)
 .debug_frame   0x00000000000001b8       0x2c /Applications/STM32CubeIDE.app/Contents/Eclipse/plugins/com.st.stm32cube.ide.mcu.externaltools.gnu-tools-for-stm32.11.3.rel1.macos64_1.1.0.202305231506/tools/bin/../lib/gcc/arm-none-eabi/11.3.1/../../../../arm-none-eabi/lib/thumb/v7e-m+fp/hard/libc_nano.a(libc_a-init.o)
 .debug_frame   0x00000000000001e4       0xb0 /Applications/STM32CubeIDE.app/Contents/Eclipse/plugins/com.st.stm32cube.ide.mcu.externaltools.gnu-tools-for-stm32.11.3.rel1.macos64_1.1.0.202305231506/tools/bin/../lib/gcc/arm-none-eabi/11.3.1/../../../../arm-none-eabi/lib/thumb/v7e-m+fp/hard/libc_nano.a(libc_a-lock.o)
 .debug_frame   0x0000000000000294       0x28 /Applications/STM32CubeIDE.app/Contents/Eclipse/plugins/com.st.stm32cube.ide.mcu.externaltools.gnu-tools-for-stm32.11.3.rel1.macos64_1.1.0.202305231506/tools/bin/../lib/gcc/arm-none-eabi/11.3.1/../../../../arm-none-eabi/lib/thumb/v7e-m+fp/hard/libc_nano.a(libc_a-memcpy-stub.o)
 .debug_frame   0x00000000000002bc       0x20 /Applications/STM32CubeIDE.app/Contents/Eclipse/plugins/com.st.stm32cube.ide.mcu.externaltools.gnu-tools-for-stm32.11.3.rel1.macos64_1.1.0.202305231506/tools/bin/../lib/gcc/arm-none-eabi/11.3.1/../../../../arm-none-eabi/lib/thumb/v7e-m+fp/hard/libc_nano.a(libc_a-strcmp.o)