/Users/j93es/STM32CubeIDE/workspace_1.13.1/Nucleo-Linetracer/External Library/Inc/custom_delay.h:20:22:Custom_Delay_us	16	static
/Users/j93es/STM32CubeIDE/workspace_1.13.1/Nucleo-Linetracer/External Library/Inc/custom_delay.h:28:22:Custom_Delay_ms	16	static
/Users/j93es/STM32CubeIDE/workspace_1.13.1/Nucleo-Linetracer/Main/Inc/drive_speed_ctrl.h:86:22:Drive_Fit_In	16	static
/Users/j93es/STM32CubeIDE/workspace_1.13.1/Nucleo-Linetracer/Main/Inc/drive_speed_ctrl.h:96:25:Is_Drive_End	8	static
/Users/j93es/STM32CubeIDE/workspace_1.13.1/Nucleo-Linetracer/Main/Inc/drive_state_machine.h:17:25:Get_Line_Sensor_Cnt	4	static
/Users/j93es/STM32CubeIDE/workspace_1.13.1/Nucleo-Linetracer/Main/Inc/drive_state_machine.h:24:25:Get_Marker_Sensor_Cnt	4	static
/Users/j93es/STM32CubeIDE/workspace_1.13.1/Nucleo-Linetracer/Main/Inc/drive_state_machine.h:33:22:Decision	16	static
/Users/j93es/STM32CubeIDE/workspace_1.13.1/Nucleo-Linetracer/Main/Inc/drive_state_machine.h:87:22:Drive_State_Machine	8	static
../Main/Src/first_drive.c:18:6:First_Drive	8208	static
../Main/Src/first_drive.c:63:31:First_Drive_Ctrl	16	static
../Main/Src/first_drive.c:95:31:Set_First_Drive_Data	16	static
../Main/Src/first_drive.c:120:13:First_Drive_Data	32	static
../Main/Src/first_drive.c:185:6:Drive_Date_Update_Cntl	32	static
