../Drivers/STM32F4xx_HAL_Driver/Inc/stm32f4xx_ll_adc.h:3918:22:LL_ADC_REG_StartConversionSWStart	16	static
../Drivers/STM32F4xx_HAL_Driver/Inc/stm32f4xx_ll_adc.h:3986:26:LL_ADC_REG_ReadConversionData12	16	static
../Drivers/STM32F4xx_HAL_Driver/Inc/stm32f4xx_ll_adc.h:4287:26:LL_ADC_IsActiveFlag_EOCS	16	static
../Drivers/STM32F4xx_HAL_Driver/Inc/stm32f4xx_ll_adc.h:4340:22:LL_ADC_ClearFlag_EOCS	16	static
../Drivers/STM32F4xx_HAL_Driver/Inc/stm32f4xx_ll_tim.h:1446:22:LL_TIM_SetAutoReload	16	static
../Drivers/STM32F4xx_HAL_Driver/Inc/stm32f4xx_ll_tim.h:3182:22:LL_TIM_ClearFlag_UPDATE	16	static
/Users/j93es/STM32CubeIDE/workspace_1.13.1/Nucleo-Linetracer/Main/Inc/sensor.h:47:26:Sensor_ADC_Read	8	static,ignoring_inline_asm
/Users/j93es/STM32CubeIDE/workspace_1.13.1/Nucleo-Linetracer/Main/Inc/sensor.h:63:23:Make_Sensor_Raw_Vals	16	static
/Users/j93es/STM32CubeIDE/workspace_1.13.1/Nucleo-Linetracer/Main/Inc/sensor.h:95:23:Make_Sensor_Norm_Vals	16	static
/Users/j93es/STM32CubeIDE/workspace_1.13.1/Nucleo-Linetracer/Main/Inc/sensor.h:117:23:Make_Sensor_State	16	static
/Users/j93es/STM32CubeIDE/workspace_1.13.1/Nucleo-Linetracer/Main/Inc/sensor.h:133:23:Sensor_TIM5_IRQ	8	static
/Users/j93es/STM32CubeIDE/workspace_1.13.1/Nucleo-Linetracer/Main/Inc/drive_position.h:20:25:Window_Position_Val	4	static
/Users/j93es/STM32CubeIDE/workspace_1.13.1/Nucleo-Linetracer/Main/Inc/drive_position.h:123:22:Update_Limited_Position_Val	4	static
/Users/j93es/STM32CubeIDE/workspace_1.13.1/Nucleo-Linetracer/Main/Inc/drive_position.h:147:22:Update_Position_Val	8	static
/Users/j93es/STM32CubeIDE/workspace_1.13.1/Nucleo-Linetracer/Main/Inc/drive_speed_ctrl.h:22:22:Motor_L_Speed_Control	16	static
/Users/j93es/STM32CubeIDE/workspace_1.13.1/Nucleo-Linetracer/Main/Inc/drive_speed_ctrl.h:27:22:Motor_R_Speed_Control	16	static
/Users/j93es/STM32CubeIDE/workspace_1.13.1/Nucleo-Linetracer/Main/Inc/drive_speed_ctrl.h:35:22:Drive_TIM9_IRQ	8	static
/Users/j93es/STM32CubeIDE/workspace_1.13.1/Nucleo-Linetracer/External Library/Inc/custom_gpio.h:54:20:Custom_GPIO_Set_t	16	static
/Users/j93es/STM32CubeIDE/workspace_1.13.1/Nucleo-Linetracer/Main/Inc/motor.h:41:22:Motor_L_TIM3_IRQ	8	static
/Users/j93es/STM32CubeIDE/workspace_1.13.1/Nucleo-Linetracer/Main/Inc/motor.h:72:22:Motor_R_TIM4_IRQ	8	static
../Core/Src/stm32f4xx_it.c:72:6:NMI_Handler	4	static
../Core/Src/stm32f4xx_it.c:86:6:HardFault_Handler	8	static
../Core/Src/stm32f4xx_it.c:102:6:MemManage_Handler	8	static
../Core/Src/stm32f4xx_it.c:118:6:BusFault_Handler	8	static
../Core/Src/stm32f4xx_it.c:134:6:UsageFault_Handler	8	static
../Core/Src/stm32f4xx_it.c:150:6:SVC_Handler	4	static
../Core/Src/stm32f4xx_it.c:163:6:DebugMon_Handler	4	static
../Core/Src/stm32f4xx_it.c:176:6:PendSV_Handler	4	static
../Core/Src/stm32f4xx_it.c:188:6:SysTick_Handler	4	static
../Core/Src/stm32f4xx_it.c:208:6:TIM1_BRK_TIM9_IRQHandler	8	static
../Core/Src/stm32f4xx_it.c:222:6:TIM3_IRQHandler	8	static
../Core/Src/stm32f4xx_it.c:235:6:TIM4_IRQHandler	8	static
../Core/Src/stm32f4xx_it.c:248:6:TIM5_IRQHandler	8	static
