../Drivers/STM32F4xx_HAL_Driver/Inc/stm32f4xx_ll_spi.h:297:22:LL_SPI_Enable	16	static
../Drivers/STM32F4xx_HAL_Driver/Inc/stm32f4xx_ll_spi.h:524:22:LL_SPI_SetTransferDirection	16	static
../Drivers/STM32F4xx_HAL_Driver/Inc/stm32f4xx_ll_spi.h:742:26:LL_SPI_IsActiveFlag_TXE	16	static
../Drivers/STM32F4xx_HAL_Driver/Inc/stm32f4xx_ll_spi.h:793:26:LL_SPI_IsActiveFlag_BSY	16	static
../Drivers/STM32F4xx_HAL_Driver/Inc/stm32f4xx_ll_spi.h:1098:22:LL_SPI_TransmitData8	24	static
/Users/hoya/STM32CubeIDE/workspace_1.12.1/nucleo-linetracer/src/External Library/Inc/custom_gpio.h:23:20:Custom_GPIO_Set	24	static
../External Library/Src/custom_oled.c:65:20:Custom_OLED_Set_Mode	16	static
../External Library/Src/custom_oled.c:109:20:Custom_OLED_Write_Blocking	24	static
../External Library/Src/custom_oled.c:132:20:Custom_OLED_Set_Window	32	static
../External Library/Src/custom_oled.c:144:6:Custom_OLED_Clear	16	static
../External Library/Src/custom_oled.c:155:6:Custom_OLED_Init	56	static
../External Library/Src/custom_oled.c:198:5:Custom_OLED_Putchar	40	static
../External Library/Src/custom_oled.c:224:6:Custom_OLED_Printf	536	static
