13:31:46 **** Incremental Build of configuration Debug for project Nucleo-Linetracer ****
make -j9 all 
arm-none-eabi-gcc "../Main/Src/drive.c" -mcpu=cortex-m4 -std=gnu11 -g3 -DDEBUG -DUSE_FULL_LL_DRIVER -DSTM32F411xE -DHSE_VALUE=8000000 -DHSE_STARTUP_TIMEOUT=100 -DLSE_STARTUP_TIMEOUT=5000 -DLSE_VALUE=32768 -DEXTERNAL_CLOCK_VALUE=12288000 -DHSI_VALUE=16000000 -DLSI_VALUE=32000 -DVDD_VALUE=3300 -DPREFETCH_ENABLE=1 -DINSTRUCTION_CACHE_ENABLE=1 -DDATA_CACHE_ENABLE=1 -c -I../Core/Inc -I../Drivers/STM32F4xx_HAL_Driver/Inc -I../Drivers/CMSIS/Device/ST/STM32F4xx/Include -I../Drivers/CMSIS/Include -I"/Users/j93es/STM32CubeIDE/workspace_1.12.1/Nucleo-Linetracer/Main/Inc" -I"/Users/j93es/STM32CubeIDE/workspace_1.12.1/Nucleo-Linetracer/External Library/Inc" -O0 -ffunction-sections -fdata-sections -Wall -fstack-usage -fcyclomatic-complexity -MMD -MP -MF"Main/Src/drive.d" -MT"Main/Src/drive.o" --specs=nano.specs -mfpu=fpv4-sp-d16 -mfloat-abi=hard -mthumb -o "Main/Src/drive.o"
arm-none-eabi-gcc "../Main/Src/init.c" -mcpu=cortex-m4 -std=gnu11 -g3 -DDEBUG -DUSE_FULL_LL_DRIVER -DSTM32F411xE -DHSE_VALUE=8000000 -DHSE_STARTUP_TIMEOUT=100 -DLSE_STARTUP_TIMEOUT=5000 -DLSE_VALUE=32768 -DEXTERNAL_CLOCK_VALUE=12288000 -DHSI_VALUE=16000000 -DLSI_VALUE=32000 -DVDD_VALUE=3300 -DPREFETCH_ENABLE=1 -DINSTRUCTION_CACHE_ENABLE=1 -DDATA_CACHE_ENABLE=1 -c -I../Core/Inc -I../Drivers/STM32F4xx_HAL_Driver/Inc -I../Drivers/CMSIS/Device/ST/STM32F4xx/Include -I../Drivers/CMSIS/Include -I"/Users/j93es/STM32CubeIDE/workspace_1.12.1/Nucleo-Linetracer/Main/Inc" -I"/Users/j93es/STM32CubeIDE/workspace_1.12.1/Nucleo-Linetracer/External Library/Inc" -O0 -ffunction-sections -fdata-sections -Wall -fstack-usage -fcyclomatic-complexity -MMD -MP -MF"Main/Src/init.d" -MT"Main/Src/init.o" --specs=nano.specs -mfpu=fpv4-sp-d16 -mfloat-abi=hard -mthumb -o "Main/Src/init.o"
arm-none-eabi-gcc "../Main/Src/motor.c" -mcpu=cortex-m4 -std=gnu11 -g3 -DDEBUG -DUSE_FULL_LL_DRIVER -DSTM32F411xE -DHSE_VALUE=8000000 -DHSE_STARTUP_TIMEOUT=100 -DLSE_STARTUP_TIMEOUT=5000 -DLSE_VALUE=32768 -DEXTERNAL_CLOCK_VALUE=12288000 -DHSI_VALUE=16000000 -DLSI_VALUE=32000 -DVDD_VALUE=3300 -DPREFETCH_ENABLE=1 -DINSTRUCTION_CACHE_ENABLE=1 -DDATA_CACHE_ENABLE=1 -c -I../Core/Inc -I../Drivers/STM32F4xx_HAL_Driver/Inc -I../Drivers/CMSIS/Device/ST/STM32F4xx/Include -I../Drivers/CMSIS/Include -I"/Users/j93es/STM32CubeIDE/workspace_1.12.1/Nucleo-Linetracer/Main/Inc" -I"/Users/j93es/STM32CubeIDE/workspace_1.12.1/Nucleo-Linetracer/External Library/Inc" -O0 -ffunction-sections -fdata-sections -Wall -fstack-usage -fcyclomatic-complexity -MMD -MP -MF"Main/Src/motor.d" -MT"Main/Src/motor.o" --specs=nano.specs -mfpu=fpv4-sp-d16 -mfloat-abi=hard -mthumb -o "Main/Src/motor.o"
arm-none-eabi-gcc "../Main/Src/sensor.c" -mcpu=cortex-m4 -std=gnu11 -g3 -DDEBUG -DUSE_FULL_LL_DRIVER -DSTM32F411xE -DHSE_VALUE=8000000 -DHSE_STARTUP_TIMEOUT=100 -DLSE_STARTUP_TIMEOUT=5000 -DLSE_VALUE=32768 -DEXTERNAL_CLOCK_VALUE=12288000 -DHSI_VALUE=16000000 -DLSI_VALUE=32000 -DVDD_VALUE=3300 -DPREFETCH_ENABLE=1 -DINSTRUCTION_CACHE_ENABLE=1 -DDATA_CACHE_ENABLE=1 -c -I../Core/Inc -I../Drivers/STM32F4xx_HAL_Driver/Inc -I../Drivers/CMSIS/Device/ST/STM32F4xx/Include -I../Drivers/CMSIS/Include -I"/Users/j93es/STM32CubeIDE/workspace_1.12.1/Nucleo-Linetracer/Main/Inc" -I"/Users/j93es/STM32CubeIDE/workspace_1.12.1/Nucleo-Linetracer/External Library/Inc" -O0 -ffunction-sections -fdata-sections -Wall -fstack-usage -fcyclomatic-complexity -MMD -MP -MF"Main/Src/sensor.d" -MT"Main/Src/sensor.o" --specs=nano.specs -mfpu=fpv4-sp-d16 -mfloat-abi=hard -mthumb -o "Main/Src/sensor.o"
arm-none-eabi-gcc "../External Library/Src/custom_oled.c" -mcpu=cortex-m4 -std=gnu11 -g3 -DDEBUG -DUSE_FULL_LL_DRIVER -DSTM32F411xE -DHSE_VALUE=8000000 -DHSE_STARTUP_TIMEOUT=100 -DLSE_STARTUP_TIMEOUT=5000 -DLSE_VALUE=32768 -DEXTERNAL_CLOCK_VALUE=12288000 -DHSI_VALUE=16000000 -DLSI_VALUE=32000 -DVDD_VALUE=3300 -DPREFETCH_ENABLE=1 -DINSTRUCTION_CACHE_ENABLE=1 -DDATA_CACHE_ENABLE=1 -c -I../Core/Inc -I../Drivers/STM32F4xx_HAL_Driver/Inc -I../Drivers/CMSIS/Device/ST/STM32F4xx/Include -I../Drivers/CMSIS/Include -I"/Users/j93es/STM32CubeIDE/workspace_1.12.1/Nucleo-Linetracer/Main/Inc" -I"/Users/j93es/STM32CubeIDE/workspace_1.12.1/Nucleo-Linetracer/External Library/Inc" -O0 -ffunction-sections -fdata-sections -Wall -fstack-usage -fcyclomatic-complexity -MMD -MP -MF"External Library/Src/custom_oled.d" -MT"External Library/Src/custom_oled.o" --specs=nano.specs -mfpu=fpv4-sp-d16 -mfloat-abi=hard -mthumb -o "External Library/Src/custom_oled.o"
arm-none-eabi-gcc -o "Nucleo-Linetracer.elf" @"objects.list"   -mcpu=cortex-m4 -T"/Users/j93es/STM32CubeIDE/workspace_1.12.1/Nucleo-Linetracer/STM32F411RETX_FLASH.ld" --specs=nosys.specs -Wl,-Map="Nucleo-Linetracer.map" -Wl,--gc-sections -static -L"/Users/j93es/STM32CubeIDE/workspace_1.12.1/Nucleo-Linetracer/Main/Inc" -u _printf_float --specs=nano.specs -mfpu=fpv4-sp-d16 -mfloat-abi=hard -mthumb -Wl,--start-group -lc -lm -Wl,--end-group
Finished building target: Nucleo-Linetracer.elf
 
arm-none-eabi-size   Nucleo-Linetracer.elf 
arm-none-eabi-objdump -h -S  Nucleo-Linetracer.elf  > "Nucleo-Linetracer.list"
   text	   data	    bss	    dec	    hex	filename
  34384	    552	   6120	  41056	   a060	Nucleo-Linetracer.elf
Finished building: default.size.stdout
 
Finished building: Nucleo-Linetracer.list
 

13:31:47 Build Finished. 0 errors, 0 warnings. (took 889ms)

