15:00:23 **** Build of configuration Debug for project nucleo-linetracer-template ****
make -j9 all 
arm-none-eabi-gcc "../Main/Src/sensor.c" -mcpu=cortex-m4 -std=gnu11 -g3 -DDEBUG -DUSE_FULL_LL_DRIVER -DSTM32F411xE -DHSE_VALUE=8000000 -DHSE_STARTUP_TIMEOUT=100 -DLSE_STARTUP_TIMEOUT=5000 -DLSE_VALUE=32768 -DEXTERNAL_CLOCK_VALUE=12288000 -DHSI_VALUE=16000000 -DLSI_VALUE=32000 -DVDD_VALUE=3300 -DPREFETCH_ENABLE=1 -DINSTRUCTION_CACHE_ENABLE=1 -DDATA_CACHE_ENABLE=1 -c -I../Core/Inc -I../Drivers/STM32F4xx_HAL_Driver/Inc -I../Drivers/CMSIS/Device/ST/STM32F4xx/Include -I../Drivers/CMSIS/Include -I"/Users/j93es/STM32CubeIDE/workspace_1.12.1/nucleo-linetracer-template/Main/Inc" -I"/Users/j93es/STM32CubeIDE/workspace_1.12.1/nucleo-linetracer-template/External Library/Inc" -O0 -ffunction-sections -fdata-sections -Wall -fstack-usage -fcyclomatic-complexity -MMD -MP -MF"Main/Src/sensor.d" -MT"Main/Src/sensor.o" --specs=nano.specs -mfpu=fpv4-sp-d16 -mfloat-abi=hard -mthumb -o "Main/Src/sensor.o"
arm-none-eabi-gcc -o "nucleo-linetracer-template.elf" @"objects.list"   -mcpu=cortex-m4 -T"/Users/j93es/STM32CubeIDE/workspace_1.12.1/nucleo-linetracer-template/STM32F411RETX_FLASH.ld" --specs=nosys.specs -Wl,-Map="nucleo-linetracer-template.map" -Wl,--gc-sections -static -L"/Users/j93es/STM32CubeIDE/workspace_1.12.1/nucleo-linetracer-template" -u _printf_float --specs=nano.specs -mfpu=fpv4-sp-d16 -mfloat-abi=hard -mthumb -Wl,--start-group -lc -lm -Wl,--end-group
Finished building target: nucleo-linetracer-template.elf
 
arm-none-eabi-size   nucleo-linetracer-template.elf 
arm-none-eabi-objdump -h -S  nucleo-linetracer-template.elf  > "nucleo-linetracer-template.list"
   text	   data	    bss	    dec	    hex	filename
  30976	    476	   5820	  37272	   9198	nucleo-linetracer-template.elf
Finished building: default.size.stdout
 
Finished building: nucleo-linetracer-template.list
 

15:00:24 Build Finished. 0 errors, 0 warnings. (took 770ms)

