../Drivers/STM32F4xx_HAL_Driver/Inc/stm32f4xx_ll_tim.h:1124:22:LL_TIM_EnableCounter	16	static
../Drivers/STM32F4xx_HAL_Driver/Inc/stm32f4xx_ll_tim.h:1135:22:LL_TIM_DisableCounter	16	static
../Drivers/STM32F4xx_HAL_Driver/Inc/stm32f4xx_ll_tim.h:1446:22:LL_TIM_SetAutoReload	16	static
../Drivers/STM32F4xx_HAL_Driver/Inc/stm32f4xx_ll_tim.h:3457:22:LL_TIM_EnableIT_UPDATE	16	static
../Drivers/STM32F4xx_HAL_Driver/Inc/stm32f4xx_ll_tim.h:3468:22:LL_TIM_DisableIT_UPDATE	16	static
/Users/j93es/STM32CubeIDE/workspace_1.12.1/Nucleo-Linetracer/Main/Inc/motor.h:42:23:Motor_L_Speed_Control	16	static
/Users/j93es/STM32CubeIDE/workspace_1.12.1/Nucleo-Linetracer/Main/Inc/motor.h:46:23:Motor_R_Speed_Control	16	static
/Users/j93es/STM32CubeIDE/workspace_1.12.1/Nucleo-Linetracer/Main/Inc/drive.h:33:22:Drive_Position	8	static
../Main/Src/drive.c:23:6:Drive_TIM9_IRQ	4	static
../Main/Src/drive.c:45:6:Drive_Test_Position	16	static
../Main/Src/drive.c:61:6:Drive_Menu	96	static
../Main/Src/drive.c:94:6:Drive_First	8	static
