../Drivers/STM32F4xx_HAL_Driver/Inc/stm32f4xx_ll_tim.h:1124:22:LL_TIM_EnableCounter	16	static
../Drivers/STM32F4xx_HAL_Driver/Inc/stm32f4xx_ll_tim.h:1135:22:LL_TIM_DisableCounter	16	static
../Drivers/STM32F4xx_HAL_Driver/Inc/stm32f4xx_ll_tim.h:1446:22:LL_TIM_SetAutoReload	16	static
../Drivers/STM32F4xx_HAL_Driver/Inc/stm32f4xx_ll_tim.h:3457:22:LL_TIM_EnableIT_UPDATE	16	static
../Drivers/STM32F4xx_HAL_Driver/Inc/stm32f4xx_ll_tim.h:3468:22:LL_TIM_DisableIT_UPDATE	16	static
/Users/j93es/STM32CubeIDE/workspace_1.13.0/Nucleo-Linetracer/Main/Inc/motor.h:31:23:Motor_L_Speed_Control	16	static
/Users/j93es/STM32CubeIDE/workspace_1.13.0/Nucleo-Linetracer/Main/Inc/motor.h:36:23:Motor_R_Speed_Control	16	static
../Main/Src/drive_tools.c:32:6:Accele_Control_Start	8	static
../Main/Src/drive_tools.c:37:6:Accele_Control_Stop	8	static
../Main/Src/drive_tools.c:48:6:Drive_TIM9_IRQ	8	static
../Main/Src/drive_tools.c:108:6:Drive_Setting	136	static
../Main/Src/drive_tools.c:160:6:Drive_Fit_In	16	static
