../Drivers/STM32F4xx_HAL_Driver/Inc/stm32f4xx_ll_tim.h:1124:22:LL_TIM_EnableCounter	16	static
../Drivers/STM32F4xx_HAL_Driver/Inc/stm32f4xx_ll_tim.h:1135:22:LL_TIM_DisableCounter	16	static
../Drivers/STM32F4xx_HAL_Driver/Inc/stm32f4xx_ll_tim.h:3457:22:LL_TIM_EnableIT_UPDATE	16	static
../Drivers/STM32F4xx_HAL_Driver/Inc/stm32f4xx_ll_tim.h:3468:22:LL_TIM_DisableIT_UPDATE	16	static
../Main/Src/drive_tools.c:29:6:Accele_Control_Start	8	static
../Main/Src/drive_tools.c:34:6:Accele_Control_Stop	8	static
../Main/Src/drive_tools.c:44:6:Drive_TIM9_IRQ	4	static
../Main/Src/drive_tools.c:112:6:Drive_Setting	112	static
