/Users/j93es/STM32CubeIDE/workspace_1.13.0/Nucleo-Linetracer/Main/Inc/drive_tools.h:50:22:Drive_Fit_In	16	static
/Users/j93es/STM32CubeIDE/workspace_1.13.0/Nucleo-Linetracer/Main/Inc/state_machine.h:18:25:Get_Line_Sensor_Cnt	4	static
/Users/j93es/STM32CubeIDE/workspace_1.13.0/Nucleo-Linetracer/Main/Inc/state_machine.h:25:25:Get_Marker_Sensor_Cnt	4	static
/Users/j93es/STM32CubeIDE/workspace_1.13.0/Nucleo-Linetracer/Main/Inc/state_machine.h:36:22:First_Drive_Decision	16	static
/Users/j93es/STM32CubeIDE/workspace_1.13.0/Nucleo-Linetracer/Main/Inc/state_machine.h:70:22:First_Drive_State_Machine	8	static
/Users/j93es/STM32CubeIDE/workspace_1.13.0/Nucleo-Linetracer/External Library/Inc/custom_delay.h:20:22:Custom_Delay_us	16	static
/Users/j93es/STM32CubeIDE/workspace_1.13.0/Nucleo-Linetracer/External Library/Inc/custom_delay.h:28:22:Custom_Delay_ms	16	static
../Main/Src/drive_first.c:10:6:Drive_First	8	static
