/Users/j93es/STM32CubeIDE/workspace_1.13.0/Nucleo-Linetracer/Main/Inc/drive_speed_ctrl.h:73:22:Drive_Fit_In	16	static
/Users/j93es/STM32CubeIDE/workspace_1.13.0/Nucleo-Linetracer/Main/Inc/drive_state_machine.h:18:25:Get_Line_Sensor_Cnt	4	static
/Users/j93es/STM32CubeIDE/workspace_1.13.0/Nucleo-Linetracer/Main/Inc/drive_state_machine.h:25:25:Get_Marker_Sensor_Cnt	4	static
/Users/j93es/STM32CubeIDE/workspace_1.13.0/Nucleo-Linetracer/Main/Inc/drive_state_machine.h:34:22:Decision	16	static
/Users/j93es/STM32CubeIDE/workspace_1.13.0/Nucleo-Linetracer/Main/Inc/drive_state_machine.h:94:22:Drive_State_Machine	8	static
/Users/j93es/STM32CubeIDE/workspace_1.13.0/Nucleo-Linetracer/External Library/Inc/custom_delay.h:20:22:Custom_Delay_us	16	static
/Users/j93es/STM32CubeIDE/workspace_1.13.0/Nucleo-Linetracer/External Library/Inc/custom_delay.h:28:22:Custom_Delay_ms	16	static
../Main/Src/first_drive.c:17:6:First_Drive	16	static
../Main/Src/first_drive.c:64:22:First_Drive_Ctrl	8	static
../Main/Src/first_drive.c:113:22:Set_First_Drive_Data	4	static
../Main/Src/first_drive.c:137:13:First_Drive_Data	32	static
