../Drivers/STM32F4xx_HAL_Driver/Inc/stm32f4xx_ll_tim.h:1124:22:LL_TIM_EnableCounter	16	static
../Drivers/STM32F4xx_HAL_Driver/Inc/stm32f4xx_ll_tim.h:1135:22:LL_TIM_DisableCounter	16	static
../Drivers/STM32F4xx_HAL_Driver/Inc/stm32f4xx_ll_tim.h:1446:22:LL_TIM_SetAutoReload	16	static
../Drivers/STM32F4xx_HAL_Driver/Inc/stm32f4xx_ll_tim.h:3457:22:LL_TIM_EnableIT_UPDATE	16	static
../Drivers/STM32F4xx_HAL_Driver/Inc/stm32f4xx_ll_tim.h:3468:22:LL_TIM_DisableIT_UPDATE	16	static
/Users/j93es/STM32CubeIDE/workspace_1.12.1/Nucleo-Linetracer/Main/Inc/motor.h:42:23:Motor_L_Speed_Control	16	static
/Users/j93es/STM32CubeIDE/workspace_1.12.1/Nucleo-Linetracer/Main/Inc/motor.h:46:23:Motor_R_Speed_Control	16	static
/Users/j93es/STM32CubeIDE/workspace_1.12.1/Nucleo-Linetracer/External Library/Inc/custom_delay.h:20:22:Custom_Delay_us	16	static
/Users/j93es/STM32CubeIDE/workspace_1.12.1/Nucleo-Linetracer/External Library/Inc/custom_delay.h:28:22:Custom_Delay_ms	16	static
/Users/j93es/STM32CubeIDE/workspace_1.12.1/Nucleo-Linetracer/External Library/Inc/custom_gpio.h:54:20:Custom_GPIO_Set_t	16	static
../Main/Src/motor.c:44:6:Motor_Power_Off	8	static
../Main/Src/motor.c:58:6:Motor_Start	8	static
../Main/Src/motor.c:68:6:Motor_Stop	8	static
../Main/Src/motor.c:80:6:Motor_L_TIM3_IRQ	8	static
../Main/Src/motor.c:94:6:Motor_R_TIM4_IRQ	8	static
../Main/Src/motor.c:108:6:Motor_Test_Phase	16	static
../Main/Src/motor.c:154:6:Motor_Test_Velocity	16	static
