/Users/j93es/workspace/imbedded/step-linetracer/Nucleo-Linetracer/External Library/Inc/custom_delay.h:20:22:Custom_Delay_us	16	static
/Users/j93es/workspace/imbedded/step-linetracer/Nucleo-Linetracer/External Library/Inc/custom_delay.h:28:22:Custom_Delay_ms	16	static
/Users/j93es/workspace/imbedded/step-linetracer/Nucleo-Linetracer/Main/Inc/drive_speed_ctrl.h:168:22:Drive_Fit_In	16	static
/Users/j93es/workspace/imbedded/step-linetracer/Nucleo-Linetracer/Main/Inc/drive_speed_ctrl.h:178:25:Is_Drive_End	16	static
/Users/j93es/workspace/imbedded/step-linetracer/Nucleo-Linetracer/Main/Inc/drive_state_machine.h:17:25:Get_Line_Sensor_Cnt	4	static
/Users/j93es/workspace/imbedded/step-linetracer/Nucleo-Linetracer/Main/Inc/drive_state_machine.h:24:25:Get_Marker_Sensor_Cnt	4	static
/Users/j93es/workspace/imbedded/step-linetracer/Nucleo-Linetracer/Main/Inc/drive_state_machine.h:33:22:Decision	16	static
/Users/j93es/workspace/imbedded/step-linetracer/Nucleo-Linetracer/Main/Inc/drive_state_machine.h:86:22:Drive_State_Machine	8	static
../Main/Src/second_drive.c:19:6:Second_Drive	24	static
../Main/Src/second_drive.c:77:22:Second_Drive_Ctrl	8	static
../Main/Src/second_drive.c:120:22:Set_Second_Drive_Data	4	static
../Main/Src/second_drive.c:197:22:Second_Drive_Straight_Boost_Cntl	16	static
../Main/Src/second_drive.c:314:22:Second_Drive_Curve_Inline_Cntl	4	static
